{
    "Legsta - GCF_000048645|legionella_pneumophila|compressed_fasta": {
        "content": [
            0,
            [
                "bactopia-runs",
                "bactopia-runs/legsta",
                "bactopia-runs/legsta/nf-reports",
                "bactopia-runs/legsta/nf-reports/legsta-dag.dot",
                "bactopia-runs/legsta/nf-reports/legsta-report.html",
                "bactopia-runs/legsta/nf-reports/legsta-timeline.html"
            ],
            [
                
            ]
        ],
        "timestamp": "2026-03-11T05:55:36.349036838",
        "meta": {
            "nf-test": "0.9.4",
            "nextflow": "26.01.0"
        }
    }
}