{
    "iqtree - subworkflow - portiera": {
        "content": [
            {
                "id": "portiera-IQTREE:IQTREE_MODULE",
                "logs_dir": "iqtree/logs/",
                "name": "portiera",
                "output_dir": "",
                "process_name": "iqtree",
                "scope": "run"
            },
            [
                "versions.yml:md5,60770a1bf4400e66216eff87ac93e95c"
            ]
        ],
        "timestamp": "2026-03-28T06:52:01.266968612",
        "meta": {
            "nf-test": "0.9.5",
            "nextflow": "26.01.0"
        }
    }
}