{
    "emmtyper - module - GCF_006364235 - compressed": {
        "content": [
            {
                "id": "GCF_006364235-EMMTYPER",
                "logs_dir": "GCF_006364235/tools/emmtyper//logs/",
                "name": "GCF_006364235",
                "output_dir": "GCF_006364235/tools/emmtyper/",
                "process_name": "emmtyper",
                "scope": "sample"
            },
            "GCF_006364235.tsv:md5,48e7aa60590f702d57f33d3453acf995",
            [
                "versions.yml:md5,8028be40b22a6bec2ce48bbc811c663a"
            ]
        ],
        "timestamp": "2026-04-14T10:06:06.149616547",
        "meta": {
            "nf-test": "0.9.5",
            "nextflow": "26.03.1"
        }
    },
    "emmtyper - module - GCF_006364235 - with db": {
        "content": [
            {
                "id": "GCF_006364235-EMMTYPER",
                "logs_dir": "GCF_006364235/tools/emmtyper//logs/",
                "name": "GCF_006364235",
                "output_dir": "GCF_006364235/tools/emmtyper/",
                "process_name": "emmtyper",
                "scope": "sample"
            },
            "GCF_006364235.tsv:md5,48e7aa60590f702d57f33d3453acf995",
            [
                "versions.yml:md5,8028be40b22a6bec2ce48bbc811c663a"
            ]
        ],
        "timestamp": "2026-04-14T10:06:19.523372561",
        "meta": {
            "nf-test": "0.9.5",
            "nextflow": "26.03.1"
        }
    },
    "emmtyper - module - GCF_006364235 - uncompressed": {
        "content": [
            {
                "id": "GCF_006364235-EMMTYPER",
                "logs_dir": "GCF_006364235/tools/emmtyper//logs/",
                "name": "GCF_006364235",
                "output_dir": "GCF_006364235/tools/emmtyper/",
                "process_name": "emmtyper",
                "scope": "sample"
            },
            "GCF_006364235.tsv:md5,48e7aa60590f702d57f33d3453acf995",
            [
                "versions.yml:md5,8028be40b22a6bec2ce48bbc811c663a"
            ]
        ],
        "timestamp": "2026-04-14T09:58:57.44836991",
        "meta": {
            "nf-test": "0.9.5",
            "nextflow": "26.03.1"
        }
    }
}