{
    "ISMapper - SRR2838702|portiera|compressed_fastq": {
        "content": [
            0,
            [
                "bactopia-runs",
                "bactopia-runs/ismapper",
                "bactopia-runs/ismapper/nf-reports",
                "bactopia-runs/ismapper/nf-reports/ismapper-dag.dot",
                "bactopia-runs/ismapper/nf-reports/ismapper-report.html",
                "bactopia-runs/ismapper/nf-reports/ismapper-timeline.html"
            ],
            [
                
            ]
        ],
        "timestamp": "2026-03-11T05:55:31.770817855",
        "meta": {
            "nf-test": "0.9.4",
            "nextflow": "26.01.0"
        }
    }
}