{
    "meningotype - GCF_003355215|neisseria_meningitidis|compressed_fasta": {
        "content": [
            0,
            [
                "bactopia-runs",
                "bactopia-runs/meningotype",
                "bactopia-runs/meningotype/nf-reports",
                "bactopia-runs/meningotype/nf-reports/meningotype-dag.dot",
                "bactopia-runs/meningotype/nf-reports/meningotype-report.html",
                "bactopia-runs/meningotype/nf-reports/meningotype-timeline.html"
            ],
            [
                
            ]
        ],
        "timestamp": "2026-03-11T05:55:23.581183533",
        "meta": {
            "nf-test": "0.9.4",
            "nextflow": "26.01.0"
        }
    }
}