{
    "ngmaster - module - GCF_001047255 - uncompressed": {
        "content": [
            {
                "id": "GCF_001047255-NGMASTER",
                "logs_dir": "GCF_001047255/tools/ngmaster//logs/",
                "name": "GCF_001047255",
                "output_dir": "GCF_001047255/tools/ngmaster/",
                "process_name": "ngmaster",
                "scope": "sample"
            },
            "GCF_001047255.tsv:md5,2be2b3dd6c45726d2a9d7f2540b34219",
            [
                "versions.yml:md5,141b09741c21ba1bdf441bfba28bbfa9"
            ]
        ],
        "timestamp": "2026-04-14T10:06:35.422475303",
        "meta": {
            "nf-test": "0.9.5",
            "nextflow": "26.03.1"
        }
    },
    "ngmaster - module - GCF_001047255 - compressed": {
        "content": [
            {
                "id": "GCF_001047255-NGMASTER",
                "logs_dir": "GCF_001047255/tools/ngmaster//logs/",
                "name": "GCF_001047255",
                "output_dir": "GCF_001047255/tools/ngmaster/",
                "process_name": "ngmaster",
                "scope": "sample"
            },
            "GCF_001047255.tsv:md5,2be2b3dd6c45726d2a9d7f2540b34219",
            [
                "versions.yml:md5,141b09741c21ba1bdf441bfba28bbfa9"
            ]
        ],
        "timestamp": "2026-04-14T10:07:05.011718904",
        "meta": {
            "nf-test": "0.9.5",
            "nextflow": "26.03.1"
        }
    }
}