{
    "Mashtree - multiple|haemophilus_influenzae|compressed_fasta": {
        "content": [
            0,
            [
                "bactopia-runs",
                "bactopia-runs/mashtree",
                "bactopia-runs/mashtree/nf-reports",
                "bactopia-runs/mashtree/nf-reports/mashtree-dag.dot",
                "bactopia-runs/mashtree/nf-reports/mashtree-report.html",
                "bactopia-runs/mashtree/nf-reports/mashtree-timeline.html"
            ],
            [
                
            ]
        ],
        "timestamp": "2026-03-28T06:51:27.064933396",
        "meta": {
            "nf-test": "0.9.5",
            "nextflow": "26.01.0"
        }
    }
}