{
    "GTDB - SRR2838702|portiera|compressed_fasta": {
        "content": [
            2,
            [
                "SRR2838702",
                "SRR2838702/tools",
                "SRR2838702/tools/gtdb",
                "SRR2838702/tools/gtdb/SRR2838702.bac120.summary.tsv",
                "SRR2838702/tools/gtdb/logs",
                "SRR2838702/tools/gtdb/logs/gtdbtk.log",
                "SRR2838702/tools/gtdb/logs/gtdbtk.warnings.log",
                "SRR2838702/tools/gtdb/logs/nf.command.begin",
                "SRR2838702/tools/gtdb/logs/nf.command.err",
                "SRR2838702/tools/gtdb/logs/nf.command.log",
                "SRR2838702/tools/gtdb/logs/nf.command.out",
                "SRR2838702/tools/gtdb/logs/nf.command.run",
                "SRR2838702/tools/gtdb/logs/nf.command.sh",
                "SRR2838702/tools/gtdb/logs/nf.command.trace",
                "SRR2838702/tools/gtdb/logs/versions.yml",
                "SRR2838702/tools/gtdb/supplemental",
                "SRR2838702/tools/gtdb/supplemental/align",
                "SRR2838702/tools/gtdb/supplemental/align/SRR2838702.bac120.filtered.tsv",
                "SRR2838702/tools/gtdb/supplemental/align/SRR2838702.bac120.user_msa.fasta.gz",
                "SRR2838702/tools/gtdb/supplemental/classify",
                "SRR2838702/tools/gtdb/supplemental/classify/SRR2838702.bac120.classify.tree.1.tree",
                "SRR2838702/tools/gtdb/supplemental/classify/SRR2838702.bac120.tree.mapping.tsv",
                "SRR2838702/tools/gtdb/supplemental/classify/SRR2838702.backbone.bac120.classify.tree",
                "SRR2838702/tools/gtdb/supplemental/gtdbtk.json",
                "SRR2838702/tools/gtdb/supplemental/identify",
                "SRR2838702/tools/gtdb/supplemental/identify/SRR2838702.ar53.markers_summary.tsv",
                "SRR2838702/tools/gtdb/supplemental/identify/SRR2838702.bac120.markers_summary.tsv",
                "SRR2838702/tools/gtdb/supplemental/identify/SRR2838702.failed_genomes.tsv",
                "SRR2838702/tools/gtdb/supplemental/identify/SRR2838702.translation_table_summary.tsv",
                "bactopia-runs",
                "bactopia-runs/gtdb",
                "bactopia-runs/gtdb/merged-results",
                "bactopia-runs/gtdb/merged-results/gtdb.tsv",
                "bactopia-runs/gtdb/merged-results/logs",
                "bactopia-runs/gtdb/merged-results/logs/gtdb-concat",
                "bactopia-runs/gtdb/merged-results/logs/gtdb-concat/nf.command.begin",
                "bactopia-runs/gtdb/merged-results/logs/gtdb-concat/nf.command.err",
                "bactopia-runs/gtdb/merged-results/logs/gtdb-concat/nf.command.log",
                "bactopia-runs/gtdb/merged-results/logs/gtdb-concat/nf.command.out",
                "bactopia-runs/gtdb/merged-results/logs/gtdb-concat/nf.command.run",
                "bactopia-runs/gtdb/merged-results/logs/gtdb-concat/nf.command.sh",
                "bactopia-runs/gtdb/merged-results/logs/gtdb-concat/nf.command.trace",
                "bactopia-runs/gtdb/merged-results/logs/gtdb-concat/versions.yml",
                "bactopia-runs/gtdb/nf-reports",
                "bactopia-runs/gtdb/nf-reports/gtdb-dag.dot",
                "bactopia-runs/gtdb/nf-reports/gtdb-report.html",
                "bactopia-runs/gtdb/nf-reports/gtdb-timeline.html"
            ],
            [
                "SRR2838702.bac120.summary.tsv:md5,1e145e5f5a582a6ca171e331ffc9eb86",
                "versions.yml:md5,4f1c055ef7f9b250910b0eee99d532ff",
                "SRR2838702.bac120.filtered.tsv:md5,d41d8cd98f00b204e9800998ecf8427e",
                "SRR2838702.bac120.classify.tree.1.tree:md5,6f5173c0308cd5a3842a1959f0625184",
                "SRR2838702.bac120.tree.mapping.tsv:md5,174bd255f66f1b88cc9297b0d941f9dd",
                "SRR2838702.backbone.bac120.classify.tree:md5,2f9d148ea307df415bbbf114aebf7a94",
                "SRR2838702.ar53.markers_summary.tsv:md5,dc39417cd9ced3ce423f5ee4e2f17993",
                "SRR2838702.bac120.markers_summary.tsv:md5,46b7538342e1a94569d7480a090ff87d",
                "SRR2838702.failed_genomes.tsv:md5,d41d8cd98f00b204e9800998ecf8427e",
                "SRR2838702.translation_table_summary.tsv:md5,5a06210d9cc537df266aeb5cd30a5934",
                "gtdb.tsv:md5,1e145e5f5a582a6ca171e331ffc9eb86",
                "versions.yml:md5,ec94f157437c25058fdce9d4346342a2"
            ]
        ],
        "timestamp": "2026-04-14T10:25:58.74440886",
        "meta": {
            "nf-test": "0.9.5",
            "nextflow": "26.03.1"
        }
    }
}