{
    "quast - module - SRR2838702 - no reference": {
        "content": [
            {
                "id": "SRR2838702-QUAST",
                "logs_dir": "SRR2838702/tools/quast//logs/",
                "name": "SRR2838702",
                "output_dir": "SRR2838702/tools/quast/",
                "process_name": "quast",
                "scope": "sample"
            },
            "SRR2838702.tsv:md5,79fa78c69537697be5eee30f630833d7",
            [
                "versions.yml:md5,951ec08af8a1a4466340060a5c95b6c5"
            ]
        ],
        "timestamp": "2026-03-29T04:21:44.788761875",
        "meta": {
            "nf-test": "0.9.5",
            "nextflow": "26.01.0"
        }
    },
    "quast - module - SRR2838702 - compressed": {
        "content": [
            {
                "id": "SRR2838702-QUAST",
                "logs_dir": "SRR2838702/tools/quast//logs/",
                "name": "SRR2838702",
                "output_dir": "SRR2838702/tools/quast/",
                "process_name": "quast",
                "scope": "sample"
            },
            "SRR2838702.tsv:md5,a02f798379d9982810a198ec9b389079",
            [
                "versions.yml:md5,951ec08af8a1a4466340060a5c95b6c5"
            ]
        ],
        "timestamp": "2026-03-29T04:21:35.644330465",
        "meta": {
            "nf-test": "0.9.5",
            "nextflow": "26.01.0"
        }
    },
    "quast - module - SRR2838702 - uncompressed": {
        "content": [
            {
                "id": "SRR2838702-QUAST",
                "logs_dir": "SRR2838702/tools/quast//logs/",
                "name": "SRR2838702",
                "output_dir": "SRR2838702/tools/quast/",
                "process_name": "quast",
                "scope": "sample"
            },
            "SRR2838702.tsv:md5,2e31a6f1283ca3a7aa253ab81266b85f",
            [
                "versions.yml:md5,951ec08af8a1a4466340060a5c95b6c5"
            ]
        ],
        "timestamp": "2026-03-29T04:21:25.312351899",
        "meta": {
            "nf-test": "0.9.5",
            "nextflow": "26.01.0"
        }
    }
}