{
    "ShigaPass - GCF_016726285|shigella_boydii|compressed_fasta": {
        "content": [
            0,
            [
                "bactopia-runs",
                "bactopia-runs/shigapass",
                "bactopia-runs/shigapass/nf-reports",
                "bactopia-runs/shigapass/nf-reports/shigapass-dag.dot",
                "bactopia-runs/shigapass/nf-reports/shigapass-report.html",
                "bactopia-runs/shigapass/nf-reports/shigapass-timeline.html"
            ],
            [
                
            ]
        ],
        "timestamp": "2026-03-11T05:55:32.594899362",
        "meta": {
            "nf-test": "0.9.4",
            "nextflow": "26.01.0"
        }
    }
}