{
    "LisSero - GCF_002285835|listeria_monocytogenes|compressed_fasta": {
        "content": [
            2,
            [
                "GCF_002285835",
                "GCF_002285835/tools",
                "GCF_002285835/tools/lissero",
                "GCF_002285835/tools/lissero/GCF_002285835.tsv",
                "GCF_002285835/tools/lissero/logs",
                "GCF_002285835/tools/lissero/logs/nf.command.begin",
                "GCF_002285835/tools/lissero/logs/nf.command.err",
                "GCF_002285835/tools/lissero/logs/nf.command.log",
                "GCF_002285835/tools/lissero/logs/nf.command.out",
                "GCF_002285835/tools/lissero/logs/nf.command.run",
                "GCF_002285835/tools/lissero/logs/nf.command.sh",
                "GCF_002285835/tools/lissero/logs/nf.command.trace",
                "GCF_002285835/tools/lissero/logs/versions.yml",
                "bactopia-runs",
                "bactopia-runs/lissero",
                "bactopia-runs/lissero/merged-results",
                "bactopia-runs/lissero/merged-results/lissero.tsv",
                "bactopia-runs/lissero/merged-results/logs",
                "bactopia-runs/lissero/merged-results/logs/lissero-concat",
                "bactopia-runs/lissero/merged-results/logs/lissero-concat/nf.command.begin",
                "bactopia-runs/lissero/merged-results/logs/lissero-concat/nf.command.err",
                "bactopia-runs/lissero/merged-results/logs/lissero-concat/nf.command.log",
                "bactopia-runs/lissero/merged-results/logs/lissero-concat/nf.command.out",
                "bactopia-runs/lissero/merged-results/logs/lissero-concat/nf.command.run",
                "bactopia-runs/lissero/merged-results/logs/lissero-concat/nf.command.sh",
                "bactopia-runs/lissero/merged-results/logs/lissero-concat/nf.command.trace",
                "bactopia-runs/lissero/merged-results/logs/lissero-concat/versions.yml",
                "bactopia-runs/lissero/nf-reports",
                "bactopia-runs/lissero/nf-reports/lissero-dag.dot",
                "bactopia-runs/lissero/nf-reports/lissero-report.html",
                "bactopia-runs/lissero/nf-reports/lissero-timeline.html"
            ],
            [
                "GCF_002285835.tsv:md5,f3fedfb8fe6789eaa389129d25c88d5f",
                "versions.yml:md5,a8ca8a83aee0858a2980254974ad4016",
                "lissero.tsv:md5,f3fedfb8fe6789eaa389129d25c88d5f",
                "versions.yml:md5,f3f10093536274480dfa04035ebfbca2"
            ]
        ],
        "timestamp": "2026-04-14T10:13:54.808613386",
        "meta": {
            "nf-test": "0.9.5",
            "nextflow": "26.03.1"
        }
    }
}