{
    "sccmec - GCF_000017085|staphylococcus_aureus|uncompressed_fasta": {
        "content": [
            0,
            [
                "bactopia-runs",
                "bactopia-runs/sccmec",
                "bactopia-runs/sccmec/nf-reports",
                "bactopia-runs/sccmec/nf-reports/sccmec-dag.dot",
                "bactopia-runs/sccmec/nf-reports/sccmec-report.html",
                "bactopia-runs/sccmec/nf-reports/sccmec-timeline.html"
            ],
            [
                
            ]
        ],
        "timestamp": "2026-03-11T05:55:43.16003891",
        "meta": {
            "nf-test": "0.9.4",
            "nextflow": "26.01.0"
        }
    },
    "sccmec - GCF_000017085|staphylococcus_aureus|compressed_fasta": {
        "content": [
            0,
            [
                "bactopia-runs",
                "bactopia-runs/sccmec",
                "bactopia-runs/sccmec/nf-reports",
                "bactopia-runs/sccmec/nf-reports/sccmec-dag.dot",
                "bactopia-runs/sccmec/nf-reports/sccmec-report.html",
                "bactopia-runs/sccmec/nf-reports/sccmec-timeline.html"
            ],
            [
                
            ]
        ],
        "timestamp": "2026-03-11T05:55:32.29315064",
        "meta": {
            "nf-test": "0.9.4",
            "nextflow": "26.01.0"
        }
    }
}