{
    "tblastx (single-gene.ffn.gz) - SRR2838702|portiera|blastdb": {
        "content": [
            0,
            [
                "bactopia-runs",
                "bactopia-runs/tblastx",
                "bactopia-runs/tblastx/nf-reports",
                "bactopia-runs/tblastx/nf-reports/tblastx-dag.dot",
                "bactopia-runs/tblastx/nf-reports/tblastx-report.html",
                "bactopia-runs/tblastx/nf-reports/tblastx-timeline.html"
            ],
            [
                
            ]
        ],
        "timestamp": "2026-03-11T05:55:27.272722808",
        "meta": {
            "nf-test": "0.9.4",
            "nextflow": "26.01.0"
        }
    },
    "tblastx (single-gene.ffn) - SRR2838702|portiera|blastdb": {
        "content": [
            0,
            [
                "bactopia-runs",
                "bactopia-runs/tblastx",
                "bactopia-runs/tblastx/nf-reports",
                "bactopia-runs/tblastx/nf-reports/tblastx-dag.dot",
                "bactopia-runs/tblastx/nf-reports/tblastx-report.html",
                "bactopia-runs/tblastx/nf-reports/tblastx-timeline.html"
            ],
            [
                
            ]
        ],
        "timestamp": "2026-03-11T05:55:49.898699235",
        "meta": {
            "nf-test": "0.9.4",
            "nextflow": "26.01.0"
        }
    },
    "tblastx (single-gene.ffn.gz|--tblastx_use_genes) - SRR2838702|portiera|blastdb": {
        "content": [
            0,
            [
                "bactopia-runs",
                "bactopia-runs/tblastx",
                "bactopia-runs/tblastx/nf-reports",
                "bactopia-runs/tblastx/nf-reports/tblastx-dag.dot",
                "bactopia-runs/tblastx/nf-reports/tblastx-report.html",
                "bactopia-runs/tblastx/nf-reports/tblastx-timeline.html"
            ],
            [
                
            ]
        ],
        "timestamp": "2026-03-11T05:55:42.947251196",
        "meta": {
            "nf-test": "0.9.4",
            "nextflow": "26.01.0"
        }
    }
}