{
    "eggnog - module - SRR2838702 - tarball": {
        "content": [
            {
                "id": "SRR2838702-EGGNOG_MAPPER",
                "logs_dir": "SRR2838702/tools/eggnog//logs/",
                "name": "SRR2838702",
                "output_dir": "SRR2838702/tools/eggnog/",
                "process_name": "eggnog",
                "scope": "sample"
            },
            [
                "versions.yml:md5,2784870d86d92b80930b2cc28c81757d"
            ]
        ],
        "timestamp": "2026-03-28T07:06:55.412707007",
        "meta": {
            "nf-test": "0.9.5",
            "nextflow": "26.01.0"
        }
    },
    "eggnog - module - SRR2838702 - path": {
        "content": [
            {
                "id": "SRR2838702-EGGNOG_MAPPER",
                "logs_dir": "SRR2838702/tools/eggnog//logs/",
                "name": "SRR2838702",
                "output_dir": "SRR2838702/tools/eggnog/",
                "process_name": "eggnog",
                "scope": "sample"
            },
            [
                "versions.yml:md5,2784870d86d92b80930b2cc28c81757d"
            ]
        ],
        "timestamp": "2026-03-28T07:10:58.081796547",
        "meta": {
            "nf-test": "0.9.5",
            "nextflow": "26.01.0"
        }
    }
}