{
    "Bactopia (short polish) - ERR3772599|portiera|compressed_fastq": {
        "content": [
            11,
            [
                "ERR3772599",
                "ERR3772599/main",
                "ERR3772599/main/annotator",
                "ERR3772599/main/annotator/prokka",
                "ERR3772599/main/annotator/prokka/ERR3772599-blastdb.tar.gz",
                "ERR3772599/main/annotator/prokka/ERR3772599.faa.gz",
                "ERR3772599/main/annotator/prokka/ERR3772599.ffn.gz",
                "ERR3772599/main/annotator/prokka/ERR3772599.fna.gz",
                "ERR3772599/main/annotator/prokka/ERR3772599.fsa.gz",
                "ERR3772599/main/annotator/prokka/ERR3772599.gbk.gz",
                "ERR3772599/main/annotator/prokka/ERR3772599.gff.gz",
                "ERR3772599/main/annotator/prokka/ERR3772599.sqn.gz",
                "ERR3772599/main/annotator/prokka/ERR3772599.tbl.gz",
                "ERR3772599/main/annotator/prokka/ERR3772599.tsv",
                "ERR3772599/main/annotator/prokka/ERR3772599.txt",
                "ERR3772599/main/annotator/prokka/logs",
                "ERR3772599/main/annotator/prokka/logs/ERR3772599.err",
                "ERR3772599/main/annotator/prokka/logs/ERR3772599.log",
                "ERR3772599/main/annotator/prokka/logs/nf.command.begin",
                "ERR3772599/main/annotator/prokka/logs/nf.command.err",
                "ERR3772599/main/annotator/prokka/logs/nf.command.log",
                "ERR3772599/main/annotator/prokka/logs/nf.command.out",
                "ERR3772599/main/annotator/prokka/logs/nf.command.run",
                "ERR3772599/main/annotator/prokka/logs/nf.command.sh",
                "ERR3772599/main/annotator/prokka/logs/nf.command.trace",
                "ERR3772599/main/annotator/prokka/logs/versions.yml",
                "ERR3772599/main/assembler",
                "ERR3772599/main/assembler/ERR3772599.fna.gz",
                "ERR3772599/main/assembler/ERR3772599.tsv",
                "ERR3772599/main/assembler/logs",
                "ERR3772599/main/assembler/logs/dragonflye.log",
                "ERR3772599/main/assembler/logs/nf.command.begin",
                "ERR3772599/main/assembler/logs/nf.command.err",
                "ERR3772599/main/assembler/logs/nf.command.log",
                "ERR3772599/main/assembler/logs/nf.command.out",
                "ERR3772599/main/assembler/logs/nf.command.run",
                "ERR3772599/main/assembler/logs/nf.command.sh",
                "ERR3772599/main/assembler/logs/nf.command.trace",
                "ERR3772599/main/assembler/logs/versions.yml",
                "ERR3772599/main/assembler/supplemental",
                "ERR3772599/main/assembler/supplemental/flye-info.txt",
                "ERR3772599/main/assembler/supplemental/flye-unpolished.fasta.gz",
                "ERR3772599/main/assembler/supplemental/flye-unpolished.gfa.gz",
                "ERR3772599/main/gather",
                "ERR3772599/main/gather/ERR3772599-meta.tsv",
                "ERR3772599/main/gather/logs",
                "ERR3772599/main/gather/logs/nf.command.begin",
                "ERR3772599/main/gather/logs/nf.command.err",
                "ERR3772599/main/gather/logs/nf.command.log",
                "ERR3772599/main/gather/logs/nf.command.out",
                "ERR3772599/main/gather/logs/nf.command.run",
                "ERR3772599/main/gather/logs/nf.command.sh",
                "ERR3772599/main/gather/logs/nf.command.trace",
                "ERR3772599/main/gather/logs/versions.yml",
                "ERR3772599/main/qc",
                "ERR3772599/main/qc/ERR3772599.fastq.gz",
                "ERR3772599/main/qc/ERR3772599_R1.fastq.gz",
                "ERR3772599/main/qc/ERR3772599_R2.fastq.gz",
                "ERR3772599/main/qc/logs",
                "ERR3772599/main/qc/logs/ERR3772599-fastp.log",
                "ERR3772599/main/qc/logs/nf.command.begin",
                "ERR3772599/main/qc/logs/nf.command.err",
                "ERR3772599/main/qc/logs/nf.command.log",
                "ERR3772599/main/qc/logs/nf.command.out",
                "ERR3772599/main/qc/logs/nf.command.run",
                "ERR3772599/main/qc/logs/nf.command.sh",
                "ERR3772599/main/qc/logs/nf.command.trace",
                "ERR3772599/main/qc/logs/versions.yml",
                "ERR3772599/main/qc/supplemental",
                "ERR3772599/main/qc/supplemental/ERR3772599-final.json",
                "ERR3772599/main/qc/supplemental/ERR3772599-final_NanoPlot-report.html",
                "ERR3772599/main/qc/supplemental/ERR3772599-final_NanoPlot.tar.gz",
                "ERR3772599/main/qc/supplemental/ERR3772599-original.json",
                "ERR3772599/main/qc/supplemental/ERR3772599-original_NanoPlot-report.html",
                "ERR3772599/main/qc/supplemental/ERR3772599-original_NanoPlot.tar.gz",
                "ERR3772599/main/qc/supplemental/ERR3772599.fastp.html",
                "ERR3772599/main/qc/supplemental/ERR3772599.fastp.json",
                "ERR3772599/main/qc/supplemental/ERR3772599_R1-final.json",
                "ERR3772599/main/qc/supplemental/ERR3772599_R1-final_fastqc.html",
                "ERR3772599/main/qc/supplemental/ERR3772599_R1-final_fastqc.zip",
                "ERR3772599/main/qc/supplemental/ERR3772599_R1-original.json",
                "ERR3772599/main/qc/supplemental/ERR3772599_R1-original_fastqc.html",
                "ERR3772599/main/qc/supplemental/ERR3772599_R1-original_fastqc.zip",
                "ERR3772599/main/qc/supplemental/ERR3772599_R2-final.json",
                "ERR3772599/main/qc/supplemental/ERR3772599_R2-final_fastqc.html",
                "ERR3772599/main/qc/supplemental/ERR3772599_R2-final_fastqc.zip",
                "ERR3772599/main/qc/supplemental/ERR3772599_R2-original.json",
                "ERR3772599/main/qc/supplemental/ERR3772599_R2-original_fastqc.html",
                "ERR3772599/main/qc/supplemental/ERR3772599_R2-original_fastqc.zip",
                "ERR3772599/main/sketcher",
                "ERR3772599/main/sketcher/ERR3772599-k21.msh",
                "ERR3772599/main/sketcher/ERR3772599-k31.msh",
                "ERR3772599/main/sketcher/ERR3772599-mash-refseq88-k21.txt",
                "ERR3772599/main/sketcher/ERR3772599-sourmash-gtdb-rs207-k31.txt",
                "ERR3772599/main/sketcher/ERR3772599.sig",
                "ERR3772599/main/sketcher/logs",
                "ERR3772599/main/sketcher/logs/nf.command.begin",
                "ERR3772599/main/sketcher/logs/nf.command.err",
                "ERR3772599/main/sketcher/logs/nf.command.log",
                "ERR3772599/main/sketcher/logs/nf.command.out",
                "ERR3772599/main/sketcher/logs/nf.command.run",
                "ERR3772599/main/sketcher/logs/nf.command.sh",
                "ERR3772599/main/sketcher/logs/nf.command.trace",
                "ERR3772599/main/sketcher/logs/versions.yml",
                "ERR3772599/tools",
                "ERR3772599/tools/amrfinderplus",
                "ERR3772599/tools/amrfinderplus/ERR3772599.tsv",
                "ERR3772599/tools/amrfinderplus/logs",
                "ERR3772599/tools/amrfinderplus/logs/nf.command.begin",
                "ERR3772599/tools/amrfinderplus/logs/nf.command.err",
                "ERR3772599/tools/amrfinderplus/logs/nf.command.log",
                "ERR3772599/tools/amrfinderplus/logs/nf.command.out",
                "ERR3772599/tools/amrfinderplus/logs/nf.command.run",
                "ERR3772599/tools/amrfinderplus/logs/nf.command.sh",
                "ERR3772599/tools/amrfinderplus/logs/nf.command.trace",
                "ERR3772599/tools/amrfinderplus/logs/versions.yml",
                "ERR3772599/tools/mlst",
                "ERR3772599/tools/mlst/ERR3772599.tsv",
                "ERR3772599/tools/mlst/logs",
                "ERR3772599/tools/mlst/logs/nf.command.begin",
                "ERR3772599/tools/mlst/logs/nf.command.err",
                "ERR3772599/tools/mlst/logs/nf.command.log",
                "ERR3772599/tools/mlst/logs/nf.command.out",
                "ERR3772599/tools/mlst/logs/nf.command.run",
                "ERR3772599/tools/mlst/logs/nf.command.sh",
                "ERR3772599/tools/mlst/logs/nf.command.trace",
                "ERR3772599/tools/mlst/logs/versions.yml",
                "bactopia-runs",
                "bactopia-runs/bactopia",
                "bactopia-runs/bactopia/merged-results",
                "bactopia-runs/bactopia/merged-results/amrfinderplus.tsv",
                "bactopia-runs/bactopia/merged-results/assembly-scan.tsv",
                "bactopia-runs/bactopia/merged-results/logs",
                "bactopia-runs/bactopia/merged-results/logs/amrfinderplus-concat",
                "bactopia-runs/bactopia/merged-results/logs/amrfinderplus-concat/nf.command.begin",
                "bactopia-runs/bactopia/merged-results/logs/amrfinderplus-concat/nf.command.err",
                "bactopia-runs/bactopia/merged-results/logs/amrfinderplus-concat/nf.command.log",
                "bactopia-runs/bactopia/merged-results/logs/amrfinderplus-concat/nf.command.out",
                "bactopia-runs/bactopia/merged-results/logs/amrfinderplus-concat/nf.command.run",
                "bactopia-runs/bactopia/merged-results/logs/amrfinderplus-concat/nf.command.sh",
                "bactopia-runs/bactopia/merged-results/logs/amrfinderplus-concat/nf.command.trace",
                "bactopia-runs/bactopia/merged-results/logs/amrfinderplus-concat/versions.yml",
                "bactopia-runs/bactopia/merged-results/logs/assembly-scan-concat",
                "bactopia-runs/bactopia/merged-results/logs/assembly-scan-concat/nf.command.begin",
                "bactopia-runs/bactopia/merged-results/logs/assembly-scan-concat/nf.command.err",
                "bactopia-runs/bactopia/merged-results/logs/assembly-scan-concat/nf.command.log",
                "bactopia-runs/bactopia/merged-results/logs/assembly-scan-concat/nf.command.out",
                "bactopia-runs/bactopia/merged-results/logs/assembly-scan-concat/nf.command.run",
                "bactopia-runs/bactopia/merged-results/logs/assembly-scan-concat/nf.command.sh",
                "bactopia-runs/bactopia/merged-results/logs/assembly-scan-concat/nf.command.trace",
                "bactopia-runs/bactopia/merged-results/logs/assembly-scan-concat/versions.yml",
                "bactopia-runs/bactopia/merged-results/logs/meta-concat",
                "bactopia-runs/bactopia/merged-results/logs/meta-concat/nf.command.begin",
                "bactopia-runs/bactopia/merged-results/logs/meta-concat/nf.command.err",
                "bactopia-runs/bactopia/merged-results/logs/meta-concat/nf.command.log",
                "bactopia-runs/bactopia/merged-results/logs/meta-concat/nf.command.out",
                "bactopia-runs/bactopia/merged-results/logs/meta-concat/nf.command.run",
                "bactopia-runs/bactopia/merged-results/logs/meta-concat/nf.command.sh",
                "bactopia-runs/bactopia/merged-results/logs/meta-concat/nf.command.trace",
                "bactopia-runs/bactopia/merged-results/logs/meta-concat/versions.yml",
                "bactopia-runs/bactopia/merged-results/logs/mlst-concat",
                "bactopia-runs/bactopia/merged-results/logs/mlst-concat/nf.command.begin",
                "bactopia-runs/bactopia/merged-results/logs/mlst-concat/nf.command.err",
                "bactopia-runs/bactopia/merged-results/logs/mlst-concat/nf.command.log",
                "bactopia-runs/bactopia/merged-results/logs/mlst-concat/nf.command.out",
                "bactopia-runs/bactopia/merged-results/logs/mlst-concat/nf.command.run",
                "bactopia-runs/bactopia/merged-results/logs/mlst-concat/nf.command.sh",
                "bactopia-runs/bactopia/merged-results/logs/mlst-concat/nf.command.trace",
                "bactopia-runs/bactopia/merged-results/logs/mlst-concat/versions.yml",
                "bactopia-runs/bactopia/merged-results/meta.tsv",
                "bactopia-runs/bactopia/merged-results/mlst.tsv",
                "bactopia-runs/bactopia/nf-reports",
                "bactopia-runs/bactopia/nf-reports/bactopia-dag.dot",
                "bactopia-runs/bactopia/nf-reports/bactopia-report.html",
                "bactopia-runs/bactopia/nf-reports/bactopia-timeline.html"
            ],
            [
                "versions.yml:md5,07a1de950ab52a1008fe77033f6f3281",
                "versions.yml:md5,ed9c9fda59e13bf7e2d61c8c10a0db3b",
                "versions.yml:md5,09f1b1c8c445a2851ee26b7c8dad7d9e",
                "versions.yml:md5,b3a8378277d6c2e7c8f69d7dcf3feaa0",
                "versions.yml:md5,a0ee9af343629e6d5f6e874687dc352d",
                "versions.yml:md5,76231c1d67ae9a4f4e32482603a2db22",
                "versions.yml:md5,73dd76008c8f6c9f91f351fd3e0723e2",
                "versions.yml:md5,c18211bbb02304cba7b3e93cbcaa44c6",
                "versions.yml:md5,1913efda4329af168df4ab88555dbeb4",
                "versions.yml:md5,61924107a406c136f55c445d470721f7",
                "versions.yml:md5,082ad51a2f3d2c0b3a158586edc08efc"
            ]
        ],
        "meta": {
            "nf-test": "0.9.2",
            "nextflow": "25.08.0"
        },
        "timestamp": "2025-10-02T15:47:39.742681912"
    },
    "Bactopia (hybrid) - ERR3772599|portiera|compressed_fastq": {
        "content": [
            11,
            [
                "ERR3772599",
                "ERR3772599/main",
                "ERR3772599/main/annotator",
                "ERR3772599/main/annotator/prokka",
                "ERR3772599/main/annotator/prokka/ERR3772599-blastdb.tar.gz",
                "ERR3772599/main/annotator/prokka/ERR3772599.faa.gz",
                "ERR3772599/main/annotator/prokka/ERR3772599.ffn.gz",
                "ERR3772599/main/annotator/prokka/ERR3772599.fna.gz",
                "ERR3772599/main/annotator/prokka/ERR3772599.fsa.gz",
                "ERR3772599/main/annotator/prokka/ERR3772599.gbk.gz",
                "ERR3772599/main/annotator/prokka/ERR3772599.gff.gz",
                "ERR3772599/main/annotator/prokka/ERR3772599.sqn.gz",
                "ERR3772599/main/annotator/prokka/ERR3772599.tbl.gz",
                "ERR3772599/main/annotator/prokka/ERR3772599.tsv",
                "ERR3772599/main/annotator/prokka/ERR3772599.txt",
                "ERR3772599/main/annotator/prokka/logs",
                "ERR3772599/main/annotator/prokka/logs/ERR3772599.err",
                "ERR3772599/main/annotator/prokka/logs/ERR3772599.log",
                "ERR3772599/main/annotator/prokka/logs/nf.command.begin",
                "ERR3772599/main/annotator/prokka/logs/nf.command.err",
                "ERR3772599/main/annotator/prokka/logs/nf.command.log",
                "ERR3772599/main/annotator/prokka/logs/nf.command.out",
                "ERR3772599/main/annotator/prokka/logs/nf.command.run",
                "ERR3772599/main/annotator/prokka/logs/nf.command.sh",
                "ERR3772599/main/annotator/prokka/logs/nf.command.trace",
                "ERR3772599/main/annotator/prokka/logs/versions.yml",
                "ERR3772599/main/assembler",
                "ERR3772599/main/assembler/ERR3772599.fna.gz",
                "ERR3772599/main/assembler/ERR3772599.tsv",
                "ERR3772599/main/assembler/logs",
                "ERR3772599/main/assembler/logs/nf.command.begin",
                "ERR3772599/main/assembler/logs/nf.command.err",
                "ERR3772599/main/assembler/logs/nf.command.log",
                "ERR3772599/main/assembler/logs/nf.command.out",
                "ERR3772599/main/assembler/logs/nf.command.run",
                "ERR3772599/main/assembler/logs/nf.command.sh",
                "ERR3772599/main/assembler/logs/nf.command.trace",
                "ERR3772599/main/assembler/logs/unicycler.log",
                "ERR3772599/main/assembler/logs/versions.yml",
                "ERR3772599/main/assembler/supplemental",
                "ERR3772599/main/assembler/supplemental/unicycler-unpolished.fasta.gz",
                "ERR3772599/main/assembler/supplemental/unicycler-unpolished.gfa.gz",
                "ERR3772599/main/gather",
                "ERR3772599/main/gather/ERR3772599-meta.tsv",
                "ERR3772599/main/gather/logs",
                "ERR3772599/main/gather/logs/nf.command.begin",
                "ERR3772599/main/gather/logs/nf.command.err",
                "ERR3772599/main/gather/logs/nf.command.log",
                "ERR3772599/main/gather/logs/nf.command.out",
                "ERR3772599/main/gather/logs/nf.command.run",
                "ERR3772599/main/gather/logs/nf.command.sh",
                "ERR3772599/main/gather/logs/nf.command.trace",
                "ERR3772599/main/gather/logs/versions.yml",
                "ERR3772599/main/qc",
                "ERR3772599/main/qc/ERR3772599.fastq.gz",
                "ERR3772599/main/qc/ERR3772599_R1.fastq.gz",
                "ERR3772599/main/qc/ERR3772599_R2.fastq.gz",
                "ERR3772599/main/qc/logs",
                "ERR3772599/main/qc/logs/ERR3772599-fastp.log",
                "ERR3772599/main/qc/logs/nf.command.begin",
                "ERR3772599/main/qc/logs/nf.command.err",
                "ERR3772599/main/qc/logs/nf.command.log",
                "ERR3772599/main/qc/logs/nf.command.out",
                "ERR3772599/main/qc/logs/nf.command.run",
                "ERR3772599/main/qc/logs/nf.command.sh",
                "ERR3772599/main/qc/logs/nf.command.trace",
                "ERR3772599/main/qc/logs/versions.yml",
                "ERR3772599/main/qc/supplemental",
                "ERR3772599/main/qc/supplemental/ERR3772599-final.json",
                "ERR3772599/main/qc/supplemental/ERR3772599-final_NanoPlot-report.html",
                "ERR3772599/main/qc/supplemental/ERR3772599-final_NanoPlot.tar.gz",
                "ERR3772599/main/qc/supplemental/ERR3772599-original.json",
                "ERR3772599/main/qc/supplemental/ERR3772599-original_NanoPlot-report.html",
                "ERR3772599/main/qc/supplemental/ERR3772599-original_NanoPlot.tar.gz",
                "ERR3772599/main/qc/supplemental/ERR3772599.fastp.html",
                "ERR3772599/main/qc/supplemental/ERR3772599.fastp.json",
                "ERR3772599/main/qc/supplemental/ERR3772599_R1-final.json",
                "ERR3772599/main/qc/supplemental/ERR3772599_R1-final_fastqc.html",
                "ERR3772599/main/qc/supplemental/ERR3772599_R1-final_fastqc.zip",
                "ERR3772599/main/qc/supplemental/ERR3772599_R1-original.json",
                "ERR3772599/main/qc/supplemental/ERR3772599_R1-original_fastqc.html",
                "ERR3772599/main/qc/supplemental/ERR3772599_R1-original_fastqc.zip",
                "ERR3772599/main/qc/supplemental/ERR3772599_R2-final.json",
                "ERR3772599/main/qc/supplemental/ERR3772599_R2-final_fastqc.html",
                "ERR3772599/main/qc/supplemental/ERR3772599_R2-final_fastqc.zip",
                "ERR3772599/main/qc/supplemental/ERR3772599_R2-original.json",
                "ERR3772599/main/qc/supplemental/ERR3772599_R2-original_fastqc.html",
                "ERR3772599/main/qc/supplemental/ERR3772599_R2-original_fastqc.zip",
                "ERR3772599/main/sketcher",
                "ERR3772599/main/sketcher/ERR3772599-k21.msh",
                "ERR3772599/main/sketcher/ERR3772599-k31.msh",
                "ERR3772599/main/sketcher/ERR3772599-mash-refseq88-k21.txt",
                "ERR3772599/main/sketcher/ERR3772599-sourmash-gtdb-rs207-k31.txt",
                "ERR3772599/main/sketcher/ERR3772599.sig",
                "ERR3772599/main/sketcher/logs",
                "ERR3772599/main/sketcher/logs/nf.command.begin",
                "ERR3772599/main/sketcher/logs/nf.command.err",
                "ERR3772599/main/sketcher/logs/nf.command.log",
                "ERR3772599/main/sketcher/logs/nf.command.out",
                "ERR3772599/main/sketcher/logs/nf.command.run",
                "ERR3772599/main/sketcher/logs/nf.command.sh",
                "ERR3772599/main/sketcher/logs/nf.command.trace",
                "ERR3772599/main/sketcher/logs/versions.yml",
                "ERR3772599/tools",
                "ERR3772599/tools/amrfinderplus",
                "ERR3772599/tools/amrfinderplus/ERR3772599.tsv",
                "ERR3772599/tools/amrfinderplus/logs",
                "ERR3772599/tools/amrfinderplus/logs/nf.command.begin",
                "ERR3772599/tools/amrfinderplus/logs/nf.command.err",
                "ERR3772599/tools/amrfinderplus/logs/nf.command.log",
                "ERR3772599/tools/amrfinderplus/logs/nf.command.out",
                "ERR3772599/tools/amrfinderplus/logs/nf.command.run",
                "ERR3772599/tools/amrfinderplus/logs/nf.command.sh",
                "ERR3772599/tools/amrfinderplus/logs/nf.command.trace",
                "ERR3772599/tools/amrfinderplus/logs/versions.yml",
                "ERR3772599/tools/mlst",
                "ERR3772599/tools/mlst/ERR3772599.tsv",
                "ERR3772599/tools/mlst/logs",
                "ERR3772599/tools/mlst/logs/nf.command.begin",
                "ERR3772599/tools/mlst/logs/nf.command.err",
                "ERR3772599/tools/mlst/logs/nf.command.log",
                "ERR3772599/tools/mlst/logs/nf.command.out",
                "ERR3772599/tools/mlst/logs/nf.command.run",
                "ERR3772599/tools/mlst/logs/nf.command.sh",
                "ERR3772599/tools/mlst/logs/nf.command.trace",
                "ERR3772599/tools/mlst/logs/versions.yml",
                "bactopia-runs",
                "bactopia-runs/bactopia",
                "bactopia-runs/bactopia/merged-results",
                "bactopia-runs/bactopia/merged-results/amrfinderplus.tsv",
                "bactopia-runs/bactopia/merged-results/assembly-scan.tsv",
                "bactopia-runs/bactopia/merged-results/logs",
                "bactopia-runs/bactopia/merged-results/logs/amrfinderplus-concat",
                "bactopia-runs/bactopia/merged-results/logs/amrfinderplus-concat/nf.command.begin",
                "bactopia-runs/bactopia/merged-results/logs/amrfinderplus-concat/nf.command.err",
                "bactopia-runs/bactopia/merged-results/logs/amrfinderplus-concat/nf.command.log",
                "bactopia-runs/bactopia/merged-results/logs/amrfinderplus-concat/nf.command.out",
                "bactopia-runs/bactopia/merged-results/logs/amrfinderplus-concat/nf.command.run",
                "bactopia-runs/bactopia/merged-results/logs/amrfinderplus-concat/nf.command.sh",
                "bactopia-runs/bactopia/merged-results/logs/amrfinderplus-concat/nf.command.trace",
                "bactopia-runs/bactopia/merged-results/logs/amrfinderplus-concat/versions.yml",
                "bactopia-runs/bactopia/merged-results/logs/assembly-scan-concat",
                "bactopia-runs/bactopia/merged-results/logs/assembly-scan-concat/nf.command.begin",
                "bactopia-runs/bactopia/merged-results/logs/assembly-scan-concat/nf.command.err",
                "bactopia-runs/bactopia/merged-results/logs/assembly-scan-concat/nf.command.log",
                "bactopia-runs/bactopia/merged-results/logs/assembly-scan-concat/nf.command.out",
                "bactopia-runs/bactopia/merged-results/logs/assembly-scan-concat/nf.command.run",
                "bactopia-runs/bactopia/merged-results/logs/assembly-scan-concat/nf.command.sh",
                "bactopia-runs/bactopia/merged-results/logs/assembly-scan-concat/nf.command.trace",
                "bactopia-runs/bactopia/merged-results/logs/assembly-scan-concat/versions.yml",
                "bactopia-runs/bactopia/merged-results/logs/meta-concat",
                "bactopia-runs/bactopia/merged-results/logs/meta-concat/nf.command.begin",
                "bactopia-runs/bactopia/merged-results/logs/meta-concat/nf.command.err",
                "bactopia-runs/bactopia/merged-results/logs/meta-concat/nf.command.log",
                "bactopia-runs/bactopia/merged-results/logs/meta-concat/nf.command.out",
                "bactopia-runs/bactopia/merged-results/logs/meta-concat/nf.command.run",
                "bactopia-runs/bactopia/merged-results/logs/meta-concat/nf.command.sh",
                "bactopia-runs/bactopia/merged-results/logs/meta-concat/nf.command.trace",
                "bactopia-runs/bactopia/merged-results/logs/meta-concat/versions.yml",
                "bactopia-runs/bactopia/merged-results/logs/mlst-concat",
                "bactopia-runs/bactopia/merged-results/logs/mlst-concat/nf.command.begin",
                "bactopia-runs/bactopia/merged-results/logs/mlst-concat/nf.command.err",
                "bactopia-runs/bactopia/merged-results/logs/mlst-concat/nf.command.log",
                "bactopia-runs/bactopia/merged-results/logs/mlst-concat/nf.command.out",
                "bactopia-runs/bactopia/merged-results/logs/mlst-concat/nf.command.run",
                "bactopia-runs/bactopia/merged-results/logs/mlst-concat/nf.command.sh",
                "bactopia-runs/bactopia/merged-results/logs/mlst-concat/nf.command.trace",
                "bactopia-runs/bactopia/merged-results/logs/mlst-concat/versions.yml",
                "bactopia-runs/bactopia/merged-results/meta.tsv",
                "bactopia-runs/bactopia/merged-results/mlst.tsv",
                "bactopia-runs/bactopia/nf-reports",
                "bactopia-runs/bactopia/nf-reports/bactopia-dag.dot",
                "bactopia-runs/bactopia/nf-reports/bactopia-report.html",
                "bactopia-runs/bactopia/nf-reports/bactopia-timeline.html"
            ],
            [
                "versions.yml:md5,07a1de950ab52a1008fe77033f6f3281",
                "versions.yml:md5,ed9c9fda59e13bf7e2d61c8c10a0db3b",
                "versions.yml:md5,09f1b1c8c445a2851ee26b7c8dad7d9e",
                "versions.yml:md5,b3a8378277d6c2e7c8f69d7dcf3feaa0",
                "versions.yml:md5,a0ee9af343629e6d5f6e874687dc352d",
                "versions.yml:md5,76231c1d67ae9a4f4e32482603a2db22",
                "versions.yml:md5,73dd76008c8f6c9f91f351fd3e0723e2",
                "versions.yml:md5,c18211bbb02304cba7b3e93cbcaa44c6",
                "versions.yml:md5,1913efda4329af168df4ab88555dbeb4",
                "versions.yml:md5,61924107a406c136f55c445d470721f7",
                "versions.yml:md5,082ad51a2f3d2c0b3a158586edc08efc"
            ]
        ],
        "meta": {
            "nf-test": "0.9.2",
            "nextflow": "25.08.0"
        },
        "timestamp": "2025-10-02T15:40:52.32826187"
    },
    "Bactopia (low proportion) - SRR2838702|portiera|compressed_fastq": {
        "content": [
            2,
            [
                "SRR2838702",
                "SRR2838702/main",
                "SRR2838702/main/gather",
                "SRR2838702/main/gather/SRR2838702-low-basepair-proportion-error.txt",
                "SRR2838702/main/gather/SRR2838702-meta.tsv",
                "SRR2838702/main/gather/logs",
                "SRR2838702/main/gather/logs/nf.command.begin",
                "SRR2838702/main/gather/logs/nf.command.err",
                "SRR2838702/main/gather/logs/nf.command.log",
                "SRR2838702/main/gather/logs/nf.command.out",
                "SRR2838702/main/gather/logs/nf.command.run",
                "SRR2838702/main/gather/logs/nf.command.sh",
                "SRR2838702/main/gather/logs/nf.command.trace",
                "SRR2838702/main/gather/logs/versions.yml",
                "bactopia-runs",
                "bactopia-runs/bactopia",
                "bactopia-runs/bactopia/merged-results",
                "bactopia-runs/bactopia/merged-results/logs",
                "bactopia-runs/bactopia/merged-results/logs/meta-concat",
                "bactopia-runs/bactopia/merged-results/logs/meta-concat/nf.command.begin",
                "bactopia-runs/bactopia/merged-results/logs/meta-concat/nf.command.err",
                "bactopia-runs/bactopia/merged-results/logs/meta-concat/nf.command.log",
                "bactopia-runs/bactopia/merged-results/logs/meta-concat/nf.command.out",
                "bactopia-runs/bactopia/merged-results/logs/meta-concat/nf.command.run",
                "bactopia-runs/bactopia/merged-results/logs/meta-concat/nf.command.sh",
                "bactopia-runs/bactopia/merged-results/logs/meta-concat/nf.command.trace",
                "bactopia-runs/bactopia/merged-results/logs/meta-concat/versions.yml",
                "bactopia-runs/bactopia/merged-results/meta.tsv",
                "bactopia-runs/bactopia/nf-reports",
                "bactopia-runs/bactopia/nf-reports/bactopia-dag.dot",
                "bactopia-runs/bactopia/nf-reports/bactopia-report.html",
                "bactopia-runs/bactopia/nf-reports/bactopia-timeline.html"
            ],
            [
                "versions.yml:md5,09f1b1c8c445a2851ee26b7c8dad7d9e",
                "versions.yml:md5,61924107a406c136f55c445d470721f7"
            ]
        ],
        "meta": {
            "nf-test": "0.9.2",
            "nextflow": "25.08.0"
        },
        "timestamp": "2025-10-02T15:48:17.084364343"
    },
    "Bactopia (low coverage) - ERR3772599|portiera|compressed_fastq": {
        "content": [
            3,
            [
                "ERR3772599",
                "ERR3772599/main",
                "ERR3772599/main/gather",
                "ERR3772599/main/gather/ERR3772599-meta.tsv",
                "ERR3772599/main/gather/logs",
                "ERR3772599/main/gather/logs/nf.command.begin",
                "ERR3772599/main/gather/logs/nf.command.err",
                "ERR3772599/main/gather/logs/nf.command.log",
                "ERR3772599/main/gather/logs/nf.command.out",
                "ERR3772599/main/gather/logs/nf.command.run",
                "ERR3772599/main/gather/logs/nf.command.sh",
                "ERR3772599/main/gather/logs/nf.command.trace",
                "ERR3772599/main/gather/logs/versions.yml",
                "ERR3772599/main/qc",
                "ERR3772599/main/qc/ERR3772599-low-sequence-coverage-error.txt",
                "ERR3772599/main/qc/ERR3772599.error-fastq.gz",
                "ERR3772599/main/qc/logs",
                "ERR3772599/main/qc/logs/nf.command.begin",
                "ERR3772599/main/qc/logs/nf.command.err",
                "ERR3772599/main/qc/logs/nf.command.log",
                "ERR3772599/main/qc/logs/nf.command.out",
                "ERR3772599/main/qc/logs/nf.command.run",
                "ERR3772599/main/qc/logs/nf.command.sh",
                "ERR3772599/main/qc/logs/nf.command.trace",
                "ERR3772599/main/qc/logs/versions.yml",
                "ERR3772599/main/qc/supplemental",
                "ERR3772599/main/qc/supplemental/ERR3772599-final.json",
                "ERR3772599/main/qc/supplemental/ERR3772599-final_NanoPlot-report.html",
                "ERR3772599/main/qc/supplemental/ERR3772599-final_NanoPlot.tar.gz",
                "ERR3772599/main/qc/supplemental/ERR3772599-original.json",
                "ERR3772599/main/qc/supplemental/ERR3772599-original_NanoPlot-report.html",
                "ERR3772599/main/qc/supplemental/ERR3772599-original_NanoPlot.tar.gz",
                "bactopia-runs",
                "bactopia-runs/bactopia",
                "bactopia-runs/bactopia/merged-results",
                "bactopia-runs/bactopia/merged-results/logs",
                "bactopia-runs/bactopia/merged-results/logs/meta-concat",
                "bactopia-runs/bactopia/merged-results/logs/meta-concat/nf.command.begin",
                "bactopia-runs/bactopia/merged-results/logs/meta-concat/nf.command.err",
                "bactopia-runs/bactopia/merged-results/logs/meta-concat/nf.command.log",
                "bactopia-runs/bactopia/merged-results/logs/meta-concat/nf.command.out",
                "bactopia-runs/bactopia/merged-results/logs/meta-concat/nf.command.run",
                "bactopia-runs/bactopia/merged-results/logs/meta-concat/nf.command.sh",
                "bactopia-runs/bactopia/merged-results/logs/meta-concat/nf.command.trace",
                "bactopia-runs/bactopia/merged-results/logs/meta-concat/versions.yml",
                "bactopia-runs/bactopia/merged-results/meta.tsv",
                "bactopia-runs/bactopia/nf-reports",
                "bactopia-runs/bactopia/nf-reports/bactopia-dag.dot",
                "bactopia-runs/bactopia/nf-reports/bactopia-report.html",
                "bactopia-runs/bactopia/nf-reports/bactopia-timeline.html"
            ],
            [
                "versions.yml:md5,09f1b1c8c445a2851ee26b7c8dad7d9e",
                "versions.yml:md5,b3a8378277d6c2e7c8f69d7dcf3feaa0",
                "versions.yml:md5,61924107a406c136f55c445d470721f7"
            ]
        ],
        "meta": {
            "nf-test": "0.9.2",
            "nextflow": "25.08.0"
        },
        "timestamp": "2025-10-02T15:49:34.853803698"
    },
    "Bactopia (pe) - SRR2838702|portiera|compressed_fastq": {
        "content": [
            11,
            [
                "SRR2838702",
                "SRR2838702/main",
                "SRR2838702/main/annotator",
                "SRR2838702/main/annotator/prokka",
                "SRR2838702/main/annotator/prokka/SRR2838702-blastdb.tar.gz",
                "SRR2838702/main/annotator/prokka/SRR2838702.faa.gz",
                "SRR2838702/main/annotator/prokka/SRR2838702.ffn.gz",
                "SRR2838702/main/annotator/prokka/SRR2838702.fna.gz",
                "SRR2838702/main/annotator/prokka/SRR2838702.fsa.gz",
                "SRR2838702/main/annotator/prokka/SRR2838702.gbk.gz",
                "SRR2838702/main/annotator/prokka/SRR2838702.gff.gz",
                "SRR2838702/main/annotator/prokka/SRR2838702.sqn.gz",
                "SRR2838702/main/annotator/prokka/SRR2838702.tbl.gz",
                "SRR2838702/main/annotator/prokka/SRR2838702.tsv",
                "SRR2838702/main/annotator/prokka/SRR2838702.txt",
                "SRR2838702/main/annotator/prokka/logs",
                "SRR2838702/main/annotator/prokka/logs/SRR2838702.err",
                "SRR2838702/main/annotator/prokka/logs/SRR2838702.log",
                "SRR2838702/main/annotator/prokka/logs/nf.command.begin",
                "SRR2838702/main/annotator/prokka/logs/nf.command.err",
                "SRR2838702/main/annotator/prokka/logs/nf.command.log",
                "SRR2838702/main/annotator/prokka/logs/nf.command.out",
                "SRR2838702/main/annotator/prokka/logs/nf.command.run",
                "SRR2838702/main/annotator/prokka/logs/nf.command.sh",
                "SRR2838702/main/annotator/prokka/logs/nf.command.trace",
                "SRR2838702/main/annotator/prokka/logs/versions.yml",
                "SRR2838702/main/assembler",
                "SRR2838702/main/assembler/SRR2838702.fna.gz",
                "SRR2838702/main/assembler/SRR2838702.tsv",
                "SRR2838702/main/assembler/logs",
                "SRR2838702/main/assembler/logs/nf.command.begin",
                "SRR2838702/main/assembler/logs/nf.command.err",
                "SRR2838702/main/assembler/logs/nf.command.log",
                "SRR2838702/main/assembler/logs/nf.command.out",
                "SRR2838702/main/assembler/logs/nf.command.run",
                "SRR2838702/main/assembler/logs/nf.command.sh",
                "SRR2838702/main/assembler/logs/nf.command.trace",
                "SRR2838702/main/assembler/logs/shovill.log",
                "SRR2838702/main/assembler/logs/versions.yml",
                "SRR2838702/main/assembler/supplemental",
                "SRR2838702/main/assembler/supplemental/flash.hist",
                "SRR2838702/main/assembler/supplemental/flash.histogram",
                "SRR2838702/main/assembler/supplemental/shovill.corrections",
                "SRR2838702/main/gather",
                "SRR2838702/main/gather/SRR2838702-meta.tsv",
                "SRR2838702/main/gather/logs",
                "SRR2838702/main/gather/logs/nf.command.begin",
                "SRR2838702/main/gather/logs/nf.command.err",
                "SRR2838702/main/gather/logs/nf.command.log",
                "SRR2838702/main/gather/logs/nf.command.out",
                "SRR2838702/main/gather/logs/nf.command.run",
                "SRR2838702/main/gather/logs/nf.command.sh",
                "SRR2838702/main/gather/logs/nf.command.trace",
                "SRR2838702/main/gather/logs/versions.yml",
                "SRR2838702/main/qc",
                "SRR2838702/main/qc/SRR2838702_R1.fastq.gz",
                "SRR2838702/main/qc/SRR2838702_R2.fastq.gz",
                "SRR2838702/main/qc/logs",
                "SRR2838702/main/qc/logs/SRR2838702-fastp.log",
                "SRR2838702/main/qc/logs/nf.command.begin",
                "SRR2838702/main/qc/logs/nf.command.err",
                "SRR2838702/main/qc/logs/nf.command.log",
                "SRR2838702/main/qc/logs/nf.command.out",
                "SRR2838702/main/qc/logs/nf.command.run",
                "SRR2838702/main/qc/logs/nf.command.sh",
                "SRR2838702/main/qc/logs/nf.command.trace",
                "SRR2838702/main/qc/logs/versions.yml",
                "SRR2838702/main/qc/supplemental",
                "SRR2838702/main/qc/supplemental/SRR2838702.fastp.html",
                "SRR2838702/main/qc/supplemental/SRR2838702.fastp.json",
                "SRR2838702/main/qc/supplemental/SRR2838702_R1-final.json",
                "SRR2838702/main/qc/supplemental/SRR2838702_R1-final_fastqc.html",
                "SRR2838702/main/qc/supplemental/SRR2838702_R1-final_fastqc.zip",
                "SRR2838702/main/qc/supplemental/SRR2838702_R1-original.json",
                "SRR2838702/main/qc/supplemental/SRR2838702_R1-original_fastqc.html",
                "SRR2838702/main/qc/supplemental/SRR2838702_R1-original_fastqc.zip",
                "SRR2838702/main/qc/supplemental/SRR2838702_R2-final.json",
                "SRR2838702/main/qc/supplemental/SRR2838702_R2-final_fastqc.html",
                "SRR2838702/main/qc/supplemental/SRR2838702_R2-final_fastqc.zip",
                "SRR2838702/main/qc/supplemental/SRR2838702_R2-original.json",
                "SRR2838702/main/qc/supplemental/SRR2838702_R2-original_fastqc.html",
                "SRR2838702/main/qc/supplemental/SRR2838702_R2-original_fastqc.zip",
                "SRR2838702/main/sketcher",
                "SRR2838702/main/sketcher/SRR2838702-k21.msh",
                "SRR2838702/main/sketcher/SRR2838702-k31.msh",
                "SRR2838702/main/sketcher/SRR2838702-mash-refseq88-k21.txt",
                "SRR2838702/main/sketcher/SRR2838702-sourmash-gtdb-rs207-k31.txt",
                "SRR2838702/main/sketcher/SRR2838702.sig",
                "SRR2838702/main/sketcher/logs",
                "SRR2838702/main/sketcher/logs/nf.command.begin",
                "SRR2838702/main/sketcher/logs/nf.command.err",
                "SRR2838702/main/sketcher/logs/nf.command.log",
                "SRR2838702/main/sketcher/logs/nf.command.out",
                "SRR2838702/main/sketcher/logs/nf.command.run",
                "SRR2838702/main/sketcher/logs/nf.command.sh",
                "SRR2838702/main/sketcher/logs/nf.command.trace",
                "SRR2838702/main/sketcher/logs/versions.yml",
                "SRR2838702/tools",
                "SRR2838702/tools/amrfinderplus",
                "SRR2838702/tools/amrfinderplus/SRR2838702.tsv",
                "SRR2838702/tools/amrfinderplus/logs",
                "SRR2838702/tools/amrfinderplus/logs/nf.command.begin",
                "SRR2838702/tools/amrfinderplus/logs/nf.command.err",
                "SRR2838702/tools/amrfinderplus/logs/nf.command.log",
                "SRR2838702/tools/amrfinderplus/logs/nf.command.out",
                "SRR2838702/tools/amrfinderplus/logs/nf.command.run",
                "SRR2838702/tools/amrfinderplus/logs/nf.command.sh",
                "SRR2838702/tools/amrfinderplus/logs/nf.command.trace",
                "SRR2838702/tools/amrfinderplus/logs/versions.yml",
                "SRR2838702/tools/mlst",
                "SRR2838702/tools/mlst/SRR2838702.tsv",
                "SRR2838702/tools/mlst/logs",
                "SRR2838702/tools/mlst/logs/nf.command.begin",
                "SRR2838702/tools/mlst/logs/nf.command.err",
                "SRR2838702/tools/mlst/logs/nf.command.log",
                "SRR2838702/tools/mlst/logs/nf.command.out",
                "SRR2838702/tools/mlst/logs/nf.command.run",
                "SRR2838702/tools/mlst/logs/nf.command.sh",
                "SRR2838702/tools/mlst/logs/nf.command.trace",
                "SRR2838702/tools/mlst/logs/versions.yml",
                "bactopia-runs",
                "bactopia-runs/bactopia",
                "bactopia-runs/bactopia/merged-results",
                "bactopia-runs/bactopia/merged-results/amrfinderplus.tsv",
                "bactopia-runs/bactopia/merged-results/assembly-scan.tsv",
                "bactopia-runs/bactopia/merged-results/logs",
                "bactopia-runs/bactopia/merged-results/logs/amrfinderplus-concat",
                "bactopia-runs/bactopia/merged-results/logs/amrfinderplus-concat/nf.command.begin",
                "bactopia-runs/bactopia/merged-results/logs/amrfinderplus-concat/nf.command.err",
                "bactopia-runs/bactopia/merged-results/logs/amrfinderplus-concat/nf.command.log",
                "bactopia-runs/bactopia/merged-results/logs/amrfinderplus-concat/nf.command.out",
                "bactopia-runs/bactopia/merged-results/logs/amrfinderplus-concat/nf.command.run",
                "bactopia-runs/bactopia/merged-results/logs/amrfinderplus-concat/nf.command.sh",
                "bactopia-runs/bactopia/merged-results/logs/amrfinderplus-concat/nf.command.trace",
                "bactopia-runs/bactopia/merged-results/logs/amrfinderplus-concat/versions.yml",
                "bactopia-runs/bactopia/merged-results/logs/assembly-scan-concat",
                "bactopia-runs/bactopia/merged-results/logs/assembly-scan-concat/nf.command.begin",
                "bactopia-runs/bactopia/merged-results/logs/assembly-scan-concat/nf.command.err",
                "bactopia-runs/bactopia/merged-results/logs/assembly-scan-concat/nf.command.log",
                "bactopia-runs/bactopia/merged-results/logs/assembly-scan-concat/nf.command.out",
                "bactopia-runs/bactopia/merged-results/logs/assembly-scan-concat/nf.command.run",
                "bactopia-runs/bactopia/merged-results/logs/assembly-scan-concat/nf.command.sh",
                "bactopia-runs/bactopia/merged-results/logs/assembly-scan-concat/nf.command.trace",
                "bactopia-runs/bactopia/merged-results/logs/assembly-scan-concat/versions.yml",
                "bactopia-runs/bactopia/merged-results/logs/meta-concat",
                "bactopia-runs/bactopia/merged-results/logs/meta-concat/nf.command.begin",
                "bactopia-runs/bactopia/merged-results/logs/meta-concat/nf.command.err",
                "bactopia-runs/bactopia/merged-results/logs/meta-concat/nf.command.log",
                "bactopia-runs/bactopia/merged-results/logs/meta-concat/nf.command.out",
                "bactopia-runs/bactopia/merged-results/logs/meta-concat/nf.command.run",
                "bactopia-runs/bactopia/merged-results/logs/meta-concat/nf.command.sh",
                "bactopia-runs/bactopia/merged-results/logs/meta-concat/nf.command.trace",
                "bactopia-runs/bactopia/merged-results/logs/meta-concat/versions.yml",
                "bactopia-runs/bactopia/merged-results/logs/mlst-concat",
                "bactopia-runs/bactopia/merged-results/logs/mlst-concat/nf.command.begin",
                "bactopia-runs/bactopia/merged-results/logs/mlst-concat/nf.command.err",
                "bactopia-runs/bactopia/merged-results/logs/mlst-concat/nf.command.log",
                "bactopia-runs/bactopia/merged-results/logs/mlst-concat/nf.command.out",
                "bactopia-runs/bactopia/merged-results/logs/mlst-concat/nf.command.run",
                "bactopia-runs/bactopia/merged-results/logs/mlst-concat/nf.command.sh",
                "bactopia-runs/bactopia/merged-results/logs/mlst-concat/nf.command.trace",
                "bactopia-runs/bactopia/merged-results/logs/mlst-concat/versions.yml",
                "bactopia-runs/bactopia/merged-results/meta.tsv",
                "bactopia-runs/bactopia/merged-results/mlst.tsv",
                "bactopia-runs/bactopia/nf-reports",
                "bactopia-runs/bactopia/nf-reports/bactopia-dag.dot",
                "bactopia-runs/bactopia/nf-reports/bactopia-report.html",
                "bactopia-runs/bactopia/nf-reports/bactopia-timeline.html"
            ],
            [
                "versions.yml:md5,07a1de950ab52a1008fe77033f6f3281",
                "versions.yml:md5,ed9c9fda59e13bf7e2d61c8c10a0db3b",
                "versions.yml:md5,09f1b1c8c445a2851ee26b7c8dad7d9e",
                "versions.yml:md5,b3a8378277d6c2e7c8f69d7dcf3feaa0",
                "versions.yml:md5,a0ee9af343629e6d5f6e874687dc352d",
                "versions.yml:md5,76231c1d67ae9a4f4e32482603a2db22",
                "versions.yml:md5,73dd76008c8f6c9f91f351fd3e0723e2",
                "versions.yml:md5,c18211bbb02304cba7b3e93cbcaa44c6",
                "versions.yml:md5,1913efda4329af168df4ab88555dbeb4",
                "versions.yml:md5,61924107a406c136f55c445d470721f7",
                "versions.yml:md5,082ad51a2f3d2c0b3a158586edc08efc"
            ]
        ],
        "meta": {
            "nf-test": "0.9.2",
            "nextflow": "25.08.0"
        },
        "timestamp": "2025-10-02T15:19:26.969729347"
    },
    "Bactopia (ont) - ERR3772599|portiera|compressed_fastq": {
        "content": [
            11,
            [
                "ERR3772599",
                "ERR3772599/main",
                "ERR3772599/main/annotator",
                "ERR3772599/main/annotator/prokka",
                "ERR3772599/main/annotator/prokka/ERR3772599-blastdb.tar.gz",
                "ERR3772599/main/annotator/prokka/ERR3772599.faa.gz",
                "ERR3772599/main/annotator/prokka/ERR3772599.ffn.gz",
                "ERR3772599/main/annotator/prokka/ERR3772599.fna.gz",
                "ERR3772599/main/annotator/prokka/ERR3772599.fsa.gz",
                "ERR3772599/main/annotator/prokka/ERR3772599.gbk.gz",
                "ERR3772599/main/annotator/prokka/ERR3772599.gff.gz",
                "ERR3772599/main/annotator/prokka/ERR3772599.sqn.gz",
                "ERR3772599/main/annotator/prokka/ERR3772599.tbl.gz",
                "ERR3772599/main/annotator/prokka/ERR3772599.tsv",
                "ERR3772599/main/annotator/prokka/ERR3772599.txt",
                "ERR3772599/main/annotator/prokka/logs",
                "ERR3772599/main/annotator/prokka/logs/ERR3772599.err",
                "ERR3772599/main/annotator/prokka/logs/ERR3772599.log",
                "ERR3772599/main/annotator/prokka/logs/nf.command.begin",
                "ERR3772599/main/annotator/prokka/logs/nf.command.err",
                "ERR3772599/main/annotator/prokka/logs/nf.command.log",
                "ERR3772599/main/annotator/prokka/logs/nf.command.out",
                "ERR3772599/main/annotator/prokka/logs/nf.command.run",
                "ERR3772599/main/annotator/prokka/logs/nf.command.sh",
                "ERR3772599/main/annotator/prokka/logs/nf.command.trace",
                "ERR3772599/main/annotator/prokka/logs/versions.yml",
                "ERR3772599/main/assembler",
                "ERR3772599/main/assembler/ERR3772599.fna.gz",
                "ERR3772599/main/assembler/ERR3772599.tsv",
                "ERR3772599/main/assembler/logs",
                "ERR3772599/main/assembler/logs/dragonflye.log",
                "ERR3772599/main/assembler/logs/nf.command.begin",
                "ERR3772599/main/assembler/logs/nf.command.err",
                "ERR3772599/main/assembler/logs/nf.command.log",
                "ERR3772599/main/assembler/logs/nf.command.out",
                "ERR3772599/main/assembler/logs/nf.command.run",
                "ERR3772599/main/assembler/logs/nf.command.sh",
                "ERR3772599/main/assembler/logs/nf.command.trace",
                "ERR3772599/main/assembler/logs/versions.yml",
                "ERR3772599/main/assembler/supplemental",
                "ERR3772599/main/assembler/supplemental/flye-info.txt",
                "ERR3772599/main/assembler/supplemental/flye-unpolished.fasta.gz",
                "ERR3772599/main/assembler/supplemental/flye-unpolished.gfa.gz",
                "ERR3772599/main/gather",
                "ERR3772599/main/gather/ERR3772599-meta.tsv",
                "ERR3772599/main/gather/logs",
                "ERR3772599/main/gather/logs/nf.command.begin",
                "ERR3772599/main/gather/logs/nf.command.err",
                "ERR3772599/main/gather/logs/nf.command.log",
                "ERR3772599/main/gather/logs/nf.command.out",
                "ERR3772599/main/gather/logs/nf.command.run",
                "ERR3772599/main/gather/logs/nf.command.sh",
                "ERR3772599/main/gather/logs/nf.command.trace",
                "ERR3772599/main/gather/logs/versions.yml",
                "ERR3772599/main/qc",
                "ERR3772599/main/qc/ERR3772599.fastq.gz",
                "ERR3772599/main/qc/logs",
                "ERR3772599/main/qc/logs/nf.command.begin",
                "ERR3772599/main/qc/logs/nf.command.err",
                "ERR3772599/main/qc/logs/nf.command.log",
                "ERR3772599/main/qc/logs/nf.command.out",
                "ERR3772599/main/qc/logs/nf.command.run",
                "ERR3772599/main/qc/logs/nf.command.sh",
                "ERR3772599/main/qc/logs/nf.command.trace",
                "ERR3772599/main/qc/logs/versions.yml",
                "ERR3772599/main/qc/supplemental",
                "ERR3772599/main/qc/supplemental/ERR3772599-final.json",
                "ERR3772599/main/qc/supplemental/ERR3772599-final_NanoPlot-report.html",
                "ERR3772599/main/qc/supplemental/ERR3772599-final_NanoPlot.tar.gz",
                "ERR3772599/main/qc/supplemental/ERR3772599-original.json",
                "ERR3772599/main/qc/supplemental/ERR3772599-original_NanoPlot-report.html",
                "ERR3772599/main/qc/supplemental/ERR3772599-original_NanoPlot.tar.gz",
                "ERR3772599/main/sketcher",
                "ERR3772599/main/sketcher/ERR3772599-k21.msh",
                "ERR3772599/main/sketcher/ERR3772599-k31.msh",
                "ERR3772599/main/sketcher/ERR3772599-mash-refseq88-k21.txt",
                "ERR3772599/main/sketcher/ERR3772599-sourmash-gtdb-rs207-k31.txt",
                "ERR3772599/main/sketcher/ERR3772599.sig",
                "ERR3772599/main/sketcher/logs",
                "ERR3772599/main/sketcher/logs/nf.command.begin",
                "ERR3772599/main/sketcher/logs/nf.command.err",
                "ERR3772599/main/sketcher/logs/nf.command.log",
                "ERR3772599/main/sketcher/logs/nf.command.out",
                "ERR3772599/main/sketcher/logs/nf.command.run",
                "ERR3772599/main/sketcher/logs/nf.command.sh",
                "ERR3772599/main/sketcher/logs/nf.command.trace",
                "ERR3772599/main/sketcher/logs/versions.yml",
                "ERR3772599/tools",
                "ERR3772599/tools/amrfinderplus",
                "ERR3772599/tools/amrfinderplus/ERR3772599.tsv",
                "ERR3772599/tools/amrfinderplus/logs",
                "ERR3772599/tools/amrfinderplus/logs/nf.command.begin",
                "ERR3772599/tools/amrfinderplus/logs/nf.command.err",
                "ERR3772599/tools/amrfinderplus/logs/nf.command.log",
                "ERR3772599/tools/amrfinderplus/logs/nf.command.out",
                "ERR3772599/tools/amrfinderplus/logs/nf.command.run",
                "ERR3772599/tools/amrfinderplus/logs/nf.command.sh",
                "ERR3772599/tools/amrfinderplus/logs/nf.command.trace",
                "ERR3772599/tools/amrfinderplus/logs/versions.yml",
                "ERR3772599/tools/mlst",
                "ERR3772599/tools/mlst/ERR3772599.tsv",
                "ERR3772599/tools/mlst/logs",
                "ERR3772599/tools/mlst/logs/nf.command.begin",
                "ERR3772599/tools/mlst/logs/nf.command.err",
                "ERR3772599/tools/mlst/logs/nf.command.log",
                "ERR3772599/tools/mlst/logs/nf.command.out",
                "ERR3772599/tools/mlst/logs/nf.command.run",
                "ERR3772599/tools/mlst/logs/nf.command.sh",
                "ERR3772599/tools/mlst/logs/nf.command.trace",
                "ERR3772599/tools/mlst/logs/versions.yml",
                "bactopia-runs",
                "bactopia-runs/bactopia",
                "bactopia-runs/bactopia/merged-results",
                "bactopia-runs/bactopia/merged-results/amrfinderplus.tsv",
                "bactopia-runs/bactopia/merged-results/assembly-scan.tsv",
                "bactopia-runs/bactopia/merged-results/logs",
                "bactopia-runs/bactopia/merged-results/logs/amrfinderplus-concat",
                "bactopia-runs/bactopia/merged-results/logs/amrfinderplus-concat/nf.command.begin",
                "bactopia-runs/bactopia/merged-results/logs/amrfinderplus-concat/nf.command.err",
                "bactopia-runs/bactopia/merged-results/logs/amrfinderplus-concat/nf.command.log",
                "bactopia-runs/bactopia/merged-results/logs/amrfinderplus-concat/nf.command.out",
                "bactopia-runs/bactopia/merged-results/logs/amrfinderplus-concat/nf.command.run",
                "bactopia-runs/bactopia/merged-results/logs/amrfinderplus-concat/nf.command.sh",
                "bactopia-runs/bactopia/merged-results/logs/amrfinderplus-concat/nf.command.trace",
                "bactopia-runs/bactopia/merged-results/logs/amrfinderplus-concat/versions.yml",
                "bactopia-runs/bactopia/merged-results/logs/assembly-scan-concat",
                "bactopia-runs/bactopia/merged-results/logs/assembly-scan-concat/nf.command.begin",
                "bactopia-runs/bactopia/merged-results/logs/assembly-scan-concat/nf.command.err",
                "bactopia-runs/bactopia/merged-results/logs/assembly-scan-concat/nf.command.log",
                "bactopia-runs/bactopia/merged-results/logs/assembly-scan-concat/nf.command.out",
                "bactopia-runs/bactopia/merged-results/logs/assembly-scan-concat/nf.command.run",
                "bactopia-runs/bactopia/merged-results/logs/assembly-scan-concat/nf.command.sh",
                "bactopia-runs/bactopia/merged-results/logs/assembly-scan-concat/nf.command.trace",
                "bactopia-runs/bactopia/merged-results/logs/assembly-scan-concat/versions.yml",
                "bactopia-runs/bactopia/merged-results/logs/meta-concat",
                "bactopia-runs/bactopia/merged-results/logs/meta-concat/nf.command.begin",
                "bactopia-runs/bactopia/merged-results/logs/meta-concat/nf.command.err",
                "bactopia-runs/bactopia/merged-results/logs/meta-concat/nf.command.log",
                "bactopia-runs/bactopia/merged-results/logs/meta-concat/nf.command.out",
                "bactopia-runs/bactopia/merged-results/logs/meta-concat/nf.command.run",
                "bactopia-runs/bactopia/merged-results/logs/meta-concat/nf.command.sh",
                "bactopia-runs/bactopia/merged-results/logs/meta-concat/nf.command.trace",
                "bactopia-runs/bactopia/merged-results/logs/meta-concat/versions.yml",
                "bactopia-runs/bactopia/merged-results/logs/mlst-concat",
                "bactopia-runs/bactopia/merged-results/logs/mlst-concat/nf.command.begin",
                "bactopia-runs/bactopia/merged-results/logs/mlst-concat/nf.command.err",
                "bactopia-runs/bactopia/merged-results/logs/mlst-concat/nf.command.log",
                "bactopia-runs/bactopia/merged-results/logs/mlst-concat/nf.command.out",
                "bactopia-runs/bactopia/merged-results/logs/mlst-concat/nf.command.run",
                "bactopia-runs/bactopia/merged-results/logs/mlst-concat/nf.command.sh",
                "bactopia-runs/bactopia/merged-results/logs/mlst-concat/nf.command.trace",
                "bactopia-runs/bactopia/merged-results/logs/mlst-concat/versions.yml",
                "bactopia-runs/bactopia/merged-results/meta.tsv",
                "bactopia-runs/bactopia/merged-results/mlst.tsv",
                "bactopia-runs/bactopia/nf-reports",
                "bactopia-runs/bactopia/nf-reports/bactopia-dag.dot",
                "bactopia-runs/bactopia/nf-reports/bactopia-report.html",
                "bactopia-runs/bactopia/nf-reports/bactopia-timeline.html"
            ],
            [
                "versions.yml:md5,07a1de950ab52a1008fe77033f6f3281",
                "versions.yml:md5,ed9c9fda59e13bf7e2d61c8c10a0db3b",
                "versions.yml:md5,09f1b1c8c445a2851ee26b7c8dad7d9e",
                "versions.yml:md5,b3a8378277d6c2e7c8f69d7dcf3feaa0",
                "versions.yml:md5,a0ee9af343629e6d5f6e874687dc352d",
                "versions.yml:md5,76231c1d67ae9a4f4e32482603a2db22",
                "versions.yml:md5,73dd76008c8f6c9f91f351fd3e0723e2",
                "versions.yml:md5,c18211bbb02304cba7b3e93cbcaa44c6",
                "versions.yml:md5,1913efda4329af168df4ab88555dbeb4",
                "versions.yml:md5,61924107a406c136f55c445d470721f7",
                "versions.yml:md5,082ad51a2f3d2c0b3a158586edc08efc"
            ]
        ],
        "meta": {
            "nf-test": "0.9.2",
            "nextflow": "25.08.0"
        },
        "timestamp": "2025-10-02T15:30:06.220682098"
    },
    "Bactopia (se) - SRR2838702|portiera|compressed_fastq": {
        "content": [
            11,
            [
                "SRR2838702",
                "SRR2838702/main",
                "SRR2838702/main/annotator",
                "SRR2838702/main/annotator/prokka",
                "SRR2838702/main/annotator/prokka/SRR2838702-blastdb.tar.gz",
                "SRR2838702/main/annotator/prokka/SRR2838702.faa.gz",
                "SRR2838702/main/annotator/prokka/SRR2838702.ffn.gz",
                "SRR2838702/main/annotator/prokka/SRR2838702.fna.gz",
                "SRR2838702/main/annotator/prokka/SRR2838702.fsa.gz",
                "SRR2838702/main/annotator/prokka/SRR2838702.gbk.gz",
                "SRR2838702/main/annotator/prokka/SRR2838702.gff.gz",
                "SRR2838702/main/annotator/prokka/SRR2838702.sqn.gz",
                "SRR2838702/main/annotator/prokka/SRR2838702.tbl.gz",
                "SRR2838702/main/annotator/prokka/SRR2838702.tsv",
                "SRR2838702/main/annotator/prokka/SRR2838702.txt",
                "SRR2838702/main/annotator/prokka/logs",
                "SRR2838702/main/annotator/prokka/logs/SRR2838702.err",
                "SRR2838702/main/annotator/prokka/logs/SRR2838702.log",
                "SRR2838702/main/annotator/prokka/logs/nf.command.begin",
                "SRR2838702/main/annotator/prokka/logs/nf.command.err",
                "SRR2838702/main/annotator/prokka/logs/nf.command.log",
                "SRR2838702/main/annotator/prokka/logs/nf.command.out",
                "SRR2838702/main/annotator/prokka/logs/nf.command.run",
                "SRR2838702/main/annotator/prokka/logs/nf.command.sh",
                "SRR2838702/main/annotator/prokka/logs/nf.command.trace",
                "SRR2838702/main/annotator/prokka/logs/versions.yml",
                "SRR2838702/main/assembler",
                "SRR2838702/main/assembler/SRR2838702.fna.gz",
                "SRR2838702/main/assembler/SRR2838702.tsv",
                "SRR2838702/main/assembler/logs",
                "SRR2838702/main/assembler/logs/nf.command.begin",
                "SRR2838702/main/assembler/logs/nf.command.err",
                "SRR2838702/main/assembler/logs/nf.command.log",
                "SRR2838702/main/assembler/logs/nf.command.out",
                "SRR2838702/main/assembler/logs/nf.command.run",
                "SRR2838702/main/assembler/logs/nf.command.sh",
                "SRR2838702/main/assembler/logs/nf.command.trace",
                "SRR2838702/main/assembler/logs/shovill-se.log",
                "SRR2838702/main/assembler/logs/versions.yml",
                "SRR2838702/main/assembler/supplemental",
                "SRR2838702/main/assembler/supplemental/shovill.corrections",
                "SRR2838702/main/gather",
                "SRR2838702/main/gather/SRR2838702-meta.tsv",
                "SRR2838702/main/gather/logs",
                "SRR2838702/main/gather/logs/nf.command.begin",
                "SRR2838702/main/gather/logs/nf.command.err",
                "SRR2838702/main/gather/logs/nf.command.log",
                "SRR2838702/main/gather/logs/nf.command.out",
                "SRR2838702/main/gather/logs/nf.command.run",
                "SRR2838702/main/gather/logs/nf.command.sh",
                "SRR2838702/main/gather/logs/nf.command.trace",
                "SRR2838702/main/gather/logs/versions.yml",
                "SRR2838702/main/qc",
                "SRR2838702/main/qc/SRR2838702.fastq.gz",
                "SRR2838702/main/qc/logs",
                "SRR2838702/main/qc/logs/SRR2838702-fastp.log",
                "SRR2838702/main/qc/logs/nf.command.begin",
                "SRR2838702/main/qc/logs/nf.command.err",
                "SRR2838702/main/qc/logs/nf.command.log",
                "SRR2838702/main/qc/logs/nf.command.out",
                "SRR2838702/main/qc/logs/nf.command.run",
                "SRR2838702/main/qc/logs/nf.command.sh",
                "SRR2838702/main/qc/logs/nf.command.trace",
                "SRR2838702/main/qc/logs/versions.yml",
                "SRR2838702/main/qc/supplemental",
                "SRR2838702/main/qc/supplemental/SRR2838702-final.json",
                "SRR2838702/main/qc/supplemental/SRR2838702-final_fastqc.html",
                "SRR2838702/main/qc/supplemental/SRR2838702-final_fastqc.zip",
                "SRR2838702/main/qc/supplemental/SRR2838702-original.json",
                "SRR2838702/main/qc/supplemental/SRR2838702-original_fastqc.html",
                "SRR2838702/main/qc/supplemental/SRR2838702-original_fastqc.zip",
                "SRR2838702/main/qc/supplemental/SRR2838702.fastp.html",
                "SRR2838702/main/qc/supplemental/SRR2838702.fastp.json",
                "SRR2838702/main/sketcher",
                "SRR2838702/main/sketcher/SRR2838702-k21.msh",
                "SRR2838702/main/sketcher/SRR2838702-k31.msh",
                "SRR2838702/main/sketcher/SRR2838702-mash-refseq88-k21.txt",
                "SRR2838702/main/sketcher/SRR2838702-sourmash-gtdb-rs207-k31.txt",
                "SRR2838702/main/sketcher/SRR2838702.sig",
                "SRR2838702/main/sketcher/logs",
                "SRR2838702/main/sketcher/logs/nf.command.begin",
                "SRR2838702/main/sketcher/logs/nf.command.err",
                "SRR2838702/main/sketcher/logs/nf.command.log",
                "SRR2838702/main/sketcher/logs/nf.command.out",
                "SRR2838702/main/sketcher/logs/nf.command.run",
                "SRR2838702/main/sketcher/logs/nf.command.sh",
                "SRR2838702/main/sketcher/logs/nf.command.trace",
                "SRR2838702/main/sketcher/logs/versions.yml",
                "SRR2838702/tools",
                "SRR2838702/tools/amrfinderplus",
                "SRR2838702/tools/amrfinderplus/SRR2838702.tsv",
                "SRR2838702/tools/amrfinderplus/logs",
                "SRR2838702/tools/amrfinderplus/logs/nf.command.begin",
                "SRR2838702/tools/amrfinderplus/logs/nf.command.err",
                "SRR2838702/tools/amrfinderplus/logs/nf.command.log",
                "SRR2838702/tools/amrfinderplus/logs/nf.command.out",
                "SRR2838702/tools/amrfinderplus/logs/nf.command.run",
                "SRR2838702/tools/amrfinderplus/logs/nf.command.sh",
                "SRR2838702/tools/amrfinderplus/logs/nf.command.trace",
                "SRR2838702/tools/amrfinderplus/logs/versions.yml",
                "SRR2838702/tools/mlst",
                "SRR2838702/tools/mlst/SRR2838702.tsv",
                "SRR2838702/tools/mlst/logs",
                "SRR2838702/tools/mlst/logs/nf.command.begin",
                "SRR2838702/tools/mlst/logs/nf.command.err",
                "SRR2838702/tools/mlst/logs/nf.command.log",
                "SRR2838702/tools/mlst/logs/nf.command.out",
                "SRR2838702/tools/mlst/logs/nf.command.run",
                "SRR2838702/tools/mlst/logs/nf.command.sh",
                "SRR2838702/tools/mlst/logs/nf.command.trace",
                "SRR2838702/tools/mlst/logs/versions.yml",
                "bactopia-runs",
                "bactopia-runs/bactopia",
                "bactopia-runs/bactopia/merged-results",
                "bactopia-runs/bactopia/merged-results/amrfinderplus.tsv",
                "bactopia-runs/bactopia/merged-results/assembly-scan.tsv",
                "bactopia-runs/bactopia/merged-results/logs",
                "bactopia-runs/bactopia/merged-results/logs/amrfinderplus-concat",
                "bactopia-runs/bactopia/merged-results/logs/amrfinderplus-concat/nf.command.begin",
                "bactopia-runs/bactopia/merged-results/logs/amrfinderplus-concat/nf.command.err",
                "bactopia-runs/bactopia/merged-results/logs/amrfinderplus-concat/nf.command.log",
                "bactopia-runs/bactopia/merged-results/logs/amrfinderplus-concat/nf.command.out",
                "bactopia-runs/bactopia/merged-results/logs/amrfinderplus-concat/nf.command.run",
                "bactopia-runs/bactopia/merged-results/logs/amrfinderplus-concat/nf.command.sh",
                "bactopia-runs/bactopia/merged-results/logs/amrfinderplus-concat/nf.command.trace",
                "bactopia-runs/bactopia/merged-results/logs/amrfinderplus-concat/versions.yml",
                "bactopia-runs/bactopia/merged-results/logs/assembly-scan-concat",
                "bactopia-runs/bactopia/merged-results/logs/assembly-scan-concat/nf.command.begin",
                "bactopia-runs/bactopia/merged-results/logs/assembly-scan-concat/nf.command.err",
                "bactopia-runs/bactopia/merged-results/logs/assembly-scan-concat/nf.command.log",
                "bactopia-runs/bactopia/merged-results/logs/assembly-scan-concat/nf.command.out",
                "bactopia-runs/bactopia/merged-results/logs/assembly-scan-concat/nf.command.run",
                "bactopia-runs/bactopia/merged-results/logs/assembly-scan-concat/nf.command.sh",
                "bactopia-runs/bactopia/merged-results/logs/assembly-scan-concat/nf.command.trace",
                "bactopia-runs/bactopia/merged-results/logs/assembly-scan-concat/versions.yml",
                "bactopia-runs/bactopia/merged-results/logs/meta-concat",
                "bactopia-runs/bactopia/merged-results/logs/meta-concat/nf.command.begin",
                "bactopia-runs/bactopia/merged-results/logs/meta-concat/nf.command.err",
                "bactopia-runs/bactopia/merged-results/logs/meta-concat/nf.command.log",
                "bactopia-runs/bactopia/merged-results/logs/meta-concat/nf.command.out",
                "bactopia-runs/bactopia/merged-results/logs/meta-concat/nf.command.run",
                "bactopia-runs/bactopia/merged-results/logs/meta-concat/nf.command.sh",
                "bactopia-runs/bactopia/merged-results/logs/meta-concat/nf.command.trace",
                "bactopia-runs/bactopia/merged-results/logs/meta-concat/versions.yml",
                "bactopia-runs/bactopia/merged-results/logs/mlst-concat",
                "bactopia-runs/bactopia/merged-results/logs/mlst-concat/nf.command.begin",
                "bactopia-runs/bactopia/merged-results/logs/mlst-concat/nf.command.err",
                "bactopia-runs/bactopia/merged-results/logs/mlst-concat/nf.command.log",
                "bactopia-runs/bactopia/merged-results/logs/mlst-concat/nf.command.out",
                "bactopia-runs/bactopia/merged-results/logs/mlst-concat/nf.command.run",
                "bactopia-runs/bactopia/merged-results/logs/mlst-concat/nf.command.sh",
                "bactopia-runs/bactopia/merged-results/logs/mlst-concat/nf.command.trace",
                "bactopia-runs/bactopia/merged-results/logs/mlst-concat/versions.yml",
                "bactopia-runs/bactopia/merged-results/meta.tsv",
                "bactopia-runs/bactopia/merged-results/mlst.tsv",
                "bactopia-runs/bactopia/nf-reports",
                "bactopia-runs/bactopia/nf-reports/bactopia-dag.dot",
                "bactopia-runs/bactopia/nf-reports/bactopia-report.html",
                "bactopia-runs/bactopia/nf-reports/bactopia-timeline.html"
            ],
            [
                "versions.yml:md5,07a1de950ab52a1008fe77033f6f3281",
                "versions.yml:md5,ed9c9fda59e13bf7e2d61c8c10a0db3b",
                "versions.yml:md5,09f1b1c8c445a2851ee26b7c8dad7d9e",
                "versions.yml:md5,b3a8378277d6c2e7c8f69d7dcf3feaa0",
                "versions.yml:md5,a0ee9af343629e6d5f6e874687dc352d",
                "versions.yml:md5,76231c1d67ae9a4f4e32482603a2db22",
                "versions.yml:md5,73dd76008c8f6c9f91f351fd3e0723e2",
                "versions.yml:md5,c18211bbb02304cba7b3e93cbcaa44c6",
                "versions.yml:md5,1913efda4329af168df4ab88555dbeb4",
                "versions.yml:md5,61924107a406c136f55c445d470721f7",
                "versions.yml:md5,082ad51a2f3d2c0b3a158586edc08efc"
            ]
        ],
        "meta": {
            "nf-test": "0.9.2",
            "nextflow": "25.08.0"
        },
        "timestamp": "2025-10-02T15:23:26.904273203"
    }
}