{
    "qc - module - paired-end": {
        "content": [
            {
                "genome_size": 350000,
                "id": "output-QC",
                "logs_dir": "output/main/qc/logs/",
                "name": "output",
                "output_dir": "output/main/qc/",
                "process_name": "qc",
                "runtype": "paired-end",
                "scope": "sample",
                "single_end": false,
                "species": "Portiera aleyrodidarum"
            },
            [
                "versions.yml:md5,039e8b06ff0140cc2616c36d90ded521"
            ]
        ],
        "timestamp": "2026-07-28T17:05:14.605830198",
        "meta": {
            "nf-test": "0.9.5",
            "nextflow": "26.04.0"
        }
    },
    "qc - module - single-end": {
        "content": [
            {
                "genome_size": 350000,
                "id": "output-QC",
                "logs_dir": "output/main/qc/logs/",
                "name": "output",
                "output_dir": "output/main/qc/",
                "process_name": "qc",
                "runtype": "single-end",
                "scope": "sample",
                "single_end": true,
                "species": "Portiera aleyrodidarum"
            },
            [
                "versions.yml:md5,039e8b06ff0140cc2616c36d90ded521"
            ]
        ],
        "timestamp": "2026-07-28T17:06:17.640161203",
        "meta": {
            "nf-test": "0.9.5",
            "nextflow": "26.04.0"
        }
    },
    "qc - module - hybrid": {
        "content": [
            {
                "genome_size": 350000,
                "id": "output-QC",
                "logs_dir": "output/main/qc/logs/",
                "name": "output",
                "output_dir": "output/main/qc/",
                "process_name": "qc",
                "runtype": "hybrid",
                "scope": "sample",
                "single_end": false,
                "species": "Portiera aleyrodidarum"
            },
            [
                "versions.yml:md5,039e8b06ff0140cc2616c36d90ded521"
            ]
        ],
        "timestamp": "2026-07-28T17:08:57.462133171",
        "meta": {
            "nf-test": "0.9.5",
            "nextflow": "26.04.0"
        }
    },
    "qc - module - long-read": {
        "content": [
            {
                "genome_size": 350000,
                "id": "output-QC",
                "logs_dir": "output/main/qc/logs/",
                "name": "output",
                "output_dir": "output/main/qc/",
                "process_name": "qc",
                "runtype": "ont",
                "scope": "sample",
                "single_end": true,
                "species": "Portiera aleyrodidarum"
            },
            [
                "versions.yml:md5,039e8b06ff0140cc2616c36d90ded521"
            ]
        ],
        "timestamp": "2026-07-28T17:07:08.017750891",
        "meta": {
            "nf-test": "0.9.5",
            "nextflow": "26.04.0"
        }
    },
    "qc - module - skip qc": {
        "content": [
            {
                "genome_size": 350000,
                "id": "output-QC",
                "logs_dir": "output/main/qc/logs/",
                "name": "output",
                "output_dir": "output/main/qc/",
                "process_name": "qc",
                "runtype": "paired-end",
                "scope": "sample",
                "single_end": false,
                "species": "Portiera aleyrodidarum"
            },
            [
                "versions.yml:md5,039e8b06ff0140cc2616c36d90ded521"
            ]
        ],
        "timestamp": "2026-07-28T17:09:37.663643786",
        "meta": {
            "nf-test": "0.9.5",
            "nextflow": "26.04.0"
        }
    }
}