{
    "qc - module - paired-end": {
        "content": [
            {
                "genome_size": 350000,
                "id": "output-QC",
                "logs_dir": "output/main/qc/logs/",
                "name": "output",
                "output_dir": "output/main/qc/",
                "process_name": "qc",
                "runtype": "paired-end",
                "scope": "sample",
                "single_end": false,
                "species": "Portiera aleyrodidarum"
            },
            [
                "versions.yml:md5,039e8b06ff0140cc2616c36d90ded521"
            ]
        ],
        "timestamp": "2026-04-05T09:45:34.723312709",
        "meta": {
            "nf-test": "0.9.5",
            "nextflow": "26.01.0"
        }
    },
    "qc - module - single-end": {
        "content": [
            {
                "genome_size": 350000,
                "id": "output-QC",
                "logs_dir": "output/main/qc/logs/",
                "name": "output",
                "output_dir": "output/main/qc/",
                "process_name": "qc",
                "runtype": "single-end",
                "scope": "sample",
                "single_end": true,
                "species": "Portiera aleyrodidarum"
            },
            [
                "versions.yml:md5,039e8b06ff0140cc2616c36d90ded521"
            ]
        ],
        "timestamp": "2026-04-05T09:46:15.386878154",
        "meta": {
            "nf-test": "0.9.5",
            "nextflow": "26.01.0"
        }
    },
    "qc - module - hybrid": {
        "content": [
            {
                "genome_size": 350000,
                "id": "output-QC",
                "logs_dir": "output/main/qc/logs/",
                "name": "output",
                "output_dir": "output/main/qc/",
                "process_name": "qc",
                "runtype": "hybrid",
                "scope": "sample",
                "single_end": false,
                "species": "Portiera aleyrodidarum"
            },
            [
                "versions.yml:md5,039e8b06ff0140cc2616c36d90ded521"
            ]
        ],
        "timestamp": "2026-04-05T09:48:06.175661765",
        "meta": {
            "nf-test": "0.9.5",
            "nextflow": "26.01.0"
        }
    },
    "qc - module - long-read": {
        "content": [
            {
                "genome_size": 350000,
                "id": "output-QC",
                "logs_dir": "output/main/qc/logs/",
                "name": "output",
                "output_dir": "output/main/qc/",
                "process_name": "qc",
                "runtype": "ont",
                "scope": "sample",
                "single_end": true,
                "species": "Portiera aleyrodidarum"
            },
            [
                "versions.yml:md5,039e8b06ff0140cc2616c36d90ded521"
            ]
        ],
        "timestamp": "2026-04-05T09:46:49.494239425",
        "meta": {
            "nf-test": "0.9.5",
            "nextflow": "26.01.0"
        }
    },
    "qc - module - skip qc": {
        "content": [
            {
                "genome_size": 350000,
                "id": "output-QC",
                "logs_dir": "output/main/qc/logs/",
                "name": "output",
                "output_dir": "output/main/qc/",
                "process_name": "qc",
                "runtype": "paired-end",
                "scope": "sample",
                "single_end": false,
                "species": "Portiera aleyrodidarum"
            },
            [
                "versions.yml:md5,039e8b06ff0140cc2616c36d90ded521"
            ]
        ],
        "timestamp": "2026-04-05T09:48:31.215140219",
        "meta": {
            "nf-test": "0.9.5",
            "nextflow": "26.01.0"
        }
    }
}