{
    "qc - module - paired-end": {
        "content": [
            {
                "genome_size": 350000,
                "id": "output-QC",
                "logs_dir": "output/main/qc/logs/",
                "name": "output",
                "output_dir": "output/main/qc/",
                "process_name": "qc",
                "runtype": "paired-end",
                "scope": "sample",
                "single_end": false,
                "species": "Portiera aleyrodidarum"
            }
        ],
        "timestamp": "2026-07-30T19:02:27.03483307",
        "meta": {
            "nf-test": "0.9.5",
            "nextflow": "26.04.0"
        }
    },
    "qc - module - single-end": {
        "content": [
            {
                "genome_size": 350000,
                "id": "output-QC",
                "logs_dir": "output/main/qc/logs/",
                "name": "output",
                "output_dir": "output/main/qc/",
                "process_name": "qc",
                "runtype": "single-end",
                "scope": "sample",
                "single_end": true,
                "species": "Portiera aleyrodidarum"
            }
        ],
        "timestamp": "2026-07-30T19:03:27.769846657",
        "meta": {
            "nf-test": "0.9.5",
            "nextflow": "26.04.0"
        }
    },
    "qc - module - hybrid": {
        "content": [
            {
                "genome_size": 350000,
                "id": "output-QC",
                "logs_dir": "output/main/qc/logs/",
                "name": "output",
                "output_dir": "output/main/qc/",
                "process_name": "qc",
                "runtype": "hybrid",
                "scope": "sample",
                "single_end": false,
                "species": "Portiera aleyrodidarum"
            }
        ],
        "timestamp": "2026-07-30T19:06:04.95777414",
        "meta": {
            "nf-test": "0.9.5",
            "nextflow": "26.04.0"
        }
    },
    "qc - module - long-read": {
        "content": [
            {
                "genome_size": 350000,
                "id": "output-QC",
                "logs_dir": "output/main/qc/logs/",
                "name": "output",
                "output_dir": "output/main/qc/",
                "process_name": "qc",
                "runtype": "ont",
                "scope": "sample",
                "single_end": true,
                "species": "Portiera aleyrodidarum"
            }
        ],
        "timestamp": "2026-07-30T19:04:14.917296416",
        "meta": {
            "nf-test": "0.9.5",
            "nextflow": "26.04.0"
        }
    },
    "qc - module - skip qc": {
        "content": [
            {
                "genome_size": 350000,
                "id": "output-QC",
                "logs_dir": "output/main/qc/logs/",
                "name": "output",
                "output_dir": "output/main/qc/",
                "process_name": "qc",
                "runtype": "paired-end",
                "scope": "sample",
                "single_end": false,
                "species": "Portiera aleyrodidarum"
            }
        ],
        "timestamp": "2026-07-30T19:06:43.129431936",
        "meta": {
            "nf-test": "0.9.5",
            "nextflow": "26.04.0"
        }
    }
}