{
    "iqtree - module - test (fast)": {
        "content": [
            {
                "id": "test-IQTREE",
                "logs_dir": "iqtree-fast/logs/",
                "name": "test",
                "output_dir": "",
                "process_name": "iqtree-fast",
                "scope": "run"
            },
            [
                "versions.yml:md5,e866b0d7c6f535259cd190571ebec653"
            ]
        ],
        "timestamp": "2026-07-29T01:28:53.673412493",
        "meta": {
            "nf-test": "0.9.5",
            "nextflow": "26.04.0"
        }
    },
    "iqtree - module - test": {
        "content": [
            {
                "id": "test-IQTREE",
                "logs_dir": "iqtree/logs/",
                "name": "test",
                "output_dir": "",
                "process_name": "iqtree",
                "scope": "run"
            },
            [
                "versions.yml:md5,e866b0d7c6f535259cd190571ebec653"
            ]
        ],
        "timestamp": "2026-07-29T01:28:37.947807747",
        "meta": {
            "nf-test": "0.9.5",
            "nextflow": "26.04.0"
        }
    }
}