{
    "iqtree - module - test (fast)": {
        "content": [
            {
                "id": "test-IQTREE",
                "logs_dir": "iqtree-fast/logs/",
                "name": "test",
                "output_dir": "",
                "process_name": "iqtree-fast",
                "scope": "run"
            },
            [
                "versions.yml:md5,398903d9274a5524a619aea3e8931411"
            ]
        ],
        "timestamp": "2026-04-05T09:45:15.825236785",
        "meta": {
            "nf-test": "0.9.5",
            "nextflow": "26.01.0"
        }
    },
    "iqtree - module - test": {
        "content": [
            {
                "id": "test-IQTREE",
                "logs_dir": "iqtree/logs/",
                "name": "test",
                "output_dir": "",
                "process_name": "iqtree",
                "scope": "run"
            },
            [
                "versions.yml:md5,398903d9274a5524a619aea3e8931411"
            ]
        ],
        "timestamp": "2026-04-05T09:45:07.425081638",
        "meta": {
            "nf-test": "0.9.5",
            "nextflow": "26.01.0"
        }
    }
}