{
    "mykrobe - module - SRR2838702": {
        "content": [
            {
                "id": "SRR2838702-MYKROBE_PREDICT",
                "logs_dir": "SRR2838702/tools/mykrobe//logs/",
                "name": "SRR2838702",
                "output_dir": "SRR2838702/tools/mykrobe/",
                "process_name": "mykrobe",
                "scope": "sample",
                "single_end": false
            },
            "SRR2838702.csv:md5,ca92b7f83eb77336c8a326bbea36e276",
            "SRR2838702.json:md5,ba7e1395e57e29a382425cb42962b5a4",
            [
                "versions.yml:md5,3756fdfbed62cef8782098468ef3da9d"
            ]
        ],
        "timestamp": "2026-03-28T06:51:59.276337008",
        "meta": {
            "nf-test": "0.9.5",
            "nextflow": "26.01.0"
        }
    }
}