{
    "checkm2_predict - module - SRR2838702 - compressed": {
        "content": [
            {
                "id": "SRR2838702-CHECKM2_PREDICT",
                "logs_dir": "SRR2838702/tools/checkm2//logs/",
                "name": "SRR2838702",
                "output_dir": "SRR2838702/tools/checkm2/",
                "process_name": "checkm2",
                "scope": "sample"
            },
            "SRR2838702.tsv:md5,74b16d4449c799491deea540f6367e89",
            [
                "versions.yml:md5,f13e02312d6a08ca746e6de2659d8195"
            ]
        ],
        "timestamp": "2026-03-31T14:31:21.703887474",
        "meta": {
            "nf-test": "0.9.5",
            "nextflow": "26.01.0"
        }
    },
    "checkm2_predict - module - SRR2838702 - uncompressed": {
        "content": [
            {
                "id": "SRR2838702-CHECKM2_PREDICT",
                "logs_dir": "SRR2838702/tools/checkm2//logs/",
                "name": "SRR2838702",
                "output_dir": "SRR2838702/tools/checkm2/",
                "process_name": "checkm2",
                "scope": "sample"
            },
            "SRR2838702.tsv:md5,31d39c9c83f31fdc54fda9d10a6127d6",
            [
                "versions.yml:md5,f13e02312d6a08ca746e6de2659d8195"
            ]
        ],
        "timestamp": "2026-03-31T14:26:22.120628024",
        "meta": {
            "nf-test": "0.9.5",
            "nextflow": "26.01.0"
        }
    }
}