{
    "Kraken2 - SRR2838702|portiera|compressed_fastq": {
        "content": [
            1,
            [
                "SRR2838702",
                "SRR2838702/tools",
                "SRR2838702/tools/kraken2",
                "SRR2838702/tools/kraken2/SRR2838702.kraken2.report.txt",
                "SRR2838702/tools/kraken2/logs",
                "SRR2838702/tools/kraken2/logs/nf.command.begin",
                "SRR2838702/tools/kraken2/logs/nf.command.err",
                "SRR2838702/tools/kraken2/logs/nf.command.log",
                "SRR2838702/tools/kraken2/logs/nf.command.out",
                "SRR2838702/tools/kraken2/logs/nf.command.run",
                "SRR2838702/tools/kraken2/logs/nf.command.sh",
                "SRR2838702/tools/kraken2/logs/nf.command.trace",
                "SRR2838702/tools/kraken2/logs/versions.yml",
                "bactopia-runs",
                "bactopia-runs/kraken2",
                "bactopia-runs/kraken2/nf-reports",
                "bactopia-runs/kraken2/nf-reports/kraken2-dag.dot",
                "bactopia-runs/kraken2/nf-reports/kraken2-report.html",
                "bactopia-runs/kraken2/nf-reports/kraken2-timeline.html"
            ],
            [
                "SRR2838702.kraken2.report.txt:md5,dbc13f97657d22326cabf4bd19564174",
                "versions.yml:md5,64abaf13d756f2c9443d3b814985e107"
            ]
        ],
        "timestamp": "2026-04-08T20:20:55.932164404",
        "meta": {
            "nf-test": "0.9.5",
            "nextflow": "26.03.1"
        }
    },
    "Kraken2 (tarball) - SRR2838702|portiera|compressed_fastq": {
        "content": [
            1,
            [
                "SRR2838702",
                "SRR2838702/tools",
                "SRR2838702/tools/kraken2",
                "SRR2838702/tools/kraken2/SRR2838702.kraken2.report.txt",
                "SRR2838702/tools/kraken2/logs",
                "SRR2838702/tools/kraken2/logs/nf.command.begin",
                "SRR2838702/tools/kraken2/logs/nf.command.err",
                "SRR2838702/tools/kraken2/logs/nf.command.log",
                "SRR2838702/tools/kraken2/logs/nf.command.out",
                "SRR2838702/tools/kraken2/logs/nf.command.run",
                "SRR2838702/tools/kraken2/logs/nf.command.sh",
                "SRR2838702/tools/kraken2/logs/nf.command.trace",
                "SRR2838702/tools/kraken2/logs/versions.yml",
                "bactopia-runs",
                "bactopia-runs/kraken2",
                "bactopia-runs/kraken2/nf-reports",
                "bactopia-runs/kraken2/nf-reports/kraken2-dag.dot",
                "bactopia-runs/kraken2/nf-reports/kraken2-report.html",
                "bactopia-runs/kraken2/nf-reports/kraken2-timeline.html"
            ],
            [
                "SRR2838702.kraken2.report.txt:md5,055b6535f05d0342e7926ca9603340bf",
                "versions.yml:md5,64abaf13d756f2c9443d3b814985e107"
            ]
        ],
        "timestamp": "2026-04-08T20:21:34.265767609",
        "meta": {
            "nf-test": "0.9.5",
            "nextflow": "26.03.1"
        }
    }
}