{
    "ShigaTyper - Multiple|shigella_dysenteriae|compressed_fastq": {
        "content": [
            0,
            [
                "bactopia-runs",
                "bactopia-runs/shigatyper",
                "bactopia-runs/shigatyper/nf-reports",
                "bactopia-runs/shigatyper/nf-reports/shigatyper-dag.dot",
                "bactopia-runs/shigatyper/nf-reports/shigatyper-report.html",
                "bactopia-runs/shigatyper/nf-reports/shigatyper-timeline.html"
            ],
            [
                
            ]
        ],
        "timestamp": "2026-03-11T05:55:32.008659451",
        "meta": {
            "nf-test": "0.9.4",
            "nextflow": "26.01.0"
        }
    }
}