{
    "roary - subworkflow - portiera": {
        "content": [
            {
                "id": "portiera-test-ROARY:ROARY_MODULE",
                "logs_dir": "roary/logs",
                "name": "portiera-test",
                "output_dir": "",
                "process_name": "roary",
                "scope": "run"
            },
            [
                "versions.yml:md5,d5496a62b5ffe9e5af444bfc53221551"
            ]
        ],
        "timestamp": "2026-04-08T20:13:09.626092247",
        "meta": {
            "nf-test": "0.9.5",
            "nextflow": "26.03.1"
        }
    }
}