{
    "rgi - subworkflow - GCF_900478275": {
        "content": [
            {
                "id": "GCF_900478275-RGI:RGI_MAIN",
                "logs_dir": "GCF_900478275/tools/rgi_main//logs/",
                "name": "GCF_900478275",
                "output_dir": "GCF_900478275/tools/rgi_main/",
                "process_name": "rgi_main",
                "scope": "sample"
            },
            "GCF_900478275.tsv:md5,9d7754551163e020beed52a8bc14ce83",
            [
                [
                    "GCF_900478275.tsv:md5,9d7754551163e020beed52a8bc14ce83"
                ],
                [
                    "GCF_900478275.json:md5,6c403fb8e2f24b7c88be27ba5a30ca70"
                ]
            ],
            [
                "versions.yml:md5,4a19310417d04abb9e1eeec05629f944"
            ],
            {
                "id": "rgi-RGI:CSVTK_CONCAT",
                "logs_dir": "merged-results/logs/rgi-concat/",
                "name": "rgi",
                "output_dir": "merged-results",
                "process_name": null,
                "scope": "run"
            },
            "rgi.tsv:md5,382bd717d5c6195394865a697183ff37",
            [
                [
                    "rgi.tsv:md5,382bd717d5c6195394865a697183ff37"
                ]
            ],
            [
                "versions.yml:md5,c1294552ba205b057bd368875a4eac93"
            ]
        ],
        "timestamp": "2026-03-14T07:43:42.72681573",
        "meta": {
            "nf-test": "0.9.4",
            "nextflow": "26.01.0"
        }
    }
}