{
    "Mash Dist - GCF_000292685|portiera|compressed_fasta": {
        "content": [
            2,
            [
                "GCF_000292685",
                "GCF_000292685/tools",
                "GCF_000292685/tools/mashdist",
                "GCF_000292685/tools/mashdist/mashdist",
                "GCF_000292685/tools/mashdist/mashdist/GCF_000292685-dist.txt",
                "GCF_000292685/tools/mashdist/mashdist/logs",
                "GCF_000292685/tools/mashdist/mashdist/logs/nf.command.begin",
                "GCF_000292685/tools/mashdist/mashdist/logs/nf.command.err",
                "GCF_000292685/tools/mashdist/mashdist/logs/nf.command.log",
                "GCF_000292685/tools/mashdist/mashdist/logs/nf.command.out",
                "GCF_000292685/tools/mashdist/mashdist/logs/nf.command.run",
                "GCF_000292685/tools/mashdist/mashdist/logs/nf.command.sh",
                "GCF_000292685/tools/mashdist/mashdist/logs/nf.command.trace",
                "GCF_000292685/tools/mashdist/mashdist/logs/versions.yml",
                "bactopia-runs",
                "bactopia-runs/mashdist",
                "bactopia-runs/mashdist/merged-results",
                "bactopia-runs/mashdist/merged-results/logs",
                "bactopia-runs/mashdist/merged-results/logs/mashdist-concat",
                "bactopia-runs/mashdist/merged-results/logs/mashdist-concat/nf.command.begin",
                "bactopia-runs/mashdist/merged-results/logs/mashdist-concat/nf.command.err",
                "bactopia-runs/mashdist/merged-results/logs/mashdist-concat/nf.command.log",
                "bactopia-runs/mashdist/merged-results/logs/mashdist-concat/nf.command.out",
                "bactopia-runs/mashdist/merged-results/logs/mashdist-concat/nf.command.run",
                "bactopia-runs/mashdist/merged-results/logs/mashdist-concat/nf.command.sh",
                "bactopia-runs/mashdist/merged-results/logs/mashdist-concat/nf.command.trace",
                "bactopia-runs/mashdist/merged-results/logs/mashdist-concat/versions.yml",
                "bactopia-runs/mashdist/merged-results/mashdist.tsv",
                "bactopia-runs/mashdist/nf-reports",
                "bactopia-runs/mashdist/nf-reports/mashdist-dag.dot",
                "bactopia-runs/mashdist/nf-reports/mashdist-report.html",
                "bactopia-runs/mashdist/nf-reports/mashdist-timeline.html"
            ],
            [
                "GCF_000292685-dist.txt:md5,ba9d178c2f9598e4c8d2dde49d59be50",
                "versions.yml:md5,a5e76b9a562b0b311239e1342781fb42",
                "versions.yml:md5,fa387a5652585c181be4884eb12f37b0",
                "mashdist.tsv:md5,ba9d178c2f9598e4c8d2dde49d59be50"
            ]
        ],
        "meta": {
            "nf-test": "0.9.2",
            "nextflow": "25.04.6"
        },
        "timestamp": "2025-08-26T11:44:35.20877454"
    }
}