{
    "Mash Dist - SRR2838702|portiera|compressed_fasta": {
        "content": [
            0,
            [
                "bactopia-runs",
                "bactopia-runs/mashdist",
                "bactopia-runs/mashdist/nf-reports",
                "bactopia-runs/mashdist/nf-reports/mashdist-dag.dot",
                "bactopia-runs/mashdist/nf-reports/mashdist-report.html",
                "bactopia-runs/mashdist/nf-reports/mashdist-timeline.html"
            ],
            [
                
            ]
        ],
        "timestamp": "2026-03-11T05:55:29.55344425",
        "meta": {
            "nf-test": "0.9.4",
            "nextflow": "26.01.0"
        }
    }
}