{
    "Sylph - SRR2838702|portiera|compressed_fastq": {
        "content": [
            0,
            [
                "bactopia-runs",
                "bactopia-runs/sylph",
                "bactopia-runs/sylph/nf-reports",
                "bactopia-runs/sylph/nf-reports/sylph-dag.dot",
                "bactopia-runs/sylph/nf-reports/sylph-report.html",
                "bactopia-runs/sylph/nf-reports/sylph-timeline.html"
            ],
            [
                
            ]
        ],
        "timestamp": "2026-03-11T05:55:31.596940082",
        "meta": {
            "nf-test": "0.9.4",
            "nextflow": "26.01.0"
        }
    }
}