{
    "emmtyper - GCF_006364235|streptococcus_pyogenes|compressed_fasta": {
        "content": [
            0,
            [
                "bactopia-runs",
                "bactopia-runs/emmtyper",
                "bactopia-runs/emmtyper/nf-reports",
                "bactopia-runs/emmtyper/nf-reports/emmtyper-dag.dot",
                "bactopia-runs/emmtyper/nf-reports/emmtyper-report.html",
                "bactopia-runs/emmtyper/nf-reports/emmtyper-timeline.html"
            ],
            [
                
            ]
        ],
        "timestamp": "2026-03-11T05:55:27.485716534",
        "meta": {
            "nf-test": "0.9.4",
            "nextflow": "26.01.0"
        }
    },
    "emmtyper (with --emmtyper_blastdb) - GCF_006364235|streptococcus_pyogenes|compressed_fasta": {
        "content": [
            0,
            [
                "bactopia-runs",
                "bactopia-runs/emmtyper",
                "bactopia-runs/emmtyper/nf-reports",
                "bactopia-runs/emmtyper/nf-reports/emmtyper-dag.dot",
                "bactopia-runs/emmtyper/nf-reports/emmtyper-report.html",
                "bactopia-runs/emmtyper/nf-reports/emmtyper-timeline.html"
            ],
            [
                
            ]
        ],
        "timestamp": "2026-03-11T05:55:41.161484203",
        "meta": {
            "nf-test": "0.9.4",
            "nextflow": "26.01.0"
        }
    }
}