{
    "Merlin - shigella_dysenteriae|compressed_fasta_and_fastq": {
        "content": [
            0,
            [
                "bactopia-runs",
                "bactopia-runs/merlin",
                "bactopia-runs/merlin/nf-reports",
                "bactopia-runs/merlin/nf-reports/merlin-dag.dot",
                "bactopia-runs/merlin/nf-reports/merlin-report.html",
                "bactopia-runs/merlin/nf-reports/merlin-timeline.html"
            ],
            [
                
            ]
        ],
        "timestamp": "2026-03-11T05:55:33.682200802",
        "meta": {
            "nf-test": "0.9.4",
            "nextflow": "26.01.0"
        }
    },
    "Merlin (--full_merlin) - portiera|compressed_fasta_and_fastq": {
        "content": [
            0,
            [
                "bactopia-runs",
                "bactopia-runs/merlin",
                "bactopia-runs/merlin/nf-reports",
                "bactopia-runs/merlin/nf-reports/merlin-dag.dot",
                "bactopia-runs/merlin/nf-reports/merlin-report.html",
                "bactopia-runs/merlin/nf-reports/merlin-timeline.html"
            ],
            [
                
            ]
        ],
        "timestamp": "2026-03-11T05:55:46.051648717",
        "meta": {
            "nf-test": "0.9.4",
            "nextflow": "26.01.0"
        }
    }
}