{
    "gtdbtk - module - classify genomes - path (full)": {
        "content": [
            {
                "id": "gtdbtk-test-GTDBTK_CLASSIFYWF",
                "logs_dir": "gtdbtk-test/tools/gtdb//logs/",
                "name": "gtdbtk-test",
                "output_dir": "gtdbtk-test/tools/gtdb/",
                "process_name": "gtdb",
                "scope": "sample"
            },
            [
                "versions.yml:md5,f023d15f8b26e9599946afeb72989b98"
            ]
        ],
        "timestamp": "2026-04-21T15:22:42.640483766",
        "meta": {
            "nf-test": "0.9.5",
            "nextflow": "26.03.1"
        }
    }
}