{
    "gtdbtk - module - classify genomes - path (full)": {
        "content": [
            {
                "id": "gtdbtk-test-GTDBTK_CLASSIFYWF",
                "logs_dir": "gtdbtk-test/tools/gtdb//logs/",
                "name": "gtdbtk-test",
                "output_dir": "gtdbtk-test/tools/gtdb/",
                "process_name": "gtdb",
                "scope": "sample"
            },
            [
                "versions.yml:md5,7cb27f0b82d34e40565279ff91f60fda"
            ]
        ],
        "timestamp": "2026-07-30T19:06:03.495274325",
        "meta": {
            "nf-test": "0.9.5",
            "nextflow": "26.04.0"
        }
    }
}