{
    "agrvate - module - GCF_000017085 - compressed": {
        "content": [
            {
                "id": "GCF_000017085-AGRVATE",
                "logs_dir": "GCF_000017085/tools/agrvate//logs/",
                "name": "GCF_000017085",
                "output_dir": "GCF_000017085/tools/agrvate/",
                "process_name": "agrvate",
                "scope": "sample"
            },
            "GCF_000017085.tsv:md5,b483a3d6ca1908ab813427b06751e51a",
            [
                "versions.yml:md5,fbf8f6ba5629f99370082f5f837a7a2e"
            ]
        ],
        "timestamp": "2026-03-31T20:15:57.362112747",
        "meta": {
            "nf-test": "0.9.5",
            "nextflow": "26.01.0"
        }
    },
    "agrvate - module - GCF_000017085 - uncompressed": {
        "content": [
            {
                "id": "GCF_000017085-AGRVATE",
                "logs_dir": "GCF_000017085/tools/agrvate//logs/",
                "name": "GCF_000017085",
                "output_dir": "GCF_000017085/tools/agrvate/",
                "process_name": "agrvate",
                "scope": "sample"
            },
            "GCF_000017085.tsv:md5,b483a3d6ca1908ab813427b06751e51a",
            [
                "versions.yml:md5,fbf8f6ba5629f99370082f5f837a7a2e"
            ]
        ],
        "timestamp": "2026-03-31T20:15:43.192077627",
        "meta": {
            "nf-test": "0.9.5",
            "nextflow": "26.01.0"
        }
    }
}