{
    "BTyper3 - GCF_000008445|bacillus_anthracis|compressed_fasta": {
        "content": [
            0,
            [
                "bactopia-runs",
                "bactopia-runs/btyper3",
                "bactopia-runs/btyper3/nf-reports",
                "bactopia-runs/btyper3/nf-reports/btyper3-dag.dot",
                "bactopia-runs/btyper3/nf-reports/btyper3-report.html",
                "bactopia-runs/btyper3/nf-reports/btyper3-timeline.html"
            ],
            [
                
            ]
        ],
        "timestamp": "2026-03-11T05:55:28.660262682",
        "meta": {
            "nf-test": "0.9.4",
            "nextflow": "26.01.0"
        }
    }
}