{
    "BTyper3 - GCF_000008445|bacillus_anthracis|compressed_fasta": {
        "content": [
            2,
            [
                "GCF_000008445",
                "GCF_000008445/tools",
                "GCF_000008445/tools/btyper3",
                "GCF_000008445/tools/btyper3/GCF_000008445.tsv",
                "GCF_000008445/tools/btyper3/logs",
                "GCF_000008445/tools/btyper3/logs/nf.command.begin",
                "GCF_000008445/tools/btyper3/logs/nf.command.err",
                "GCF_000008445/tools/btyper3/logs/nf.command.log",
                "GCF_000008445/tools/btyper3/logs/nf.command.out",
                "GCF_000008445/tools/btyper3/logs/nf.command.run",
                "GCF_000008445/tools/btyper3/logs/nf.command.sh",
                "GCF_000008445/tools/btyper3/logs/nf.command.trace",
                "GCF_000008445/tools/btyper3/logs/versions.yml",
                "GCF_000008445/tools/btyper3/supplemental",
                "GCF_000008445/tools/btyper3/supplemental/bt",
                "GCF_000008445/tools/btyper3/supplemental/bt/GCF_000008445_bt.txt",
                "GCF_000008445/tools/btyper3/supplemental/logs",
                "GCF_000008445/tools/btyper3/supplemental/logs/GCF_000008445.log",
                "GCF_000008445/tools/btyper3/supplemental/mlst",
                "GCF_000008445/tools/btyper3/supplemental/mlst/GCF_000008445_mlst.txt",
                "GCF_000008445/tools/btyper3/supplemental/panC",
                "GCF_000008445/tools/btyper3/supplemental/panC/GCF_000008445_panC.txt",
                "GCF_000008445/tools/btyper3/supplemental/species",
                "GCF_000008445/tools/btyper3/supplemental/species/GCF_000008445_species_fastani.txt",
                "GCF_000008445/tools/btyper3/supplemental/subspecies",
                "GCF_000008445/tools/btyper3/supplemental/subspecies/GCF_000008445_subspecies_fastani.txt",
                "GCF_000008445/tools/btyper3/supplemental/typestrains",
                "GCF_000008445/tools/btyper3/supplemental/typestrains/GCF_000008445_typestrains_fastani.txt",
                "GCF_000008445/tools/btyper3/supplemental/virulence",
                "GCF_000008445/tools/btyper3/supplemental/virulence/GCF_000008445_virulence.txt",
                "bactopia-runs",
                "bactopia-runs/btyper3",
                "bactopia-runs/btyper3/merged-results",
                "bactopia-runs/btyper3/merged-results/btyper3.tsv",
                "bactopia-runs/btyper3/merged-results/logs",
                "bactopia-runs/btyper3/merged-results/logs/btyper3-concat",
                "bactopia-runs/btyper3/merged-results/logs/btyper3-concat/nf.command.begin",
                "bactopia-runs/btyper3/merged-results/logs/btyper3-concat/nf.command.err",
                "bactopia-runs/btyper3/merged-results/logs/btyper3-concat/nf.command.log",
                "bactopia-runs/btyper3/merged-results/logs/btyper3-concat/nf.command.out",
                "bactopia-runs/btyper3/merged-results/logs/btyper3-concat/nf.command.run",
                "bactopia-runs/btyper3/merged-results/logs/btyper3-concat/nf.command.sh",
                "bactopia-runs/btyper3/merged-results/logs/btyper3-concat/nf.command.trace",
                "bactopia-runs/btyper3/merged-results/logs/btyper3-concat/versions.yml",
                "bactopia-runs/btyper3/nf-reports",
                "bactopia-runs/btyper3/nf-reports/btyper3-dag.dot",
                "bactopia-runs/btyper3/nf-reports/btyper3-report.html",
                "bactopia-runs/btyper3/nf-reports/btyper3-timeline.html"
            ],
            [
                "GCF_000008445.tsv:md5,4a242c5823bc16f6f6869ab8abac5803",
                "versions.yml:md5,0556b7dd459aafcfd66bb694721633ba",
                "GCF_000008445_bt.txt:md5,f8996f2b86607d4f2d3ed54925212203",
                "GCF_000008445_mlst.txt:md5,0d7d9aa7474e8277b4b1e4ea93395e03",
                "GCF_000008445_panC.txt:md5,28b900185ad468292ab9a3832cb71f54",
                "GCF_000008445_species_fastani.txt:md5,f79b4adff3bcfebb8983355dbcacb438",
                "GCF_000008445_subspecies_fastani.txt:md5,2be240f213a9a8386cbc8f7c5a8fcca7",
                "GCF_000008445_typestrains_fastani.txt:md5,9502b9147758c48adce54b524bfdd160",
                "GCF_000008445_virulence.txt:md5,42e52c285f9cd734bf635e6812d0371d",
                "btyper3.tsv:md5,23cd9060d11d2ef980b70603c89c5558",
                "versions.yml:md5,40ee298a3f689113440883cada3337aa"
            ]
        ],
        "timestamp": "2026-04-08T20:15:40.660469932",
        "meta": {
            "nf-test": "0.9.5",
            "nextflow": "26.03.1"
        }
    }
}