{
    "Ariba - SRR2838702|portiera|compressed_fastq": {
        "content": [
            0,
            [
                "bactopia-runs",
                "bactopia-runs/ariba-card",
                "bactopia-runs/ariba-card/nf-reports",
                "bactopia-runs/ariba-card/nf-reports/ariba-dag.dot",
                "bactopia-runs/ariba-card/nf-reports/ariba-report.html",
                "bactopia-runs/ariba-card/nf-reports/ariba-timeline.html"
            ],
            [
                
            ]
        ],
        "timestamp": "2026-03-22T06:15:10.953863055",
        "meta": {
            "nf-test": "0.9.4",
            "nextflow": "26.01.0"
        }
    }
}