{
    "blastx (single-gene.ffn.gz|--blastx_use_genes) - SRR2838702|portiera|blastdb": {
        "content": [
            2,
            [
                "SRR2838702",
                "SRR2838702/tools",
                "SRR2838702/tools/blastx",
                "SRR2838702/tools/blastx/SRR2838702.blastx.tsv",
                "SRR2838702/tools/blastx/logs",
                "SRR2838702/tools/blastx/logs/nf.command.begin",
                "SRR2838702/tools/blastx/logs/nf.command.err",
                "SRR2838702/tools/blastx/logs/nf.command.log",
                "SRR2838702/tools/blastx/logs/nf.command.out",
                "SRR2838702/tools/blastx/logs/nf.command.run",
                "SRR2838702/tools/blastx/logs/nf.command.sh",
                "SRR2838702/tools/blastx/logs/nf.command.trace",
                "SRR2838702/tools/blastx/logs/versions.yml",
                "bactopia-runs",
                "bactopia-runs/blastx",
                "bactopia-runs/blastx/merged-results",
                "bactopia-runs/blastx/merged-results/blastx.tsv",
                "bactopia-runs/blastx/merged-results/logs",
                "bactopia-runs/blastx/merged-results/logs/blastx-concat",
                "bactopia-runs/blastx/merged-results/logs/blastx-concat/nf.command.begin",
                "bactopia-runs/blastx/merged-results/logs/blastx-concat/nf.command.err",
                "bactopia-runs/blastx/merged-results/logs/blastx-concat/nf.command.log",
                "bactopia-runs/blastx/merged-results/logs/blastx-concat/nf.command.out",
                "bactopia-runs/blastx/merged-results/logs/blastx-concat/nf.command.run",
                "bactopia-runs/blastx/merged-results/logs/blastx-concat/nf.command.sh",
                "bactopia-runs/blastx/merged-results/logs/blastx-concat/nf.command.trace",
                "bactopia-runs/blastx/merged-results/logs/blastx-concat/versions.yml",
                "bactopia-runs/blastx/nf-reports",
                "bactopia-runs/blastx/nf-reports/blastx-dag.dot",
                "bactopia-runs/blastx/nf-reports/blastx-report.html",
                "bactopia-runs/blastx/nf-reports/blastx-timeline.html"
            ],
            [
                "SRR2838702.blastx.tsv:md5,54bf71afa132b0a2bee41b21d49cf615",
                "versions.yml:md5,bc9f4b9dd3f88c8f5da4741c236ed406",
                "blastx.tsv:md5,54bf71afa132b0a2bee41b21d49cf615",
                "versions.yml:md5,8634f578eba8a3c37f4edffd83aad444"
            ]
        ],
        "meta": {
            "nf-test": "0.9.2",
            "nextflow": "25.04.6"
        },
        "timestamp": "2025-09-03T06:46:53.63642111"
    },
    "blastx (single-gene.ffn) - SRR2838702|portiera|blastdb": {
        "content": [
            2,
            [
                "SRR2838702",
                "SRR2838702/tools",
                "SRR2838702/tools/blastx",
                "SRR2838702/tools/blastx/SRR2838702.blastx.tsv",
                "SRR2838702/tools/blastx/logs",
                "SRR2838702/tools/blastx/logs/nf.command.begin",
                "SRR2838702/tools/blastx/logs/nf.command.err",
                "SRR2838702/tools/blastx/logs/nf.command.log",
                "SRR2838702/tools/blastx/logs/nf.command.out",
                "SRR2838702/tools/blastx/logs/nf.command.run",
                "SRR2838702/tools/blastx/logs/nf.command.sh",
                "SRR2838702/tools/blastx/logs/nf.command.trace",
                "SRR2838702/tools/blastx/logs/versions.yml",
                "bactopia-runs",
                "bactopia-runs/blastx",
                "bactopia-runs/blastx/merged-results",
                "bactopia-runs/blastx/merged-results/blastx.tsv",
                "bactopia-runs/blastx/merged-results/logs",
                "bactopia-runs/blastx/merged-results/logs/blastx-concat",
                "bactopia-runs/blastx/merged-results/logs/blastx-concat/nf.command.begin",
                "bactopia-runs/blastx/merged-results/logs/blastx-concat/nf.command.err",
                "bactopia-runs/blastx/merged-results/logs/blastx-concat/nf.command.log",
                "bactopia-runs/blastx/merged-results/logs/blastx-concat/nf.command.out",
                "bactopia-runs/blastx/merged-results/logs/blastx-concat/nf.command.run",
                "bactopia-runs/blastx/merged-results/logs/blastx-concat/nf.command.sh",
                "bactopia-runs/blastx/merged-results/logs/blastx-concat/nf.command.trace",
                "bactopia-runs/blastx/merged-results/logs/blastx-concat/versions.yml",
                "bactopia-runs/blastx/nf-reports",
                "bactopia-runs/blastx/nf-reports/blastx-dag.dot",
                "bactopia-runs/blastx/nf-reports/blastx-report.html",
                "bactopia-runs/blastx/nf-reports/blastx-timeline.html"
            ],
            [
                "SRR2838702.blastx.tsv:md5,54bf71afa132b0a2bee41b21d49cf615",
                "versions.yml:md5,bc9f4b9dd3f88c8f5da4741c236ed406",
                "blastx.tsv:md5,54bf71afa132b0a2bee41b21d49cf615",
                "versions.yml:md5,8634f578eba8a3c37f4edffd83aad444"
            ]
        ],
        "meta": {
            "nf-test": "0.9.2",
            "nextflow": "25.04.6"
        },
        "timestamp": "2025-09-03T06:47:14.432104729"
    },
    "blastx (single-gene.ffn.gz) - SRR2838702|portiera|blastdb": {
        "content": [
            2,
            [
                "SRR2838702",
                "SRR2838702/tools",
                "SRR2838702/tools/blastx",
                "SRR2838702/tools/blastx/SRR2838702.blastx.tsv",
                "SRR2838702/tools/blastx/logs",
                "SRR2838702/tools/blastx/logs/nf.command.begin",
                "SRR2838702/tools/blastx/logs/nf.command.err",
                "SRR2838702/tools/blastx/logs/nf.command.log",
                "SRR2838702/tools/blastx/logs/nf.command.out",
                "SRR2838702/tools/blastx/logs/nf.command.run",
                "SRR2838702/tools/blastx/logs/nf.command.sh",
                "SRR2838702/tools/blastx/logs/nf.command.trace",
                "SRR2838702/tools/blastx/logs/versions.yml",
                "bactopia-runs",
                "bactopia-runs/blastx",
                "bactopia-runs/blastx/merged-results",
                "bactopia-runs/blastx/merged-results/blastx.tsv",
                "bactopia-runs/blastx/merged-results/logs",
                "bactopia-runs/blastx/merged-results/logs/blastx-concat",
                "bactopia-runs/blastx/merged-results/logs/blastx-concat/nf.command.begin",
                "bactopia-runs/blastx/merged-results/logs/blastx-concat/nf.command.err",
                "bactopia-runs/blastx/merged-results/logs/blastx-concat/nf.command.log",
                "bactopia-runs/blastx/merged-results/logs/blastx-concat/nf.command.out",
                "bactopia-runs/blastx/merged-results/logs/blastx-concat/nf.command.run",
                "bactopia-runs/blastx/merged-results/logs/blastx-concat/nf.command.sh",
                "bactopia-runs/blastx/merged-results/logs/blastx-concat/nf.command.trace",
                "bactopia-runs/blastx/merged-results/logs/blastx-concat/versions.yml",
                "bactopia-runs/blastx/nf-reports",
                "bactopia-runs/blastx/nf-reports/blastx-dag.dot",
                "bactopia-runs/blastx/nf-reports/blastx-report.html",
                "bactopia-runs/blastx/nf-reports/blastx-timeline.html"
            ],
            [
                "SRR2838702.blastx.tsv:md5,54bf71afa132b0a2bee41b21d49cf615",
                "versions.yml:md5,bc9f4b9dd3f88c8f5da4741c236ed406",
                "blastx.tsv:md5,54bf71afa132b0a2bee41b21d49cf615",
                "versions.yml:md5,8634f578eba8a3c37f4edffd83aad444"
            ]
        ],
        "meta": {
            "nf-test": "0.9.2",
            "nextflow": "25.04.6"
        },
        "timestamp": "2025-09-03T06:46:33.996942701"
    }
}