{
    "SISTR - GCF_016028495|salmonella_enterica|compressed_fasta": {
        "content": [
            0,
            [
                "bactopia-runs",
                "bactopia-runs/sistr",
                "bactopia-runs/sistr/nf-reports",
                "bactopia-runs/sistr/nf-reports/sistr-dag.dot",
                "bactopia-runs/sistr/nf-reports/sistr-report.html",
                "bactopia-runs/sistr/nf-reports/sistr-timeline.html"
            ],
            [
                
            ]
        ],
        "timestamp": "2026-03-11T05:55:31.340789666",
        "meta": {
            "nf-test": "0.9.4",
            "nextflow": "26.01.0"
        }
    }
}