{
    "Busco - SRR2838702|portiera|compressed_fasta": {
        "content": [
            2,
            [
                "SRR2838702",
                "SRR2838702/tools",
                "SRR2838702/tools/busco",
                "SRR2838702/tools/busco/bacteria_odb10",
                "SRR2838702/tools/busco/bacteria_odb10/SRR2838702-summary.txt",
                "SRR2838702/tools/busco/bacteria_odb10/logs",
                "SRR2838702/tools/busco/bacteria_odb10/logs/bbtools_err.log",
                "SRR2838702/tools/busco/bacteria_odb10/logs/bbtools_out.log",
                "SRR2838702/tools/busco/bacteria_odb10/logs/busco.log",
                "SRR2838702/tools/busco/bacteria_odb10/logs/hmmsearch_err.log",
                "SRR2838702/tools/busco/bacteria_odb10/logs/hmmsearch_out.log",
                "SRR2838702/tools/busco/bacteria_odb10/logs/nf.command.begin",
                "SRR2838702/tools/busco/bacteria_odb10/logs/nf.command.err",
                "SRR2838702/tools/busco/bacteria_odb10/logs/nf.command.log",
                "SRR2838702/tools/busco/bacteria_odb10/logs/nf.command.out",
                "SRR2838702/tools/busco/bacteria_odb10/logs/nf.command.run",
                "SRR2838702/tools/busco/bacteria_odb10/logs/nf.command.sh",
                "SRR2838702/tools/busco/bacteria_odb10/logs/nf.command.trace",
                "SRR2838702/tools/busco/bacteria_odb10/logs/prodigal_err.log",
                "SRR2838702/tools/busco/bacteria_odb10/logs/prodigal_mode_single_code_11_err.log",
                "SRR2838702/tools/busco/bacteria_odb10/logs/prodigal_mode_single_code_11_out.log",
                "SRR2838702/tools/busco/bacteria_odb10/logs/prodigal_mode_single_code_4_err.log",
                "SRR2838702/tools/busco/bacteria_odb10/logs/prodigal_mode_single_code_4_out.log",
                "SRR2838702/tools/busco/bacteria_odb10/logs/prodigal_out.log",
                "SRR2838702/tools/busco/bacteria_odb10/logs/versions.yml",
                "SRR2838702/tools/busco/bacteria_odb10/supplemental",
                "SRR2838702/tools/busco/bacteria_odb10/supplemental/prodigal_output",
                "SRR2838702/tools/busco/bacteria_odb10/supplemental/prodigal_output/predicted_genes",
                "SRR2838702/tools/busco/bacteria_odb10/supplemental/prodigal_output/predicted_genes/predicted.faa.gz",
                "SRR2838702/tools/busco/bacteria_odb10/supplemental/prodigal_output/predicted_genes/predicted.fna.gz",
                "SRR2838702/tools/busco/bacteria_odb10/supplemental/prodigal_output/predicted_genes/tmp",
                "SRR2838702/tools/busco/bacteria_odb10/supplemental/prodigal_output/predicted_genes/tmp/prodigal_mode_single_code_11.faa.gz",
                "SRR2838702/tools/busco/bacteria_odb10/supplemental/prodigal_output/predicted_genes/tmp/prodigal_mode_single_code_11.fna.gz",
                "SRR2838702/tools/busco/bacteria_odb10/supplemental/prodigal_output/predicted_genes/tmp/prodigal_mode_single_code_4.faa.gz",
                "SRR2838702/tools/busco/bacteria_odb10/supplemental/prodigal_output/predicted_genes/tmp/prodigal_mode_single_code_4.fna.gz",
                "SRR2838702/tools/busco/bacteria_odb10/supplemental/run_bacteria_odb10",
                "SRR2838702/tools/busco/bacteria_odb10/supplemental/run_bacteria_odb10/.bbtools_output",
                "SRR2838702/tools/busco/bacteria_odb10/supplemental/run_bacteria_odb10/busco_sequences",
                "SRR2838702/tools/busco/bacteria_odb10/supplemental/run_bacteria_odb10/busco_sequences/fragmented_busco_sequences",
                "SRR2838702/tools/busco/bacteria_odb10/supplemental/run_bacteria_odb10/busco_sequences/fragmented_busco_sequences/1540940at2.faa.gz",
                "SRR2838702/tools/busco/bacteria_odb10/supplemental/run_bacteria_odb10/busco_sequences/fragmented_busco_sequences/1540940at2.fna.gz",
                "SRR2838702/tools/busco/bacteria_odb10/supplemental/run_bacteria_odb10/busco_sequences/fragmented_busco_sequences/1827334at2.faa.gz",
                "SRR2838702/tools/busco/bacteria_odb10/supplemental/run_bacteria_odb10/busco_sequences/fragmented_busco_sequences/1827334at2.fna.gz",
                "SRR2838702/tools/busco/bacteria_odb10/supplemental/run_bacteria_odb10/busco_sequences/fragmented_busco_sequences/1830156at2.faa.gz",
                "SRR2838702/tools/busco/bacteria_odb10/supplemental/run_bacteria_odb10/busco_sequences/fragmented_busco_sequences/1830156at2.fna.gz",
                "SRR2838702/tools/busco/bacteria_odb10/supplemental/run_bacteria_odb10/busco_sequences/fragmented_busco_sequences/1874945at2.faa.gz",
                "SRR2838702/tools/busco/bacteria_odb10/supplemental/run_bacteria_odb10/busco_sequences/fragmented_busco_sequences/1874945at2.fna.gz",
                "SRR2838702/tools/busco/bacteria_odb10/supplemental/run_bacteria_odb10/busco_sequences/fragmented_busco_sequences/1937072at2.faa.gz",
                "SRR2838702/tools/busco/bacteria_odb10/supplemental/run_bacteria_odb10/busco_sequences/fragmented_busco_sequences/1937072at2.fna.gz",
                "SRR2838702/tools/busco/bacteria_odb10/supplemental/run_bacteria_odb10/busco_sequences/fragmented_busco_sequences/1971380at2.faa.gz",
                "SRR2838702/tools/busco/bacteria_odb10/supplemental/run_bacteria_odb10/busco_sequences/fragmented_busco_sequences/1971380at2.fna.gz",
                "SRR2838702/tools/busco/bacteria_odb10/supplemental/run_bacteria_odb10/busco_sequences/fragmented_busco_sequences/226836at2.faa.gz",
                "SRR2838702/tools/busco/bacteria_odb10/supplemental/run_bacteria_odb10/busco_sequences/fragmented_busco_sequences/226836at2.fna.gz",
                "SRR2838702/tools/busco/bacteria_odb10/supplemental/run_bacteria_odb10/busco_sequences/fragmented_busco_sequences/4421at2.faa.gz",
                "SRR2838702/tools/busco/bacteria_odb10/supplemental/run_bacteria_odb10/busco_sequences/fragmented_busco_sequences/4421at2.fna.gz",
                "SRR2838702/tools/busco/bacteria_odb10/supplemental/run_bacteria_odb10/busco_sequences/fragmented_busco_sequences/469058at2.faa.gz",
                "SRR2838702/tools/busco/bacteria_odb10/supplemental/run_bacteria_odb10/busco_sequences/fragmented_busco_sequences/469058at2.fna.gz",
                "SRR2838702/tools/busco/bacteria_odb10/supplemental/run_bacteria_odb10/busco_sequences/fragmented_busco_sequences/837522at2.faa.gz",
                "SRR2838702/tools/busco/bacteria_odb10/supplemental/run_bacteria_odb10/busco_sequences/fragmented_busco_sequences/837522at2.fna.gz",
                "SRR2838702/tools/busco/bacteria_odb10/supplemental/run_bacteria_odb10/busco_sequences/fragmented_busco_sequences/9601at2.faa.gz",
                "SRR2838702/tools/busco/bacteria_odb10/supplemental/run_bacteria_odb10/busco_sequences/fragmented_busco_sequences/9601at2.fna.gz",
                "SRR2838702/tools/busco/bacteria_odb10/supplemental/run_bacteria_odb10/busco_sequences/fragmented_busco_sequences/981870at2.faa.gz",
                "SRR2838702/tools/busco/bacteria_odb10/supplemental/run_bacteria_odb10/busco_sequences/fragmented_busco_sequences/981870at2.fna.gz",
                "SRR2838702/tools/busco/bacteria_odb10/supplemental/run_bacteria_odb10/busco_sequences/multi_copy_busco_sequences",
                "SRR2838702/tools/busco/bacteria_odb10/supplemental/run_bacteria_odb10/busco_sequences/single_copy_busco_sequences",
                "SRR2838702/tools/busco/bacteria_odb10/supplemental/run_bacteria_odb10/busco_sequences/single_copy_busco_sequences/1132353at2.faa.gz",
                "SRR2838702/tools/busco/bacteria_odb10/supplemental/run_bacteria_odb10/busco_sequences/single_copy_busco_sequences/1132353at2.fna.gz",
                "SRR2838702/tools/busco/bacteria_odb10/supplemental/run_bacteria_odb10/busco_sequences/single_copy_busco_sequences/1211060at2.faa.gz",
                "SRR2838702/tools/busco/bacteria_odb10/supplemental/run_bacteria_odb10/busco_sequences/single_copy_busco_sequences/1211060at2.fna.gz",
                "SRR2838702/tools/busco/bacteria_odb10/supplemental/run_bacteria_odb10/busco_sequences/single_copy_busco_sequences/1456375at2.faa.gz",
                "SRR2838702/tools/busco/bacteria_odb10/supplemental/run_bacteria_odb10/busco_sequences/single_copy_busco_sequences/1456375at2.fna.gz",
                "SRR2838702/tools/busco/bacteria_odb10/supplemental/run_bacteria_odb10/busco_sequences/single_copy_busco_sequences/1505038at2.faa.gz",
                "SRR2838702/tools/busco/bacteria_odb10/supplemental/run_bacteria_odb10/busco_sequences/single_copy_busco_sequences/1505038at2.fna.gz",
                "SRR2838702/tools/busco/bacteria_odb10/supplemental/run_bacteria_odb10/busco_sequences/single_copy_busco_sequences/1567535at2.faa.gz",
                "SRR2838702/tools/busco/bacteria_odb10/supplemental/run_bacteria_odb10/busco_sequences/single_copy_busco_sequences/1567535at2.fna.gz",
                "SRR2838702/tools/busco/bacteria_odb10/supplemental/run_bacteria_odb10/busco_sequences/single_copy_busco_sequences/1666043at2.faa.gz",
                "SRR2838702/tools/busco/bacteria_odb10/supplemental/run_bacteria_odb10/busco_sequences/single_copy_busco_sequences/1666043at2.fna.gz",
                "SRR2838702/tools/busco/bacteria_odb10/supplemental/run_bacteria_odb10/busco_sequences/single_copy_busco_sequences/1692188at2.faa.gz",
                "SRR2838702/tools/busco/bacteria_odb10/supplemental/run_bacteria_odb10/busco_sequences/single_copy_busco_sequences/1692188at2.fna.gz",
                "SRR2838702/tools/busco/bacteria_odb10/supplemental/run_bacteria_odb10/busco_sequences/single_copy_busco_sequences/1698718at2.faa.gz",
                "SRR2838702/tools/busco/bacteria_odb10/supplemental/run_bacteria_odb10/busco_sequences/single_copy_busco_sequences/1698718at2.fna.gz",
                "SRR2838702/tools/busco/bacteria_odb10/supplemental/run_bacteria_odb10/busco_sequences/single_copy_busco_sequences/1707228at2.faa.gz",
                "SRR2838702/tools/busco/bacteria_odb10/supplemental/run_bacteria_odb10/busco_sequences/single_copy_busco_sequences/1707228at2.fna.gz",
                "SRR2838702/tools/busco/bacteria_odb10/supplemental/run_bacteria_odb10/busco_sequences/single_copy_busco_sequences/1713391at2.faa.gz",
                "SRR2838702/tools/busco/bacteria_odb10/supplemental/run_bacteria_odb10/busco_sequences/single_copy_busco_sequences/1713391at2.fna.gz",
                "SRR2838702/tools/busco/bacteria_odb10/supplemental/run_bacteria_odb10/busco_sequences/single_copy_busco_sequences/1772647at2.faa.gz",
                "SRR2838702/tools/busco/bacteria_odb10/supplemental/run_bacteria_odb10/busco_sequences/single_copy_busco_sequences/1772647at2.fna.gz",
                "SRR2838702/tools/busco/bacteria_odb10/supplemental/run_bacteria_odb10/busco_sequences/single_copy_busco_sequences/1786618at2.faa.gz",
                "SRR2838702/tools/busco/bacteria_odb10/supplemental/run_bacteria_odb10/busco_sequences/single_copy_busco_sequences/1786618at2.fna.gz",
                "SRR2838702/tools/busco/bacteria_odb10/supplemental/run_bacteria_odb10/busco_sequences/single_copy_busco_sequences/1799923at2.faa.gz",
                "SRR2838702/tools/busco/bacteria_odb10/supplemental/run_bacteria_odb10/busco_sequences/single_copy_busco_sequences/1799923at2.fna.gz",
                "SRR2838702/tools/busco/bacteria_odb10/supplemental/run_bacteria_odb10/busco_sequences/single_copy_busco_sequences/1838961at2.faa.gz",
                "SRR2838702/tools/busco/bacteria_odb10/supplemental/run_bacteria_odb10/busco_sequences/single_copy_busco_sequences/1838961at2.fna.gz",
                "SRR2838702/tools/busco/bacteria_odb10/supplemental/run_bacteria_odb10/busco_sequences/single_copy_busco_sequences/1893906at2.faa.gz",
                "SRR2838702/tools/busco/bacteria_odb10/supplemental/run_bacteria_odb10/busco_sequences/single_copy_busco_sequences/1893906at2.fna.gz",
                "SRR2838702/tools/busco/bacteria_odb10/supplemental/run_bacteria_odb10/busco_sequences/single_copy_busco_sequences/1904463at2.faa.gz",
                "SRR2838702/tools/busco/bacteria_odb10/supplemental/run_bacteria_odb10/busco_sequences/single_copy_busco_sequences/1904463at2.fna.gz",
                "SRR2838702/tools/busco/bacteria_odb10/supplemental/run_bacteria_odb10/busco_sequences/single_copy_busco_sequences/1963491at2.faa.gz",
                "SRR2838702/tools/busco/bacteria_odb10/supplemental/run_bacteria_odb10/busco_sequences/single_copy_busco_sequences/1963491at2.fna.gz",
                "SRR2838702/tools/busco/bacteria_odb10/supplemental/run_bacteria_odb10/busco_sequences/single_copy_busco_sequences/1978865at2.faa.gz",
                "SRR2838702/tools/busco/bacteria_odb10/supplemental/run_bacteria_odb10/busco_sequences/single_copy_busco_sequences/1978865at2.fna.gz",
                "SRR2838702/tools/busco/bacteria_odb10/supplemental/run_bacteria_odb10/busco_sequences/single_copy_busco_sequences/2005443at2.faa.gz",
                "SRR2838702/tools/busco/bacteria_odb10/supplemental/run_bacteria_odb10/busco_sequences/single_copy_busco_sequences/2005443at2.fna.gz",
                "SRR2838702/tools/busco/bacteria_odb10/supplemental/run_bacteria_odb10/busco_sequences/single_copy_busco_sequences/2012682at2.faa.gz",
                "SRR2838702/tools/busco/bacteria_odb10/supplemental/run_bacteria_odb10/busco_sequences/single_copy_busco_sequences/2012682at2.fna.gz",
                "SRR2838702/tools/busco/bacteria_odb10/supplemental/run_bacteria_odb10/busco_sequences/single_copy_busco_sequences/2035880at2.faa.gz",
                "SRR2838702/tools/busco/bacteria_odb10/supplemental/run_bacteria_odb10/busco_sequences/single_copy_busco_sequences/2035880at2.fna.gz",
                "SRR2838702/tools/busco/bacteria_odb10/supplemental/run_bacteria_odb10/busco_sequences/single_copy_busco_sequences/2040741at2.faa.gz",
                "SRR2838702/tools/busco/bacteria_odb10/supplemental/run_bacteria_odb10/busco_sequences/single_copy_busco_sequences/2040741at2.fna.gz",
                "SRR2838702/tools/busco/bacteria_odb10/supplemental/run_bacteria_odb10/busco_sequences/single_copy_busco_sequences/2063644at2.faa.gz",
                "SRR2838702/tools/busco/bacteria_odb10/supplemental/run_bacteria_odb10/busco_sequences/single_copy_busco_sequences/2063644at2.fna.gz",
                "SRR2838702/tools/busco/bacteria_odb10/supplemental/run_bacteria_odb10/busco_sequences/single_copy_busco_sequences/353391at2.faa.gz",
                "SRR2838702/tools/busco/bacteria_odb10/supplemental/run_bacteria_odb10/busco_sequences/single_copy_busco_sequences/353391at2.fna.gz",
                "SRR2838702/tools/busco/bacteria_odb10/supplemental/run_bacteria_odb10/busco_sequences/single_copy_busco_sequences/430176at2.faa.gz",
                "SRR2838702/tools/busco/bacteria_odb10/supplemental/run_bacteria_odb10/busco_sequences/single_copy_busco_sequences/430176at2.fna.gz",
                "SRR2838702/tools/busco/bacteria_odb10/supplemental/run_bacteria_odb10/busco_sequences/single_copy_busco_sequences/662686at2.faa.gz",
                "SRR2838702/tools/busco/bacteria_odb10/supplemental/run_bacteria_odb10/busco_sequences/single_copy_busco_sequences/662686at2.fna.gz",
                "SRR2838702/tools/busco/bacteria_odb10/supplemental/run_bacteria_odb10/busco_sequences/single_copy_busco_sequences/665824at2.faa.gz",
                "SRR2838702/tools/busco/bacteria_odb10/supplemental/run_bacteria_odb10/busco_sequences/single_copy_busco_sequences/665824at2.fna.gz",
                "SRR2838702/tools/busco/bacteria_odb10/supplemental/run_bacteria_odb10/busco_sequences/single_copy_busco_sequences/761140at2.faa.gz",
                "SRR2838702/tools/busco/bacteria_odb10/supplemental/run_bacteria_odb10/busco_sequences/single_copy_busco_sequences/761140at2.fna.gz",
                "SRR2838702/tools/busco/bacteria_odb10/supplemental/run_bacteria_odb10/busco_sequences/single_copy_busco_sequences/776861at2.faa.gz",
                "SRR2838702/tools/busco/bacteria_odb10/supplemental/run_bacteria_odb10/busco_sequences/single_copy_busco_sequences/776861at2.fna.gz",
                "SRR2838702/tools/busco/bacteria_odb10/supplemental/run_bacteria_odb10/busco_sequences/single_copy_busco_sequences/961486at2.faa.gz",
                "SRR2838702/tools/busco/bacteria_odb10/supplemental/run_bacteria_odb10/busco_sequences/single_copy_busco_sequences/961486at2.fna.gz",
                "SRR2838702/tools/busco/bacteria_odb10/supplemental/run_bacteria_odb10/full_table.tsv",
                "SRR2838702/tools/busco/bacteria_odb10/supplemental/run_bacteria_odb10/hmmer_output",
                "SRR2838702/tools/busco/bacteria_odb10/supplemental/run_bacteria_odb10/hmmer_output/1009041at2.out.gz",
                "SRR2838702/tools/busco/bacteria_odb10/supplemental/run_bacteria_odb10/hmmer_output/1024388at2.out.gz",
                "SRR2838702/tools/busco/bacteria_odb10/supplemental/run_bacteria_odb10/hmmer_output/1036075at2.out.gz",
                "SRR2838702/tools/busco/bacteria_odb10/supplemental/run_bacteria_odb10/hmmer_output/1043239at2.out.gz",
                "SRR2838702/tools/busco/bacteria_odb10/supplemental/run_bacteria_odb10/hmmer_output/1049662at2.out.gz",
                "SRR2838702/tools/busco/bacteria_odb10/supplemental/run_bacteria_odb10/hmmer_output/1054741at2.out.gz",
                "SRR2838702/tools/busco/bacteria_odb10/supplemental/run_bacteria_odb10/hmmer_output/1069591at2.out.gz",
                "SRR2838702/tools/busco/bacteria_odb10/supplemental/run_bacteria_odb10/hmmer_output/1074831at2.out.gz",
                "SRR2838702/tools/busco/bacteria_odb10/supplemental/run_bacteria_odb10/hmmer_output/1080436at2.out.gz",
                "SRR2838702/tools/busco/bacteria_odb10/supplemental/run_bacteria_odb10/hmmer_output/1093223at2.out.gz",
                "SRR2838702/tools/busco/bacteria_odb10/supplemental/run_bacteria_odb10/hmmer_output/1132353at2.out.gz",
                "SRR2838702/tools/busco/bacteria_odb10/supplemental/run_bacteria_odb10/hmmer_output/1151822at2.out.gz",
                "SRR2838702/tools/busco/bacteria_odb10/supplemental/run_bacteria_odb10/hmmer_output/1166299at2.out.gz",
                "SRR2838702/tools/busco/bacteria_odb10/supplemental/run_bacteria_odb10/hmmer_output/1211060at2.out.gz",
                "SRR2838702/tools/busco/bacteria_odb10/supplemental/run_bacteria_odb10/hmmer_output/1257362at2.out.gz",
                "SRR2838702/tools/busco/bacteria_odb10/supplemental/run_bacteria_odb10/hmmer_output/1266295at2.out.gz",
                "SRR2838702/tools/busco/bacteria_odb10/supplemental/run_bacteria_odb10/hmmer_output/1270636at2.out.gz",
                "SRR2838702/tools/busco/bacteria_odb10/supplemental/run_bacteria_odb10/hmmer_output/1272633at2.out.gz",
                "SRR2838702/tools/busco/bacteria_odb10/supplemental/run_bacteria_odb10/hmmer_output/1346419at2.out.gz",
                "SRR2838702/tools/busco/bacteria_odb10/supplemental/run_bacteria_odb10/hmmer_output/1395197at2.out.gz",
                "SRR2838702/tools/busco/bacteria_odb10/supplemental/run_bacteria_odb10/hmmer_output/1398618at2.out.gz",
                "SRR2838702/tools/busco/bacteria_odb10/supplemental/run_bacteria_odb10/hmmer_output/1419877at2.out.gz",
                "SRR2838702/tools/busco/bacteria_odb10/supplemental/run_bacteria_odb10/hmmer_output/143460at2.out.gz",
                "SRR2838702/tools/busco/bacteria_odb10/supplemental/run_bacteria_odb10/hmmer_output/1456375at2.out.gz",
                "SRR2838702/tools/busco/bacteria_odb10/supplemental/run_bacteria_odb10/hmmer_output/1470978at2.out.gz",
                "SRR2838702/tools/busco/bacteria_odb10/supplemental/run_bacteria_odb10/hmmer_output/1490892at2.out.gz",
                "SRR2838702/tools/busco/bacteria_odb10/supplemental/run_bacteria_odb10/hmmer_output/1491686at2.out.gz",
                "SRR2838702/tools/busco/bacteria_odb10/supplemental/run_bacteria_odb10/hmmer_output/1497415at2.out.gz",
                "SRR2838702/tools/busco/bacteria_odb10/supplemental/run_bacteria_odb10/hmmer_output/1502854at2.out.gz",
                "SRR2838702/tools/busco/bacteria_odb10/supplemental/run_bacteria_odb10/hmmer_output/1504821at2.out.gz",
                "SRR2838702/tools/busco/bacteria_odb10/supplemental/run_bacteria_odb10/hmmer_output/1505038at2.out.gz",
                "SRR2838702/tools/busco/bacteria_odb10/supplemental/run_bacteria_odb10/hmmer_output/1540940at2.out.gz",
                "SRR2838702/tools/busco/bacteria_odb10/supplemental/run_bacteria_odb10/hmmer_output/1567535at2.out.gz",
                "SRR2838702/tools/busco/bacteria_odb10/supplemental/run_bacteria_odb10/hmmer_output/1572673at2.out.gz",
                "SRR2838702/tools/busco/bacteria_odb10/supplemental/run_bacteria_odb10/hmmer_output/1574817at2.out.gz",
                "SRR2838702/tools/busco/bacteria_odb10/supplemental/run_bacteria_odb10/hmmer_output/1590629at2.out.gz",
                "SRR2838702/tools/busco/bacteria_odb10/supplemental/run_bacteria_odb10/hmmer_output/1592033at2.out.gz",
                "SRR2838702/tools/busco/bacteria_odb10/supplemental/run_bacteria_odb10/hmmer_output/1595498at2.out.gz",
                "SRR2838702/tools/busco/bacteria_odb10/supplemental/run_bacteria_odb10/hmmer_output/1623045at2.out.gz",
                "SRR2838702/tools/busco/bacteria_odb10/supplemental/run_bacteria_odb10/hmmer_output/1661836at2.out.gz",
                "SRR2838702/tools/busco/bacteria_odb10/supplemental/run_bacteria_odb10/hmmer_output/1666043at2.out.gz",
                "SRR2838702/tools/busco/bacteria_odb10/supplemental/run_bacteria_odb10/hmmer_output/1671455at2.out.gz",
                "SRR2838702/tools/busco/bacteria_odb10/supplemental/run_bacteria_odb10/hmmer_output/1674344at2.out.gz",
                "SRR2838702/tools/busco/bacteria_odb10/supplemental/run_bacteria_odb10/hmmer_output/1676462at2.out.gz",
                "SRR2838702/tools/busco/bacteria_odb10/supplemental/run_bacteria_odb10/hmmer_output/1692188at2.out.gz",
                "SRR2838702/tools/busco/bacteria_odb10/supplemental/run_bacteria_odb10/hmmer_output/1698718at2.out.gz",
                "SRR2838702/tools/busco/bacteria_odb10/supplemental/run_bacteria_odb10/hmmer_output/1701531at2.out.gz",
                "SRR2838702/tools/busco/bacteria_odb10/supplemental/run_bacteria_odb10/hmmer_output/1702697at2.out.gz",
                "SRR2838702/tools/busco/bacteria_odb10/supplemental/run_bacteria_odb10/hmmer_output/1707228at2.out.gz",
                "SRR2838702/tools/busco/bacteria_odb10/supplemental/run_bacteria_odb10/hmmer_output/1713391at2.out.gz",
                "SRR2838702/tools/busco/bacteria_odb10/supplemental/run_bacteria_odb10/hmmer_output/1720952at2.out.gz",
                "SRR2838702/tools/busco/bacteria_odb10/supplemental/run_bacteria_odb10/hmmer_output/1758685at2.out.gz",
                "SRR2838702/tools/busco/bacteria_odb10/supplemental/run_bacteria_odb10/hmmer_output/1760144at2.out.gz",
                "SRR2838702/tools/busco/bacteria_odb10/supplemental/run_bacteria_odb10/hmmer_output/1766414at2.out.gz",
                "SRR2838702/tools/busco/bacteria_odb10/supplemental/run_bacteria_odb10/hmmer_output/1772647at2.out.gz",
                "SRR2838702/tools/busco/bacteria_odb10/supplemental/run_bacteria_odb10/hmmer_output/1776954at2.out.gz",
                "SRR2838702/tools/busco/bacteria_odb10/supplemental/run_bacteria_odb10/hmmer_output/1786618at2.out.gz",
                "SRR2838702/tools/busco/bacteria_odb10/supplemental/run_bacteria_odb10/hmmer_output/1799923at2.out.gz",
                "SRR2838702/tools/busco/bacteria_odb10/supplemental/run_bacteria_odb10/hmmer_output/182107at2.out.gz",
                "SRR2838702/tools/busco/bacteria_odb10/supplemental/run_bacteria_odb10/hmmer_output/1822215at2.out.gz",
                "SRR2838702/tools/busco/bacteria_odb10/supplemental/run_bacteria_odb10/hmmer_output/1822695at2.out.gz",
                "SRR2838702/tools/busco/bacteria_odb10/supplemental/run_bacteria_odb10/hmmer_output/1827295at2.out.gz",
                "SRR2838702/tools/busco/bacteria_odb10/supplemental/run_bacteria_odb10/hmmer_output/1827334at2.out.gz",
                "SRR2838702/tools/busco/bacteria_odb10/supplemental/run_bacteria_odb10/hmmer_output/1830156at2.out.gz",
                "SRR2838702/tools/busco/bacteria_odb10/supplemental/run_bacteria_odb10/hmmer_output/1838961at2.out.gz",
                "SRR2838702/tools/busco/bacteria_odb10/supplemental/run_bacteria_odb10/hmmer_output/1842956at2.out.gz",
                "SRR2838702/tools/busco/bacteria_odb10/supplemental/run_bacteria_odb10/hmmer_output/1844275at2.out.gz",
                "SRR2838702/tools/busco/bacteria_odb10/supplemental/run_bacteria_odb10/hmmer_output/1846503at2.out.gz",
                "SRR2838702/tools/busco/bacteria_odb10/supplemental/run_bacteria_odb10/hmmer_output/1874945at2.out.gz",
                "SRR2838702/tools/busco/bacteria_odb10/supplemental/run_bacteria_odb10/hmmer_output/1890943at2.out.gz",
                "SRR2838702/tools/busco/bacteria_odb10/supplemental/run_bacteria_odb10/hmmer_output/1893906at2.out.gz",
                "SRR2838702/tools/busco/bacteria_odb10/supplemental/run_bacteria_odb10/hmmer_output/1904463at2.out.gz",
                "SRR2838702/tools/busco/bacteria_odb10/supplemental/run_bacteria_odb10/hmmer_output/1906715at2.out.gz",
                "SRR2838702/tools/busco/bacteria_odb10/supplemental/run_bacteria_odb10/hmmer_output/1932144at2.out.gz",
                "SRR2838702/tools/busco/bacteria_odb10/supplemental/run_bacteria_odb10/hmmer_output/1937072at2.out.gz",
                "SRR2838702/tools/busco/bacteria_odb10/supplemental/run_bacteria_odb10/hmmer_output/1937493at2.out.gz",
                "SRR2838702/tools/busco/bacteria_odb10/supplemental/run_bacteria_odb10/hmmer_output/1940575at2.out.gz",
                "SRR2838702/tools/busco/bacteria_odb10/supplemental/run_bacteria_odb10/hmmer_output/1949059at2.out.gz",
                "SRR2838702/tools/busco/bacteria_odb10/supplemental/run_bacteria_odb10/hmmer_output/1959318at2.out.gz",
                "SRR2838702/tools/busco/bacteria_odb10/supplemental/run_bacteria_odb10/hmmer_output/1963491at2.out.gz",
                "SRR2838702/tools/busco/bacteria_odb10/supplemental/run_bacteria_odb10/hmmer_output/1971380at2.out.gz",
                "SRR2838702/tools/busco/bacteria_odb10/supplemental/run_bacteria_odb10/hmmer_output/1978865at2.out.gz",
                "SRR2838702/tools/busco/bacteria_odb10/supplemental/run_bacteria_odb10/hmmer_output/1990141at2.out.gz",
                "SRR2838702/tools/busco/bacteria_odb10/supplemental/run_bacteria_odb10/hmmer_output/1990650at2.out.gz",
                "SRR2838702/tools/busco/bacteria_odb10/supplemental/run_bacteria_odb10/hmmer_output/2005443at2.out.gz",
                "SRR2838702/tools/busco/bacteria_odb10/supplemental/run_bacteria_odb10/hmmer_output/2012682at2.out.gz",
                "SRR2838702/tools/busco/bacteria_odb10/supplemental/run_bacteria_odb10/hmmer_output/2035880at2.out.gz",
                "SRR2838702/tools/busco/bacteria_odb10/supplemental/run_bacteria_odb10/hmmer_output/2040741at2.out.gz",
                "SRR2838702/tools/busco/bacteria_odb10/supplemental/run_bacteria_odb10/hmmer_output/2046660at2.out.gz",
                "SRR2838702/tools/busco/bacteria_odb10/supplemental/run_bacteria_odb10/hmmer_output/2063644at2.out.gz",
                "SRR2838702/tools/busco/bacteria_odb10/supplemental/run_bacteria_odb10/hmmer_output/2066663at2.out.gz",
                "SRR2838702/tools/busco/bacteria_odb10/supplemental/run_bacteria_odb10/hmmer_output/2075502at2.out.gz",
                "SRR2838702/tools/busco/bacteria_odb10/supplemental/run_bacteria_odb10/hmmer_output/219876at2.out.gz",
                "SRR2838702/tools/busco/bacteria_odb10/supplemental/run_bacteria_odb10/hmmer_output/223233at2.out.gz",
                "SRR2838702/tools/busco/bacteria_odb10/supplemental/run_bacteria_odb10/hmmer_output/226836at2.out.gz",
                "SRR2838702/tools/busco/bacteria_odb10/supplemental/run_bacteria_odb10/hmmer_output/232152at2.out.gz",
                "SRR2838702/tools/busco/bacteria_odb10/supplemental/run_bacteria_odb10/hmmer_output/26038at2.out.gz",
                "SRR2838702/tools/busco/bacteria_odb10/supplemental/run_bacteria_odb10/hmmer_output/267682at2.out.gz",
                "SRR2838702/tools/busco/bacteria_odb10/supplemental/run_bacteria_odb10/hmmer_output/353391at2.out.gz",
                "SRR2838702/tools/busco/bacteria_odb10/supplemental/run_bacteria_odb10/hmmer_output/384865at2.out.gz",
                "SRR2838702/tools/busco/bacteria_odb10/supplemental/run_bacteria_odb10/hmmer_output/402899at2.out.gz",
                "SRR2838702/tools/busco/bacteria_odb10/supplemental/run_bacteria_odb10/hmmer_output/430176at2.out.gz",
                "SRR2838702/tools/busco/bacteria_odb10/supplemental/run_bacteria_odb10/hmmer_output/4421at2.out.gz",
                "SRR2838702/tools/busco/bacteria_odb10/supplemental/run_bacteria_odb10/hmmer_output/462069at2.out.gz",
                "SRR2838702/tools/busco/bacteria_odb10/supplemental/run_bacteria_odb10/hmmer_output/469058at2.out.gz",
                "SRR2838702/tools/busco/bacteria_odb10/supplemental/run_bacteria_odb10/hmmer_output/504464at2.out.gz",
                "SRR2838702/tools/busco/bacteria_odb10/supplemental/run_bacteria_odb10/hmmer_output/505485at2.out.gz",
                "SRR2838702/tools/busco/bacteria_odb10/supplemental/run_bacteria_odb10/hmmer_output/533698at2.out.gz",
                "SRR2838702/tools/busco/bacteria_odb10/supplemental/run_bacteria_odb10/hmmer_output/662686at2.out.gz",
                "SRR2838702/tools/busco/bacteria_odb10/supplemental/run_bacteria_odb10/hmmer_output/665824at2.out.gz",
                "SRR2838702/tools/busco/bacteria_odb10/supplemental/run_bacteria_odb10/hmmer_output/761140at2.out.gz",
                "SRR2838702/tools/busco/bacteria_odb10/supplemental/run_bacteria_odb10/hmmer_output/776861at2.out.gz",
                "SRR2838702/tools/busco/bacteria_odb10/supplemental/run_bacteria_odb10/hmmer_output/837522at2.out.gz",
                "SRR2838702/tools/busco/bacteria_odb10/supplemental/run_bacteria_odb10/hmmer_output/841869at2.out.gz",
                "SRR2838702/tools/busco/bacteria_odb10/supplemental/run_bacteria_odb10/hmmer_output/874197at2.out.gz",
                "SRR2838702/tools/busco/bacteria_odb10/supplemental/run_bacteria_odb10/hmmer_output/91428at2.out.gz",
                "SRR2838702/tools/busco/bacteria_odb10/supplemental/run_bacteria_odb10/hmmer_output/923547at2.out.gz",
                "SRR2838702/tools/busco/bacteria_odb10/supplemental/run_bacteria_odb10/hmmer_output/932854at2.out.gz",
                "SRR2838702/tools/busco/bacteria_odb10/supplemental/run_bacteria_odb10/hmmer_output/932993at2.out.gz",
                "SRR2838702/tools/busco/bacteria_odb10/supplemental/run_bacteria_odb10/hmmer_output/95696at2.out.gz",
                "SRR2838702/tools/busco/bacteria_odb10/supplemental/run_bacteria_odb10/hmmer_output/9601at2.out.gz",
                "SRR2838702/tools/busco/bacteria_odb10/supplemental/run_bacteria_odb10/hmmer_output/961486at2.out.gz",
                "SRR2838702/tools/busco/bacteria_odb10/supplemental/run_bacteria_odb10/hmmer_output/981870at2.out.gz",
                "SRR2838702/tools/busco/bacteria_odb10/supplemental/run_bacteria_odb10/hmmer_output/984717at2.out.gz",
                "SRR2838702/tools/busco/bacteria_odb10/supplemental/run_bacteria_odb10/missing_busco_list.tsv",
                "SRR2838702/tools/busco/bacteria_odb10/supplemental/run_bacteria_odb10/short_summary.json",
                "SRR2838702/tools/busco/bacteria_odb10/supplemental/run_bacteria_odb10/short_summary.txt",
                "SRR2838702/tools/busco/bacteria_odb10/supplemental/short_summary.specific.bacteria_odb10.SRR2838702.fna.json",
                "SRR2838702/tools/busco/bacteria_odb10/supplemental/short_summary.specific.bacteria_odb10.SRR2838702.fna.txt",
                "bactopia-runs",
                "bactopia-runs/busco-bacteria_odb10",
                "bactopia-runs/busco-bacteria_odb10/merged-results",
                "bactopia-runs/busco-bacteria_odb10/merged-results/busco-bacteria_odb10.tsv",
                "bactopia-runs/busco-bacteria_odb10/merged-results/logs",
                "bactopia-runs/busco-bacteria_odb10/merged-results/logs/busco-bacteria_odb10-concat",
                "bactopia-runs/busco-bacteria_odb10/merged-results/logs/busco-bacteria_odb10-concat/nf.command.begin",
                "bactopia-runs/busco-bacteria_odb10/merged-results/logs/busco-bacteria_odb10-concat/nf.command.err",
                "bactopia-runs/busco-bacteria_odb10/merged-results/logs/busco-bacteria_odb10-concat/nf.command.log",
                "bactopia-runs/busco-bacteria_odb10/merged-results/logs/busco-bacteria_odb10-concat/nf.command.out",
                "bactopia-runs/busco-bacteria_odb10/merged-results/logs/busco-bacteria_odb10-concat/nf.command.run",
                "bactopia-runs/busco-bacteria_odb10/merged-results/logs/busco-bacteria_odb10-concat/nf.command.sh",
                "bactopia-runs/busco-bacteria_odb10/merged-results/logs/busco-bacteria_odb10-concat/nf.command.trace",
                "bactopia-runs/busco-bacteria_odb10/merged-results/logs/busco-bacteria_odb10-concat/versions.yml",
                "bactopia-runs/busco-bacteria_odb10/nf-reports",
                "bactopia-runs/busco-bacteria_odb10/nf-reports/busco-dag.dot",
                "bactopia-runs/busco-bacteria_odb10/nf-reports/busco-report.html",
                "bactopia-runs/busco-bacteria_odb10/nf-reports/busco-timeline.html"
            ],
            [
                "SRR2838702-summary.txt:md5,d1cbbfb9ab7dee0204bfa26f3b982620",
                "versions.yml:md5,84a39022a8e62bb5b3eb9c860e79d49f",
                "full_table.tsv:md5,395616b19c70bb4ff67982cfc4c32511",
                "missing_busco_list.tsv:md5,05d02e7e8108d122094d4f90d5dc624b",
                "busco-bacteria_odb10.tsv:md5,d1cbbfb9ab7dee0204bfa26f3b982620",
                "versions.yml:md5,06546ad8c9dee85b74317666718ef698"
            ]
        ],
        "timestamp": "2026-04-08T20:15:08.110815684",
        "meta": {
            "nf-test": "0.9.5",
            "nextflow": "26.03.1"
        }
    }
}