{
    "genomedl - subworkflow - accessions file": {
        "content": [
            {
                "accession": null,
                "id": "genomedl",
                "limit": 100,
                "logs_dir": "genomedl/logs",
                "name": "genomedl",
                "output_dir": "genomedl",
                "process_name": "genomedl",
                "scope": "run",
                "species": null
            },
            [
                "versions.yml:md5,df087e43d695dee0f2bfffa1d15991e8"
            ]
        ],
        "timestamp": "2026-07-30T00:33:56.13524619",
        "meta": {
            "nf-test": "0.9.5",
            "nextflow": "26.04.0"
        }
    },
    "genomedl - subworkflow - species with limit": {
        "content": [
            {
                "accession": null,
                "id": "genomedl",
                "limit": 2,
                "logs_dir": "genomedl/logs",
                "name": "genomedl",
                "output_dir": "genomedl",
                "process_name": "genomedl",
                "scope": "run",
                "species": "Candidatus Portiera aleyrodidarum"
            },
            [
                "versions.yml:md5,df087e43d695dee0f2bfffa1d15991e8"
            ]
        ],
        "timestamp": "2026-07-30T00:34:09.299195954",
        "meta": {
            "nf-test": "0.9.5",
            "nextflow": "26.04.0"
        }
    },
    "genomedl - subworkflow - single accession": {
        "content": [
            {
                "accession": "GCF_000292685",
                "id": "genomedl",
                "limit": 100,
                "logs_dir": "genomedl/logs",
                "name": "genomedl",
                "output_dir": "genomedl",
                "process_name": "genomedl",
                "scope": "run",
                "species": null
            },
            [
                "versions.yml:md5,df087e43d695dee0f2bfffa1d15991e8"
            ]
        ],
        "timestamp": "2026-07-30T00:33:42.265850529",
        "meta": {
            "nf-test": "0.9.5",
            "nextflow": "26.04.0"
        }
    }
}