{
    "ncbigenomedownload - subworkflow - single accession": {
        "content": [
            {
                "accession": "GCF_000292685.1",
                "id": "ncbigenomedownload",
                "limit": null,
                "logs_dir": "ncbigenomedownload/logs",
                "output_dir": "ncbigenomedownload",
                "process_name": "ncbigenomedownload",
                "scope": "run",
                "species": null
            },
            [
                "versions.yml:md5,6ecc191283714fbb0fbc752c9911bf44"
            ]
        ],
        "timestamp": "2026-03-22T07:07:39.233317816",
        "meta": {
            "nf-test": "0.9.4",
            "nextflow": "26.01.0"
        }
    }
}