{
    "busco - module - SRR2838702 - compressed": {
        "content": [
            {
                "id": "SRR2838702-BUSCO",
                "logs_dir": "SRR2838702/tools/busco/bacteria_odb10/logs/",
                "name": "SRR2838702",
                "output_dir": "SRR2838702/tools/busco/bacteria_odb10",
                "process_name": "busco",
                "scope": "sample"
            },
            "SRR2838702-summary.txt:md5,d1cbbfb9ab7dee0204bfa26f3b982620",
            [
                "versions.yml:md5,63a54671479080ef196761c11a1d1ee9"
            ]
        ],
        "timestamp": "2026-07-30T00:28:37.885132821",
        "meta": {
            "nf-test": "0.9.5",
            "nextflow": "26.04.0"
        }
    },
    "busco - module - SRR2838702 - uncompressed": {
        "content": [
            {
                "id": "SRR2838702-BUSCO",
                "logs_dir": "SRR2838702/tools/busco/bacteria_odb10/logs/",
                "name": "SRR2838702",
                "output_dir": "SRR2838702/tools/busco/bacteria_odb10",
                "process_name": "busco",
                "scope": "sample"
            },
            "SRR2838702-summary.txt:md5,6f1755af3cdf443a46475b3cac0e37cf",
            [
                "versions.yml:md5,63a54671479080ef196761c11a1d1ee9"
            ]
        ],
        "timestamp": "2026-07-30T00:28:00.420520931",
        "meta": {
            "nf-test": "0.9.5",
            "nextflow": "26.04.0"
        }
    }
}