{
    "staphtyper - GCF_000017085|staphylococcus_aureus|compressed_fasta": {
        "content": [
            0,
            [
                "bactopia-runs",
                "bactopia-runs/staphtyper",
                "bactopia-runs/staphtyper/nf-reports",
                "bactopia-runs/staphtyper/nf-reports/staphtyper-dag.dot",
                "bactopia-runs/staphtyper/nf-reports/staphtyper-report.html",
                "bactopia-runs/staphtyper/nf-reports/staphtyper-timeline.html"
            ],
            [
                
            ]
        ],
        "timestamp": "2026-03-22T06:15:11.123017863",
        "meta": {
            "nf-test": "0.9.4",
            "nextflow": "26.01.0"
        }
    }
}