{
    "pbptyper - GCF_001457635|streptococcus_pneumoniae|compressed_fasta": {
        "content": [
            2,
            [
                "GCF_001457635",
                "GCF_001457635/tools",
                "GCF_001457635/tools/pbptyper",
                "GCF_001457635/tools/pbptyper/GCF_001457635.tblastn.tsv",
                "GCF_001457635/tools/pbptyper/GCF_001457635.tsv",
                "GCF_001457635/tools/pbptyper/logs",
                "GCF_001457635/tools/pbptyper/logs/nf.command.begin",
                "GCF_001457635/tools/pbptyper/logs/nf.command.err",
                "GCF_001457635/tools/pbptyper/logs/nf.command.log",
                "GCF_001457635/tools/pbptyper/logs/nf.command.out",
                "GCF_001457635/tools/pbptyper/logs/nf.command.run",
                "GCF_001457635/tools/pbptyper/logs/nf.command.sh",
                "GCF_001457635/tools/pbptyper/logs/nf.command.trace",
                "GCF_001457635/tools/pbptyper/logs/versions.yml",
                "bactopia-runs",
                "bactopia-runs/pbptyper",
                "bactopia-runs/pbptyper/merged-results",
                "bactopia-runs/pbptyper/merged-results/logs",
                "bactopia-runs/pbptyper/merged-results/logs/pbptyper-concat",
                "bactopia-runs/pbptyper/merged-results/logs/pbptyper-concat/nf.command.begin",
                "bactopia-runs/pbptyper/merged-results/logs/pbptyper-concat/nf.command.err",
                "bactopia-runs/pbptyper/merged-results/logs/pbptyper-concat/nf.command.log",
                "bactopia-runs/pbptyper/merged-results/logs/pbptyper-concat/nf.command.out",
                "bactopia-runs/pbptyper/merged-results/logs/pbptyper-concat/nf.command.run",
                "bactopia-runs/pbptyper/merged-results/logs/pbptyper-concat/nf.command.sh",
                "bactopia-runs/pbptyper/merged-results/logs/pbptyper-concat/nf.command.trace",
                "bactopia-runs/pbptyper/merged-results/logs/pbptyper-concat/versions.yml",
                "bactopia-runs/pbptyper/merged-results/pbptyper.tsv",
                "bactopia-runs/pbptyper/nf-reports",
                "bactopia-runs/pbptyper/nf-reports/pbptyper-dag.dot",
                "bactopia-runs/pbptyper/nf-reports/pbptyper-report.html",
                "bactopia-runs/pbptyper/nf-reports/pbptyper-timeline.html"
            ],
            [
                
            ]
        ],
        "timestamp": "2026-07-30T19:23:01.607640403",
        "meta": {
            "nf-test": "0.9.5",
            "nextflow": "26.04.0"
        }
    }
}