{
    "kraken2 - module - SRR2838702 - path": {
        "content": [
            {
                "id": "SRR2838702-KRAKEN2",
                "logs_dir": "SRR2838702/tools/kraken2/logs/",
                "name": "SRR2838702",
                "output_dir": "SRR2838702/tools/kraken2",
                "process_name": "kraken2",
                "scope": "sample",
                "single_end": false
            },
            [
                "versions.yml:md5,d4763c91677a2c1d143fd4afd6ee8c4c"
            ]
        ],
        "timestamp": "2026-07-29T01:32:39.700156655",
        "meta": {
            "nf-test": "0.9.5",
            "nextflow": "26.04.0"
        }
    },
    "kraken2 - module - SRR2838702 - tarball": {
        "content": [
            {
                "id": "SRR2838702-KRAKEN2",
                "logs_dir": "SRR2838702/tools/kraken2/logs/",
                "name": "SRR2838702",
                "output_dir": "SRR2838702/tools/kraken2",
                "process_name": "kraken2",
                "scope": "sample",
                "single_end": false
            },
            [
                "versions.yml:md5,d4763c91677a2c1d143fd4afd6ee8c4c"
            ]
        ],
        "timestamp": "2026-07-29T01:29:02.901636556",
        "meta": {
            "nf-test": "0.9.5",
            "nextflow": "26.04.0"
        }
    }
}