{
    "kraken2 - module - SRR2838702 - path": {
        "content": [
            {
                "id": "SRR2838702-KRAKEN2",
                "logs_dir": "SRR2838702/tools/kraken2/logs/",
                "name": "SRR2838702",
                "output_dir": "SRR2838702/tools/kraken2",
                "process_name": "kraken2",
                "scope": "sample",
                "single_end": false
            },
            [
                "versions.yml:md5,f9292e3762a8b98912643f1c044b07f2"
            ]
        ],
        "timestamp": "2026-03-25T17:17:43.211186676",
        "meta": {
            "nf-test": "0.9.4",
            "nextflow": "26.01.0"
        }
    },
    "kraken2 - module - SRR2838702 - tarball": {
        "content": [
            {
                "id": "SRR2838702-KRAKEN2",
                "logs_dir": "SRR2838702/tools/kraken2/logs/",
                "name": "SRR2838702",
                "output_dir": "SRR2838702/tools/kraken2",
                "process_name": "kraken2",
                "scope": "sample",
                "single_end": false
            },
            [
                "versions.yml:md5,f9292e3762a8b98912643f1c044b07f2"
            ]
        ],
        "timestamp": "2026-03-25T17:14:17.808315029",
        "meta": {
            "nf-test": "0.9.4",
            "nextflow": "26.01.0"
        }
    }
}