{
    "snpdists - module - portiera": {
        "content": [
            {
                "id": "portiera-snpdists",
                "logs_dir": "snpdists/logs/",
                "name": "portiera",
                "output_dir": "",
                "process_name": "snpdists",
                "scope": "run"
            },
            "portiera.tsv:md5,b9e6a08136215a15591b7f29880e50c2",
            [
                "versions.yml:md5,944b6ecf9bf11c38b608ae08b36d5e2d"
            ]
        ],
        "timestamp": "2026-03-31T20:16:43.730181827",
        "meta": {
            "nf-test": "0.9.5",
            "nextflow": "26.01.0"
        }
    }
}