{
    "Genotyphi - SRR2838702|portiera|compressed_fastq": {
        "content": [
            0,
            [
                "bactopia-runs",
                "bactopia-runs/genotyphi",
                "bactopia-runs/genotyphi/nf-reports",
                "bactopia-runs/genotyphi/nf-reports/genotyphi-dag.dot",
                "bactopia-runs/genotyphi/nf-reports/genotyphi-report.html",
                "bactopia-runs/genotyphi/nf-reports/genotyphi-timeline.html"
            ],
            [
                
            ]
        ],
        "timestamp": "2026-03-11T05:55:32.592585463",
        "meta": {
            "nf-test": "0.9.4",
            "nextflow": "26.01.0"
        }
    }
}