{
    "abricate - subworkflow - SRR2838702": {
        "content": [
            {
                "id": "SRR2838702-ABRICATE:ABRICATE_RUN",
                "logs_dir": "SRR2838702/tools/abricate/ncbi/logs/",
                "name": "SRR2838702",
                "output_dir": "SRR2838702/tools/abricate/ncbi",
                "process_name": "abricate",
                "scope": "sample"
            },
            "SRR2838702.tsv:md5,69af3321b0bc808b7ef85f102395736f",
            [
                "versions.yml:md5,560833e611613540427bf97dc53d156b"
            ],
            {
                "id": "abricate-ncbi-ABRICATE:ABRICATE_SUMMARY",
                "logs_dir": "merged-results/logs/abricate-concat/ncbi",
                "name": "abricate-ncbi",
                "output_dir": "merged-results",
                "process_name": "merged-results",
                "scope": "run"
            },
            "abricate-ncbi.tsv:md5,e8391c1a2090cde184f6e350c0c3db30",
            [
                [
                    "abricate-ncbi.tsv:md5,e8391c1a2090cde184f6e350c0c3db30"
                ]
            ],
            [
                "versions.yml:md5,ff232e321a8b2b91adefba9a7b05d823"
            ]
        ],
        "timestamp": "2026-03-31T14:22:36.992649385",
        "meta": {
            "nf-test": "0.9.5",
            "nextflow": "26.01.0"
        }
    }
}