{
    "phispy - subworkflow - GCF_900478275": {
        "content": [
            {
                "id": "GCF_900478275-PHISPY:PHISPY_MODULE",
                "logs_dir": "GCF_900478275/tools/phispy//logs/",
                "name": "GCF_900478275",
                "output_dir": "GCF_900478275/tools/phispy/",
                "process_name": "phispy",
                "scope": "sample"
            },
            [
                "versions.yml:md5,6487fa342391eda548b492a099ee91ed"
            ],
            {
                "id": "phispy-PHISPY:CSVTK_CONCAT",
                "logs_dir": "merged-results/logs/phispy-concat/",
                "name": "phispy",
                "output_dir": "merged-results",
                "process_name": "phispy-concat",
                "scope": "run"
            },
            [
                "versions.yml:md5,07d57bb6615d099e188c1aad39da5c83"
            ]
        ],
        "timestamp": "2026-04-14T10:12:59.956831182",
        "meta": {
            "nf-test": "0.9.5",
            "nextflow": "26.03.1"
        }
    }
}