{
    "checkm - subworkflow - GCF_000292685": {
        "content": [
            {
                "id": "GCF_000292685-CHECKM:CHECKM_LINEAGEWF",
                "logs_dir": "GCF_000292685/tools/checkm//logs/",
                "name": "GCF_000292685",
                "output_dir": "GCF_000292685/tools/checkm/",
                "process_name": "checkm",
                "scope": "sample"
            },
            "GCF_000292685.tsv:md5,3a76623c675e0e6e12a987da198c6f5d",
            [
                "versions.yml:md5,a7ddd067ec3e18f6db31f3c12f9e5059"
            ],
            {
                "id": "checkm-CHECKM:CSVTK_CONCAT",
                "logs_dir": "merged-results/logs/checkm-concat/",
                "name": "checkm",
                "output_dir": "merged-results",
                "process_name": null,
                "scope": "run"
            },
            [
                "versions.yml:md5,9f9cdf7e89a396b859a6aec91820283a"
            ]
        ],
        "timestamp": "2026-03-24T19:55:18.542136669",
        "meta": {
            "nf-test": "0.9.4",
            "nextflow": "26.01.0"
        }
    }
}