{
    "sistr - module - GCF_016028495 - uncompressed": {
        "content": [
            {
                "id": "GCF_016028495-SISTR",
                "logs_dir": "GCF_016028495/tools/sistr//logs/",
                "name": "GCF_016028495",
                "output_dir": "GCF_016028495/tools/sistr/",
                "process_name": "sistr",
                "scope": "sample"
            },
            [
                "versions.yml:md5,9cd2b041e26756435a56098355b5a2ca"
            ]
        ],
        "timestamp": "2026-04-08T20:05:57.806051456",
        "meta": {
            "nf-test": "0.9.5",
            "nextflow": "26.03.1"
        }
    },
    "sistr - module - GCF_016028495 - compressed": {
        "content": [
            {
                "id": "GCF_016028495-SISTR",
                "logs_dir": "GCF_016028495/tools/sistr//logs/",
                "name": "GCF_016028495",
                "output_dir": "GCF_016028495/tools/sistr/",
                "process_name": "sistr",
                "scope": "sample"
            },
            [
                "versions.yml:md5,9cd2b041e26756435a56098355b5a2ca"
            ]
        ],
        "timestamp": "2026-04-08T20:06:21.807014862",
        "meta": {
            "nf-test": "0.9.5",
            "nextflow": "26.03.1"
        }
    }
}