{
    "assembler - module - hybrid": {
        "content": [
            {
                "genome_size": 350000,
                "id": "output-ASSEMBLER",
                "logs_dir": "output/main/assembler//logs/",
                "name": "output",
                "output_dir": "output/main/assembler/",
                "process_name": "assembler",
                "runtype": "hybrid",
                "scope": "sample",
                "single_end": false,
                "species": "Portiera aleyrodidarum"
            },
            [
                "versions.yml:md5,278ebf6d69552124610809b2ea1520fa"
            ]
        ],
        "timestamp": "2026-07-29T01:43:03.413255267",
        "meta": {
            "nf-test": "0.9.5",
            "nextflow": "26.04.0"
        }
    },
    "assembler - module - long-read - raven": {
        "content": [
            {
                "genome_size": 350000,
                "id": "output-ASSEMBLER",
                "logs_dir": "output/main/assembler//logs/",
                "name": "output",
                "output_dir": "output/main/assembler/",
                "process_name": "assembler",
                "runtype": "ont",
                "scope": "sample",
                "single_end": true,
                "species": "Portiera aleyrodidarum"
            },
            [
                "versions.yml:md5,278ebf6d69552124610809b2ea1520fa"
            ]
        ],
        "timestamp": "2026-07-29T01:47:26.293537587",
        "meta": {
            "nf-test": "0.9.5",
            "nextflow": "26.04.0"
        }
    },
    "assembler - module - paired-end - spades": {
        "content": [
            {
                "genome_size": 350000,
                "id": "output-ASSEMBLER",
                "logs_dir": "output/main/assembler//logs/",
                "name": "output",
                "output_dir": "output/main/assembler/",
                "process_name": "assembler",
                "runtype": "paired-end",
                "scope": "sample",
                "single_end": false,
                "species": "Portiera aleyrodidarum"
            },
            [
                "versions.yml:md5,278ebf6d69552124610809b2ea1520fa"
            ]
        ],
        "timestamp": "2026-07-29T01:46:59.67652929",
        "meta": {
            "nf-test": "0.9.5",
            "nextflow": "26.04.0"
        }
    },
    "assembler - module - short_polish": {
        "content": [
            {
                "genome_size": 350000,
                "id": "output-ASSEMBLER",
                "logs_dir": "output/main/assembler//logs/",
                "name": "output",
                "output_dir": "output/main/assembler/",
                "process_name": "assembler",
                "runtype": "short_polish",
                "scope": "sample",
                "single_end": true,
                "species": "Portiera aleyrodidarum"
            },
            [
                "versions.yml:md5,278ebf6d69552124610809b2ea1520fa"
            ]
        ],
        "timestamp": "2026-07-29T01:45:27.327994741",
        "meta": {
            "nf-test": "0.9.5",
            "nextflow": "26.04.0"
        }
    },
    "assembler - module - paired-end - megahit": {
        "content": [
            {
                "genome_size": 350000,
                "id": "output-ASSEMBLER",
                "logs_dir": "output/main/assembler//logs/",
                "name": "output",
                "output_dir": "output/main/assembler/",
                "process_name": "assembler",
                "runtype": "paired-end",
                "scope": "sample",
                "single_end": false,
                "species": "Portiera aleyrodidarum"
            },
            [
                "versions.yml:md5,278ebf6d69552124610809b2ea1520fa"
            ]
        ],
        "timestamp": "2026-07-29T01:45:57.813478176",
        "meta": {
            "nf-test": "0.9.5",
            "nextflow": "26.04.0"
        }
    },
    "assembler - module - paired-end": {
        "content": [
            {
                "genome_size": 350000,
                "id": "output-ASSEMBLER",
                "logs_dir": "output/main/assembler//logs/",
                "name": "output",
                "output_dir": "output/main/assembler/",
                "process_name": "assembler",
                "runtype": "paired-end",
                "scope": "sample",
                "single_end": false,
                "species": "Portiera aleyrodidarum"
            },
            [
                "versions.yml:md5,278ebf6d69552124610809b2ea1520fa"
            ]
        ],
        "timestamp": "2026-07-29T01:30:53.217753604",
        "meta": {
            "nf-test": "0.9.5",
            "nextflow": "26.04.0"
        }
    },
    "assembler - module - single-end": {
        "content": [
            {
                "genome_size": 350000,
                "id": "output-ASSEMBLER",
                "logs_dir": "output/main/assembler//logs/",
                "name": "output",
                "output_dir": "output/main/assembler/",
                "process_name": "assembler",
                "runtype": "single-end",
                "scope": "sample",
                "single_end": true,
                "species": "Portiera aleyrodidarum"
            },
            [
                "versions.yml:md5,278ebf6d69552124610809b2ea1520fa"
            ]
        ],
        "timestamp": "2026-07-29T01:31:33.844573405",
        "meta": {
            "nf-test": "0.9.5",
            "nextflow": "26.04.0"
        }
    },
    "assembler - module - long-read": {
        "content": [
            {
                "genome_size": 350000,
                "id": "output-ASSEMBLER",
                "logs_dir": "output/main/assembler//logs/",
                "name": "output",
                "output_dir": "output/main/assembler/",
                "process_name": "assembler",
                "runtype": "ont",
                "scope": "sample",
                "single_end": true,
                "species": "Portiera aleyrodidarum"
            },
            [
                "versions.yml:md5,278ebf6d69552124610809b2ea1520fa"
            ]
        ],
        "timestamp": "2026-07-29T01:35:24.570380526",
        "meta": {
            "nf-test": "0.9.5",
            "nextflow": "26.04.0"
        }
    }
}