{
    "assembler - module - hybrid": {
        "content": [
            {
                "genome_size": 350000,
                "id": "output-ASSEMBLER",
                "logs_dir": "output/main/assembler//logs/",
                "name": "output",
                "output_dir": "output/main/assembler/",
                "process_name": "assembler",
                "runtype": "hybrid",
                "scope": "sample",
                "single_end": false,
                "species": "Portiera aleyrodidarum"
            },
            [
                "versions.yml:md5,1994edd423cce6275472b40a7ec7499e"
            ]
        ],
        "timestamp": "2026-03-31T20:29:06.198286416",
        "meta": {
            "nf-test": "0.9.5",
            "nextflow": "26.01.0"
        }
    },
    "assembler - module - long-read - raven": {
        "content": [
            {
                "genome_size": 350000,
                "id": "output-ASSEMBLER",
                "logs_dir": "output/main/assembler//logs/",
                "name": "output",
                "output_dir": "output/main/assembler/",
                "process_name": "assembler",
                "runtype": "ont",
                "scope": "sample",
                "single_end": true,
                "species": "Portiera aleyrodidarum"
            },
            [
                "versions.yml:md5,1994edd423cce6275472b40a7ec7499e"
            ]
        ],
        "timestamp": "2026-03-31T20:32:50.912035712",
        "meta": {
            "nf-test": "0.9.5",
            "nextflow": "26.01.0"
        }
    },
    "assembler - module - paired-end - spades": {
        "content": [
            {
                "genome_size": 350000,
                "id": "output-ASSEMBLER",
                "logs_dir": "output/main/assembler//logs/",
                "name": "output",
                "output_dir": "output/main/assembler/",
                "process_name": "assembler",
                "runtype": "paired-end",
                "scope": "sample",
                "single_end": false,
                "species": "Portiera aleyrodidarum"
            },
            [
                "versions.yml:md5,1994edd423cce6275472b40a7ec7499e"
            ]
        ],
        "timestamp": "2026-03-31T20:32:34.295373177",
        "meta": {
            "nf-test": "0.9.5",
            "nextflow": "26.01.0"
        }
    },
    "assembler - module - short_polish": {
        "content": [
            {
                "genome_size": 350000,
                "id": "output-ASSEMBLER",
                "logs_dir": "output/main/assembler//logs/",
                "name": "output",
                "output_dir": "output/main/assembler/",
                "process_name": "assembler",
                "runtype": "short_polish",
                "scope": "sample",
                "single_end": true,
                "species": "Portiera aleyrodidarum"
            },
            [
                "versions.yml:md5,1994edd423cce6275472b40a7ec7499e"
            ]
        ],
        "timestamp": "2026-03-31T20:31:21.746018587",
        "meta": {
            "nf-test": "0.9.5",
            "nextflow": "26.01.0"
        }
    },
    "assembler - module - paired-end - megahit": {
        "content": [
            {
                "genome_size": 350000,
                "id": "output-ASSEMBLER",
                "logs_dir": "output/main/assembler//logs/",
                "name": "output",
                "output_dir": "output/main/assembler/",
                "process_name": "assembler",
                "runtype": "paired-end",
                "scope": "sample",
                "single_end": false,
                "species": "Portiera aleyrodidarum"
            },
            [
                "versions.yml:md5,1994edd423cce6275472b40a7ec7499e"
            ]
        ],
        "timestamp": "2026-03-31T20:31:48.353490128",
        "meta": {
            "nf-test": "0.9.5",
            "nextflow": "26.01.0"
        }
    },
    "assembler - module - paired-end": {
        "content": [
            {
                "genome_size": 350000,
                "id": "output-ASSEMBLER",
                "logs_dir": "output/main/assembler//logs/",
                "name": "output",
                "output_dir": "output/main/assembler/",
                "process_name": "assembler",
                "runtype": "paired-end",
                "scope": "sample",
                "single_end": false,
                "species": "Portiera aleyrodidarum"
            },
            [
                "versions.yml:md5,1994edd423cce6275472b40a7ec7499e"
            ]
        ],
        "timestamp": "2026-03-31T20:18:05.577173939",
        "meta": {
            "nf-test": "0.9.5",
            "nextflow": "26.01.0"
        }
    },
    "assembler - module - single-end": {
        "content": [
            {
                "genome_size": 350000,
                "id": "output-ASSEMBLER",
                "logs_dir": "output/main/assembler//logs/",
                "name": "output",
                "output_dir": "output/main/assembler/",
                "process_name": "assembler",
                "runtype": "single-end",
                "scope": "sample",
                "single_end": true,
                "species": "Portiera aleyrodidarum"
            },
            [
                "versions.yml:md5,1994edd423cce6275472b40a7ec7499e"
            ]
        ],
        "timestamp": "2026-03-31T20:18:46.16013977",
        "meta": {
            "nf-test": "0.9.5",
            "nextflow": "26.01.0"
        }
    },
    "assembler - module - long-read": {
        "content": [
            {
                "genome_size": 350000,
                "id": "output-ASSEMBLER",
                "logs_dir": "output/main/assembler//logs/",
                "name": "output",
                "output_dir": "output/main/assembler/",
                "process_name": "assembler",
                "runtype": "ont",
                "scope": "sample",
                "single_end": true,
                "species": "Portiera aleyrodidarum"
            },
            [
                "versions.yml:md5,1994edd423cce6275472b40a7ec7499e"
            ]
        ],
        "timestamp": "2026-03-31T20:22:09.233033985",
        "meta": {
            "nf-test": "0.9.5",
            "nextflow": "26.01.0"
        }
    }
}