{
    "assembler - module - hybrid": {
        "content": [
            {
                "genome_size": 350000,
                "id": "output-ASSEMBLER",
                "logs_dir": "output/main/assembler//logs/",
                "name": "output",
                "output_dir": "output/main/assembler/",
                "process_name": "assembler",
                "runtype": "hybrid",
                "scope": "sample",
                "single_end": false,
                "species": "Portiera aleyrodidarum"
            },
            [
                "versions.yml:md5,1994edd423cce6275472b40a7ec7499e"
            ]
        ],
        "timestamp": "2026-03-31T14:34:47.000290735",
        "meta": {
            "nf-test": "0.9.5",
            "nextflow": "26.01.0"
        }
    },
    "assembler - module - long-read - raven": {
        "content": [
            {
                "genome_size": 350000,
                "id": "output-ASSEMBLER",
                "logs_dir": "output/main/assembler//logs/",
                "name": "output",
                "output_dir": "output/main/assembler/",
                "process_name": "assembler",
                "runtype": "ont",
                "scope": "sample",
                "single_end": true,
                "species": "Portiera aleyrodidarum"
            },
            [
                "versions.yml:md5,1994edd423cce6275472b40a7ec7499e"
            ]
        ],
        "timestamp": "2026-03-31T14:38:32.585240921",
        "meta": {
            "nf-test": "0.9.5",
            "nextflow": "26.01.0"
        }
    },
    "assembler - module - paired-end - spades": {
        "content": [
            {
                "genome_size": 350000,
                "id": "output-ASSEMBLER",
                "logs_dir": "output/main/assembler//logs/",
                "name": "output",
                "output_dir": "output/main/assembler/",
                "process_name": "assembler",
                "runtype": "paired-end",
                "scope": "sample",
                "single_end": false,
                "species": "Portiera aleyrodidarum"
            },
            [
                "versions.yml:md5,1994edd423cce6275472b40a7ec7499e"
            ]
        ],
        "timestamp": "2026-03-31T14:38:14.516984649",
        "meta": {
            "nf-test": "0.9.5",
            "nextflow": "26.01.0"
        }
    },
    "assembler - module - short_polish": {
        "content": [
            {
                "genome_size": 350000,
                "id": "output-ASSEMBLER",
                "logs_dir": "output/main/assembler//logs/",
                "name": "output",
                "output_dir": "output/main/assembler/",
                "process_name": "assembler",
                "runtype": "short_polish",
                "scope": "sample",
                "single_end": true,
                "species": "Portiera aleyrodidarum"
            },
            [
                "versions.yml:md5,1994edd423cce6275472b40a7ec7499e"
            ]
        ],
        "timestamp": "2026-03-31T14:37:06.824593526",
        "meta": {
            "nf-test": "0.9.5",
            "nextflow": "26.01.0"
        }
    },
    "assembler - module - paired-end - megahit": {
        "content": [
            {
                "genome_size": 350000,
                "id": "output-ASSEMBLER",
                "logs_dir": "output/main/assembler//logs/",
                "name": "output",
                "output_dir": "output/main/assembler/",
                "process_name": "assembler",
                "runtype": "paired-end",
                "scope": "sample",
                "single_end": false,
                "species": "Portiera aleyrodidarum"
            },
            [
                "versions.yml:md5,1994edd423cce6275472b40a7ec7499e"
            ]
        ],
        "timestamp": "2026-03-31T14:37:30.787769393",
        "meta": {
            "nf-test": "0.9.5",
            "nextflow": "26.01.0"
        }
    },
    "assembler - module - paired-end": {
        "content": [
            {
                "genome_size": 350000,
                "id": "output-ASSEMBLER",
                "logs_dir": "output/main/assembler//logs/",
                "name": "output",
                "output_dir": "output/main/assembler/",
                "process_name": "assembler",
                "runtype": "paired-end",
                "scope": "sample",
                "single_end": false,
                "species": "Portiera aleyrodidarum"
            },
            [
                "versions.yml:md5,1994edd423cce6275472b40a7ec7499e"
            ]
        ],
        "timestamp": "2026-03-31T14:23:38.608478297",
        "meta": {
            "nf-test": "0.9.5",
            "nextflow": "26.01.0"
        }
    },
    "assembler - module - single-end": {
        "content": [
            {
                "genome_size": 350000,
                "id": "output-ASSEMBLER",
                "logs_dir": "output/main/assembler//logs/",
                "name": "output",
                "output_dir": "output/main/assembler/",
                "process_name": "assembler",
                "runtype": "single-end",
                "scope": "sample",
                "single_end": true,
                "species": "Portiera aleyrodidarum"
            },
            [
                "versions.yml:md5,1994edd423cce6275472b40a7ec7499e"
            ]
        ],
        "timestamp": "2026-03-31T14:24:19.037291462",
        "meta": {
            "nf-test": "0.9.5",
            "nextflow": "26.01.0"
        }
    },
    "assembler - module - long-read": {
        "content": [
            {
                "genome_size": 350000,
                "id": "output-ASSEMBLER",
                "logs_dir": "output/main/assembler//logs/",
                "name": "output",
                "output_dir": "output/main/assembler/",
                "process_name": "assembler",
                "runtype": "ont",
                "scope": "sample",
                "single_end": true,
                "species": "Portiera aleyrodidarum"
            },
            [
                "versions.yml:md5,1994edd423cce6275472b40a7ec7499e"
            ]
        ],
        "timestamp": "2026-03-31T14:28:32.098382151",
        "meta": {
            "nf-test": "0.9.5",
            "nextflow": "26.01.0"
        }
    }
}