{
    "abriTAMR - GCF_001682305|escherichia_coli_mcr1|compressed_fasta": {
        "content": [
            0,
            [
                "bactopia-runs",
                "bactopia-runs/abritamr",
                "bactopia-runs/abritamr/nf-reports",
                "bactopia-runs/abritamr/nf-reports/abritamr-dag.dot",
                "bactopia-runs/abritamr/nf-reports/abritamr-report.html",
                "bactopia-runs/abritamr/nf-reports/abritamr-timeline.html"
            ],
            [
                
            ]
        ],
        "timestamp": "2026-03-11T05:55:27.661962417",
        "meta": {
            "nf-test": "0.9.4",
            "nextflow": "26.01.0"
        }
    }
}