{
    "blastn (single-gene.ffn.gz|--blastn_use_genes) - SRR2838702|portiera|blastdb": {
        "content": [
            2,
            [
                "SRR2838702",
                "SRR2838702/tools",
                "SRR2838702/tools/blastn",
                "SRR2838702/tools/blastn/SRR2838702.blastn.tsv",
                "SRR2838702/tools/blastn/logs",
                "SRR2838702/tools/blastn/logs/nf.command.begin",
                "SRR2838702/tools/blastn/logs/nf.command.err",
                "SRR2838702/tools/blastn/logs/nf.command.log",
                "SRR2838702/tools/blastn/logs/nf.command.out",
                "SRR2838702/tools/blastn/logs/nf.command.run",
                "SRR2838702/tools/blastn/logs/nf.command.sh",
                "SRR2838702/tools/blastn/logs/nf.command.trace",
                "SRR2838702/tools/blastn/logs/versions.yml",
                "bactopia-runs",
                "bactopia-runs/blastn",
                "bactopia-runs/blastn/merged-results",
                "bactopia-runs/blastn/merged-results/blastn.tsv",
                "bactopia-runs/blastn/merged-results/logs",
                "bactopia-runs/blastn/merged-results/logs/blastn-concat",
                "bactopia-runs/blastn/merged-results/logs/blastn-concat/nf.command.begin",
                "bactopia-runs/blastn/merged-results/logs/blastn-concat/nf.command.err",
                "bactopia-runs/blastn/merged-results/logs/blastn-concat/nf.command.log",
                "bactopia-runs/blastn/merged-results/logs/blastn-concat/nf.command.out",
                "bactopia-runs/blastn/merged-results/logs/blastn-concat/nf.command.run",
                "bactopia-runs/blastn/merged-results/logs/blastn-concat/nf.command.sh",
                "bactopia-runs/blastn/merged-results/logs/blastn-concat/nf.command.trace",
                "bactopia-runs/blastn/merged-results/logs/blastn-concat/versions.yml",
                "bactopia-runs/blastn/nf-reports",
                "bactopia-runs/blastn/nf-reports/blastn-dag.dot",
                "bactopia-runs/blastn/nf-reports/blastn-report.html",
                "bactopia-runs/blastn/nf-reports/blastn-timeline.html"
            ],
            [
                "SRR2838702.blastn.tsv:md5,a406304d4ab94f5fdb800dd485f22c62",
                "versions.yml:md5,c69750e6e0487ff9e9f1e40408c48d90",
                "blastn.tsv:md5,a406304d4ab94f5fdb800dd485f22c62",
                "versions.yml:md5,83da7e0cc2656aa0959a8b41dc452417"
            ]
        ],
        "timestamp": "2026-03-28T06:57:32.968478544",
        "meta": {
            "nf-test": "0.9.5",
            "nextflow": "26.01.0"
        }
    },
    "blastn (single-gene.ffn.gz) - SRR2838702|portiera|blastdb": {
        "content": [
            2,
            [
                "SRR2838702",
                "SRR2838702/tools",
                "SRR2838702/tools/blastn",
                "SRR2838702/tools/blastn/SRR2838702.blastn.tsv",
                "SRR2838702/tools/blastn/logs",
                "SRR2838702/tools/blastn/logs/nf.command.begin",
                "SRR2838702/tools/blastn/logs/nf.command.err",
                "SRR2838702/tools/blastn/logs/nf.command.log",
                "SRR2838702/tools/blastn/logs/nf.command.out",
                "SRR2838702/tools/blastn/logs/nf.command.run",
                "SRR2838702/tools/blastn/logs/nf.command.sh",
                "SRR2838702/tools/blastn/logs/nf.command.trace",
                "SRR2838702/tools/blastn/logs/versions.yml",
                "bactopia-runs",
                "bactopia-runs/blastn",
                "bactopia-runs/blastn/merged-results",
                "bactopia-runs/blastn/merged-results/blastn.tsv",
                "bactopia-runs/blastn/merged-results/logs",
                "bactopia-runs/blastn/merged-results/logs/blastn-concat",
                "bactopia-runs/blastn/merged-results/logs/blastn-concat/nf.command.begin",
                "bactopia-runs/blastn/merged-results/logs/blastn-concat/nf.command.err",
                "bactopia-runs/blastn/merged-results/logs/blastn-concat/nf.command.log",
                "bactopia-runs/blastn/merged-results/logs/blastn-concat/nf.command.out",
                "bactopia-runs/blastn/merged-results/logs/blastn-concat/nf.command.run",
                "bactopia-runs/blastn/merged-results/logs/blastn-concat/nf.command.sh",
                "bactopia-runs/blastn/merged-results/logs/blastn-concat/nf.command.trace",
                "bactopia-runs/blastn/merged-results/logs/blastn-concat/versions.yml",
                "bactopia-runs/blastn/nf-reports",
                "bactopia-runs/blastn/nf-reports/blastn-dag.dot",
                "bactopia-runs/blastn/nf-reports/blastn-report.html",
                "bactopia-runs/blastn/nf-reports/blastn-timeline.html"
            ],
            [
                "SRR2838702.blastn.tsv:md5,80ff87e166d71b183d6324ad9ddb1bbc",
                "versions.yml:md5,c69750e6e0487ff9e9f1e40408c48d90",
                "blastn.tsv:md5,80ff87e166d71b183d6324ad9ddb1bbc",
                "versions.yml:md5,83da7e0cc2656aa0959a8b41dc452417"
            ]
        ],
        "timestamp": "2026-03-28T06:54:55.123285815",
        "meta": {
            "nf-test": "0.9.5",
            "nextflow": "26.01.0"
        }
    },
    "blastn (single-gene.ffn) - SRR2838702|portiera|blastdb": {
        "content": [
            2,
            [
                "SRR2838702",
                "SRR2838702/tools",
                "SRR2838702/tools/blastn",
                "SRR2838702/tools/blastn/SRR2838702.blastn.tsv",
                "SRR2838702/tools/blastn/logs",
                "SRR2838702/tools/blastn/logs/nf.command.begin",
                "SRR2838702/tools/blastn/logs/nf.command.err",
                "SRR2838702/tools/blastn/logs/nf.command.log",
                "SRR2838702/tools/blastn/logs/nf.command.out",
                "SRR2838702/tools/blastn/logs/nf.command.run",
                "SRR2838702/tools/blastn/logs/nf.command.sh",
                "SRR2838702/tools/blastn/logs/nf.command.trace",
                "SRR2838702/tools/blastn/logs/versions.yml",
                "bactopia-runs",
                "bactopia-runs/blastn",
                "bactopia-runs/blastn/merged-results",
                "bactopia-runs/blastn/merged-results/blastn.tsv",
                "bactopia-runs/blastn/merged-results/logs",
                "bactopia-runs/blastn/merged-results/logs/blastn-concat",
                "bactopia-runs/blastn/merged-results/logs/blastn-concat/nf.command.begin",
                "bactopia-runs/blastn/merged-results/logs/blastn-concat/nf.command.err",
                "bactopia-runs/blastn/merged-results/logs/blastn-concat/nf.command.log",
                "bactopia-runs/blastn/merged-results/logs/blastn-concat/nf.command.out",
                "bactopia-runs/blastn/merged-results/logs/blastn-concat/nf.command.run",
                "bactopia-runs/blastn/merged-results/logs/blastn-concat/nf.command.sh",
                "bactopia-runs/blastn/merged-results/logs/blastn-concat/nf.command.trace",
                "bactopia-runs/blastn/merged-results/logs/blastn-concat/versions.yml",
                "bactopia-runs/blastn/nf-reports",
                "bactopia-runs/blastn/nf-reports/blastn-dag.dot",
                "bactopia-runs/blastn/nf-reports/blastn-report.html",
                "bactopia-runs/blastn/nf-reports/blastn-timeline.html"
            ],
            [
                "SRR2838702.blastn.tsv:md5,80ff87e166d71b183d6324ad9ddb1bbc",
                "versions.yml:md5,c69750e6e0487ff9e9f1e40408c48d90",
                "blastn.tsv:md5,80ff87e166d71b183d6324ad9ddb1bbc",
                "versions.yml:md5,83da7e0cc2656aa0959a8b41dc452417"
            ]
        ],
        "timestamp": "2026-03-28T06:58:11.797270024",
        "meta": {
            "nf-test": "0.9.5",
            "nextflow": "26.01.0"
        }
    }
}