{
    "DefenseFinder - SRR2838702|portiera|compressed_fasta": {
        "content": [
            0,
            [
                "bactopia-runs",
                "bactopia-runs/defensefinder",
                "bactopia-runs/defensefinder/nf-reports",
                "bactopia-runs/defensefinder/nf-reports/defensefinder-dag.dot",
                "bactopia-runs/defensefinder/nf-reports/defensefinder-report.html",
                "bactopia-runs/defensefinder/nf-reports/defensefinder-timeline.html"
            ],
            [
                
            ]
        ],
        "timestamp": "2026-03-11T05:55:32.374245919",
        "meta": {
            "nf-test": "0.9.4",
            "nextflow": "26.01.0"
        }
    }
}