{
    "rgi - module - GCF_900478275": {
        "content": [
            {
                "id": "GCF_900478275-RGI_MAIN",
                "logs_dir": "GCF_900478275/tools/rgi_main//logs/",
                "name": "GCF_900478275",
                "output_dir": "GCF_900478275/tools/rgi_main/",
                "process_name": "rgi_main",
                "scope": "sample"
            },
            "GCF_900478275.tsv:md5,9dd0afe6946da9c6608e775f954813a1",
            [
                "versions.yml:md5,05dc31bdfb77fca95ad95c899ac55679"
            ]
        ],
        "timestamp": "2026-07-30T19:03:51.30412458",
        "meta": {
            "nf-test": "0.9.5",
            "nextflow": "26.04.0"
        }
    },
    "rgi - module - GCF_900478275 - include_nudge": {
        "content": [
            {
                "id": "GCF_900478275-RGI_MAIN",
                "logs_dir": "GCF_900478275/tools/rgi_main//logs/",
                "name": "GCF_900478275",
                "output_dir": "GCF_900478275/tools/rgi_main/",
                "process_name": "rgi_main",
                "scope": "sample"
            },
            "GCF_900478275.tsv:md5,9dd0afe6946da9c6608e775f954813a1",
            [
                "versions.yml:md5,05dc31bdfb77fca95ad95c899ac55679"
            ]
        ],
        "timestamp": "2026-07-30T19:06:21.639037039",
        "meta": {
            "nf-test": "0.9.5",
            "nextflow": "26.04.0"
        }
    },
    "rgi - module - GCA_000027305": {
        "content": [
            {
                "id": "GCA_000027305-RGI_MAIN",
                "logs_dir": "GCA_000027305/tools/rgi_main//logs/",
                "name": "GCA_000027305",
                "output_dir": "GCA_000027305/tools/rgi_main/",
                "process_name": "rgi_main",
                "scope": "sample"
            },
            "GCA_000027305.tsv:md5,9af9b3e370a908d6b86a21c2cecad254",
            [
                "versions.yml:md5,05dc31bdfb77fca95ad95c899ac55679"
            ]
        ],
        "timestamp": "2026-07-30T19:05:05.837709411",
        "meta": {
            "nf-test": "0.9.5",
            "nextflow": "26.04.0"
        }
    }
}