{
    "mcroni - subworkflow - GCF_001682305": {
        "content": [
            {
                "id": "GCF_001682305-MCRONI:MCRONI_MODULE",
                "logs_dir": "GCF_001682305/tools/mcroni//logs/",
                "name": "GCF_001682305",
                "output_dir": "GCF_001682305/tools/mcroni/",
                "process_name": "mcroni",
                "scope": "sample"
            },
            "GCF_001682305.tsv:md5,c5459d2965dfafe22f173023d0c35610",
            "GCF_001682305.fasta:md5,819b782ce2704d08e9cd4a43370e86c9",
            [
                "versions.yml:md5,f5904efa58b9d7434ff3687bf3220344"
            ],
            {
                "id": "mcroni-MCRONI:CSVTK_CONCAT",
                "logs_dir": "merged-results/logs/mcroni-concat/",
                "name": "mcroni",
                "output_dir": "merged-results",
                "process_name": null,
                "scope": "run"
            },
            [
                "versions.yml:md5,6eecf339ecef6511e62beca33a4b3fc6"
            ]
        ],
        "timestamp": "2026-03-22T07:07:53.411435915",
        "meta": {
            "nf-test": "0.9.4",
            "nextflow": "26.01.0"
        }
    }
}