{
    "QUAST - SRR2838702|portiera|compressed_fasta": {
        "content": [
            2,
            [
                "SRR2838702",
                "SRR2838702/tools",
                "SRR2838702/tools/quast",
                "SRR2838702/tools/quast/SRR2838702.tsv",
                "SRR2838702/tools/quast/logs",
                "SRR2838702/tools/quast/logs/nf.command.begin",
                "SRR2838702/tools/quast/logs/nf.command.err",
                "SRR2838702/tools/quast/logs/nf.command.log",
                "SRR2838702/tools/quast/logs/nf.command.out",
                "SRR2838702/tools/quast/logs/nf.command.run",
                "SRR2838702/tools/quast/logs/nf.command.sh",
                "SRR2838702/tools/quast/logs/nf.command.trace",
                "SRR2838702/tools/quast/logs/quast.log",
                "SRR2838702/tools/quast/logs/versions.yml",
                "SRR2838702/tools/quast/supplemental",
                "SRR2838702/tools/quast/supplemental/basic_stats",
                "SRR2838702/tools/quast/supplemental/basic_stats/GC_content_plot.pdf",
                "SRR2838702/tools/quast/supplemental/basic_stats/NGx_plot.pdf",
                "SRR2838702/tools/quast/supplemental/basic_stats/Nx_plot.pdf",
                "SRR2838702/tools/quast/supplemental/basic_stats/SRR2838702_GC_content_plot.pdf",
                "SRR2838702/tools/quast/supplemental/basic_stats/cumulative_plot.pdf",
                "SRR2838702/tools/quast/supplemental/icarus.html",
                "SRR2838702/tools/quast/supplemental/icarus_viewers",
                "SRR2838702/tools/quast/supplemental/icarus_viewers/contig_size_viewer.html",
                "SRR2838702/tools/quast/supplemental/predicted_genes",
                "SRR2838702/tools/quast/supplemental/predicted_genes/SRR2838702_glimmer.stderr",
                "SRR2838702/tools/quast/supplemental/predicted_genes/SRR2838702_glimmer_genes.gff",
                "SRR2838702/tools/quast/supplemental/report.html",
                "SRR2838702/tools/quast/supplemental/report.pdf",
                "SRR2838702/tools/quast/supplemental/report.tex",
                "SRR2838702/tools/quast/supplemental/report.tsv",
                "SRR2838702/tools/quast/supplemental/report.txt",
                "SRR2838702/tools/quast/supplemental/transposed_report.tex",
                "SRR2838702/tools/quast/supplemental/transposed_report.txt",
                "bactopia-runs",
                "bactopia-runs/quast",
                "bactopia-runs/quast/merged-results",
                "bactopia-runs/quast/merged-results/logs",
                "bactopia-runs/quast/merged-results/logs/quast-concat",
                "bactopia-runs/quast/merged-results/logs/quast-concat/nf.command.begin",
                "bactopia-runs/quast/merged-results/logs/quast-concat/nf.command.err",
                "bactopia-runs/quast/merged-results/logs/quast-concat/nf.command.log",
                "bactopia-runs/quast/merged-results/logs/quast-concat/nf.command.out",
                "bactopia-runs/quast/merged-results/logs/quast-concat/nf.command.run",
                "bactopia-runs/quast/merged-results/logs/quast-concat/nf.command.sh",
                "bactopia-runs/quast/merged-results/logs/quast-concat/nf.command.trace",
                "bactopia-runs/quast/merged-results/logs/quast-concat/versions.yml",
                "bactopia-runs/quast/merged-results/quast.tsv",
                "bactopia-runs/quast/nf-reports",
                "bactopia-runs/quast/nf-reports/quast-dag.dot",
                "bactopia-runs/quast/nf-reports/quast-report.html",
                "bactopia-runs/quast/nf-reports/quast-timeline.html"
            ],
            [
                "SRR2838702.tsv:md5,a02f798379d9982810a198ec9b389079",
                "versions.yml:md5,83128d552544124c01b8b5502f773fc6",
                "SRR2838702_glimmer_genes.gff:md5,36b7926c51f078321f2fd6867a4de85a",
                "report.tex:md5,04c0dc621c59c716c7c99a57c6eba3c6",
                "report.tsv:md5,8c0257e77c7bb49f734e68054cb3fcdc",
                "report.txt:md5,d35e1ed08c41cc6e391297a2885ed278",
                "transposed_report.tex:md5,92a642be48f2ed8e9d45f32aed4713a2",
                "transposed_report.txt:md5,652a64d08ecdfe0b26fd918815575737",
                "versions.yml:md5,f6625779099decc901ee6311371b1230",
                "quast.tsv:md5,a02f798379d9982810a198ec9b389079"
            ]
        ],
        "timestamp": "2026-03-31T20:24:26.481227169",
        "meta": {
            "nf-test": "0.9.5",
            "nextflow": "26.01.0"
        }
    }
}