{
    "ariba - module - SRR2838702": {
        "content": [
            {
                "id": "SRR2838702-ARIBA_RUN",
                "logs_dir": "SRR2838702/tools/ariba/card/logs/card",
                "name": "SRR2838702",
                "output_dir": "SRR2838702/tools/ariba/card",
                "process_name": "ariba",
                "scope": "sample"
            },
            "SRR2838702-report.tsv:md5,5ee10dd85eb51e673a8eb7e07298c69d",
            "SRR2838702-summary.csv:md5,e973fbf0fffdcfc500bfba85549239e4",
            [
                "versions.yml:md5,2d20a87ab1578332cae79c947a52e8f8"
            ]
        ],
        "timestamp": "2026-04-29T11:16:11.163361868",
        "meta": {
            "nf-test": "0.9.5",
            "nextflow": "26.04.0"
        }
    }
}