{
    "FastANI (accession) - haemophilus_influenzae|compressed_fasta": {
        "content": [
            0,
            [
                "bactopia-runs",
                "bactopia-runs/fastani",
                "bactopia-runs/fastani/nf-reports",
                "bactopia-runs/fastani/nf-reports/fastani-dag.dot",
                "bactopia-runs/fastani/nf-reports/fastani-report.html",
                "bactopia-runs/fastani/nf-reports/fastani-timeline.html"
            ],
            [
                
            ]
        ],
        "timestamp": "2026-03-11T05:55:48.728001912",
        "meta": {
            "nf-test": "0.9.4",
            "nextflow": "26.01.0"
        }
    },
    "FastANI (pairwise) - haemophilus_influenzae|compressed_fasta": {
        "content": [
            0,
            [
                "bactopia-runs",
                "bactopia-runs/fastani",
                "bactopia-runs/fastani/nf-reports",
                "bactopia-runs/fastani/nf-reports/fastani-dag.dot",
                "bactopia-runs/fastani/nf-reports/fastani-report.html",
                "bactopia-runs/fastani/nf-reports/fastani-timeline.html"
            ],
            [
                
            ]
        ],
        "timestamp": "2026-03-11T05:55:41.919159378",
        "meta": {
            "nf-test": "0.9.4",
            "nextflow": "26.01.0"
        }
    },
    "FastANI - haemophilus_influenzae|compressed_fasta": {
        "content": [
            0,
            [
                "bactopia-runs",
                "bactopia-runs/fastani",
                "bactopia-runs/fastani/nf-reports",
                "bactopia-runs/fastani/nf-reports/fastani-dag.dot",
                "bactopia-runs/fastani/nf-reports/fastani-report.html",
                "bactopia-runs/fastani/nf-reports/fastani-timeline.html"
            ],
            [
                
            ]
        ],
        "timestamp": "2026-03-11T05:55:29.337234549",
        "meta": {
            "nf-test": "0.9.4",
            "nextflow": "26.01.0"
        }
    }
}