{
    "SeqSero2 - GCF_016028495|salmonella_enterica|compressed_fasta": {
        "content": [
            2,
            [
                "GCF_016028495",
                "GCF_016028495/tools",
                "GCF_016028495/tools/seqsero2",
                "GCF_016028495/tools/seqsero2/GCF_016028495.tsv",
                "GCF_016028495/tools/seqsero2/GCF_016028495.txt",
                "GCF_016028495/tools/seqsero2/logs",
                "GCF_016028495/tools/seqsero2/logs/GCF_016028495.log",
                "GCF_016028495/tools/seqsero2/logs/nf.command.begin",
                "GCF_016028495/tools/seqsero2/logs/nf.command.err",
                "GCF_016028495/tools/seqsero2/logs/nf.command.log",
                "GCF_016028495/tools/seqsero2/logs/nf.command.out",
                "GCF_016028495/tools/seqsero2/logs/nf.command.run",
                "GCF_016028495/tools/seqsero2/logs/nf.command.sh",
                "GCF_016028495/tools/seqsero2/logs/nf.command.trace",
                "GCF_016028495/tools/seqsero2/logs/versions.yml",
                "bactopia-runs",
                "bactopia-runs/seqsero2",
                "bactopia-runs/seqsero2/merged-results",
                "bactopia-runs/seqsero2/merged-results/logs",
                "bactopia-runs/seqsero2/merged-results/logs/seqsero2-concat",
                "bactopia-runs/seqsero2/merged-results/logs/seqsero2-concat/nf.command.begin",
                "bactopia-runs/seqsero2/merged-results/logs/seqsero2-concat/nf.command.err",
                "bactopia-runs/seqsero2/merged-results/logs/seqsero2-concat/nf.command.log",
                "bactopia-runs/seqsero2/merged-results/logs/seqsero2-concat/nf.command.out",
                "bactopia-runs/seqsero2/merged-results/logs/seqsero2-concat/nf.command.run",
                "bactopia-runs/seqsero2/merged-results/logs/seqsero2-concat/nf.command.sh",
                "bactopia-runs/seqsero2/merged-results/logs/seqsero2-concat/nf.command.trace",
                "bactopia-runs/seqsero2/merged-results/logs/seqsero2-concat/versions.yml",
                "bactopia-runs/seqsero2/merged-results/seqsero2.tsv",
                "bactopia-runs/seqsero2/nf-reports",
                "bactopia-runs/seqsero2/nf-reports/seqsero2-dag.dot",
                "bactopia-runs/seqsero2/nf-reports/seqsero2-report.html",
                "bactopia-runs/seqsero2/nf-reports/seqsero2-timeline.html"
            ],
            [
                "versions.yml:md5,546948432a03c1738a33b75c9b45002f",
                "versions.yml:md5,407bddfba34298df26d7fa5880a564e6"
            ]
        ],
        "meta": {
            "nf-test": "0.9.2",
            "nextflow": "25.07.0"
        },
        "timestamp": "2025-09-05T11:09:46.135201184"
    }
}