{
    "genomedl - module - species with limit": {
        "content": [
            {
                "accession": null,
                "id": "genomedl",
                "limit": 1,
                "logs_dir": "genomedl/logs",
                "name": "genomedl",
                "output_dir": "genomedl",
                "process_name": "genomedl",
                "scope": "run",
                "species": "Candidatus Portiera aleyrodidarum"
            },
            [
                "versions.yml:md5,bb83b7d6091b1b7e8a93fba8cc9a3e7d"
            ]
        ],
        "timestamp": "2026-07-28T17:04:12.889654592",
        "meta": {
            "nf-test": "0.9.5",
            "nextflow": "26.04.0"
        }
    },
    "genomedl - module - single accession": {
        "content": [
            {
                "accession": "GCF_000292685",
                "id": "genomedl",
                "limit": 100,
                "logs_dir": "genomedl/logs",
                "name": "genomedl",
                "output_dir": "genomedl",
                "process_name": "genomedl",
                "scope": "run",
                "species": null
            },
            [
                "versions.yml:md5,bb83b7d6091b1b7e8a93fba8cc9a3e7d"
            ]
        ],
        "timestamp": "2026-07-28T17:03:54.906366097",
        "meta": {
            "nf-test": "0.9.5",
            "nextflow": "26.04.0"
        }
    },
    "genomedl - module - accessions file": {
        "content": [
            {
                "accession": null,
                "id": "genomedl",
                "limit": 100,
                "logs_dir": "genomedl/logs",
                "name": "genomedl",
                "output_dir": "genomedl",
                "process_name": "genomedl",
                "scope": "run",
                "species": null
            },
            [
                "versions.yml:md5,bb83b7d6091b1b7e8a93fba8cc9a3e7d"
            ]
        ],
        "timestamp": "2026-07-28T17:04:29.596345709",
        "meta": {
            "nf-test": "0.9.5",
            "nextflow": "26.04.0"
        }
    }
}