{
    "gubbins - module - test - uncompressed": {
        "content": [
            {
                "id": "test-GUBBINS",
                "logs_dir": "gubbins/logs/",
                "name": "test",
                "output_dir": "",
                "process_name": "gubbins",
                "scope": "run"
            },
            "test.masked.aln.gz:md5,0aa89f5b52d36f88d6bbf52b9015a719"
        ],
        "timestamp": "2026-07-30T19:01:52.976881269",
        "meta": {
            "nf-test": "0.9.5",
            "nextflow": "26.04.0"
        }
    },
    "gubbins - module - test - compressed": {
        "content": [
            {
                "id": "test-GUBBINS",
                "logs_dir": "gubbins/logs/",
                "name": "test",
                "output_dir": "",
                "process_name": "gubbins",
                "scope": "run"
            },
            "test.masked.aln.gz:md5,0aa89f5b52d36f88d6bbf52b9015a719"
        ],
        "timestamp": "2026-07-30T19:02:56.185234141",
        "meta": {
            "nf-test": "0.9.5",
            "nextflow": "26.04.0"
        }
    }
}