{
    "clean-yer-reads (with scrubber) - SRR2838702|portiera|compressed_fastq": {
        "content": [
            0,
            [
                "bactopia-runs",
                "bactopia-runs/cleanyerreads",
                "bactopia-runs/cleanyerreads/nf-reports",
                "bactopia-runs/cleanyerreads/nf-reports/cleanyerreads-dag.dot",
                "bactopia-runs/cleanyerreads/nf-reports/cleanyerreads-report.html",
                "bactopia-runs/cleanyerreads/nf-reports/cleanyerreads-timeline.html"
            ],
            [
                
            ]
        ],
        "timestamp": "2026-03-11T05:55:52.211041758",
        "meta": {
            "nf-test": "0.9.4",
            "nextflow": "26.01.0"
        }
    },
    "clean-yer-reads (pe) - SRR2838702|portiera|compressed_fastq": {
        "content": [
            0,
            [
                "bactopia-runs",
                "bactopia-runs/cleanyerreads",
                "bactopia-runs/cleanyerreads/nf-reports",
                "bactopia-runs/cleanyerreads/nf-reports/cleanyerreads-dag.dot",
                "bactopia-runs/cleanyerreads/nf-reports/cleanyerreads-report.html",
                "bactopia-runs/cleanyerreads/nf-reports/cleanyerreads-timeline.html"
            ],
            [
                
            ]
        ],
        "timestamp": "2026-03-11T05:55:44.310609547",
        "meta": {
            "nf-test": "0.9.4",
            "nextflow": "26.01.0"
        }
    }
}